Component: ARM Compiler 5.05 update 1 (build 106) Tool: armlink [4d0efa]

==============================================================================

Section Cross References

    startup_stm32f103xe.o(RESET) refers to startup_stm32f103xe.o(STACK) for __initial_sp
    startup_stm32f103xe.o(RESET) refers to startup_stm32f103xe.o(.text) for Reset_Handler
    startup_stm32f103xe.o(RESET) refers to stm32f1xx_it.o(i.NMI_Handler) for NMI_Handler
    startup_stm32f103xe.o(RESET) refers to stm32f1xx_it.o(i.HardFault_Handler) for HardFault_Handler
    startup_stm32f103xe.o(RESET) refers to stm32f1xx_it.o(i.MemManage_Handler) for MemManage_Handler
    startup_stm32f103xe.o(RESET) refers to stm32f1xx_it.o(i.BusFault_Handler) for BusFault_Handler
    startup_stm32f103xe.o(RESET) refers to stm32f1xx_it.o(i.UsageFault_Handler) for UsageFault_Handler
    startup_stm32f103xe.o(RESET) refers to stm32f1xx_it.o(i.SVC_Handler) for SVC_Handler
    startup_stm32f103xe.o(RESET) refers to stm32f1xx_it.o(i.DebugMon_Handler) for DebugMon_Handler
    startup_stm32f103xe.o(RESET) refers to stm32f1xx_it.o(i.PendSV_Handler) for PendSV_Handler
    startup_stm32f103xe.o(RESET) refers to stm32f1xx_it.o(i.SysTick_Handler) for SysTick_Handler
    startup_stm32f103xe.o(RESET) refers to stm32f1xx_it.o(i.DMA1_Channel4_IRQHandler) for DMA1_Channel4_IRQHandler
    startup_stm32f103xe.o(RESET) refers to stm32f1xx_it.o(i.DMA1_Channel5_IRQHandler) for DMA1_Channel5_IRQHandler
    startup_stm32f103xe.o(RESET) refers to stm32f1xx_it.o(i.USART1_IRQHandler) for USART1_IRQHandler
    startup_stm32f103xe.o(.text) refers to system_stm32f1xx.o(i.SystemInit) for SystemInit
    startup_stm32f103xe.o(.text) refers to entry.o(.ARM.Collect$$$$00000000) for __main
    time.o(i._ZN3ros4Time8fromNSecEl) refers to time.o(i._ZN3ros16normalizeSecNSecERmS0_) for ros::normalizeSecNSec(unsigned long&, unsigned long&)
    time.o(i._ZN3ros4TimemIERKNS_8DurationE) refers to time.o(i._ZN3ros16normalizeSecNSecERmS0_) for ros::normalizeSecNSec(unsigned long&, unsigned long&)
    time.o(i._ZN3ros4TimepLERKNS_8DurationE) refers to time.o(i._ZN3ros16normalizeSecNSecERmS0_) for ros::normalizeSecNSec(unsigned long&, unsigned long&)
    time.o(.ARM.exidx) refers to time.o(i._ZN3ros16normalizeSecNSecERmS0_) for i._ZN3ros16normalizeSecNSecERmS0_
    time.o(.ARM.exidx) refers to time.o(i._ZN3ros4Time8fromNSecEl) for i._ZN3ros4Time8fromNSecEl
    time.o(.ARM.exidx) refers to time.o(i._ZN3ros4TimepLERKNS_8DurationE) for i._ZN3ros4TimepLERKNS_8DurationE
    time.o(.ARM.exidx) refers to time.o(i._ZN3ros4TimemIERKNS_8DurationE) for i._ZN3ros4TimemIERKNS_8DurationE
    duration.o(i._ZN3ros8DurationmIERKS0_) refers to duration.o(i._ZN3ros22normalizeSecNSecSignedERlS0_) for ros::normalizeSecNSecSigned(long&, long&)
    duration.o(i._ZN3ros8DurationmLEd) refers to dflti.o(.text) for __aeabi_i2d
    duration.o(i._ZN3ros8DurationmLEd) refers to dmul.o(.text) for __aeabi_dmul
    duration.o(i._ZN3ros8DurationmLEd) refers to dfixi.o(.text) for __aeabi_d2iz
    duration.o(i._ZN3ros8DurationmLEd) refers to duration.o(i._ZN3ros22normalizeSecNSecSignedERlS0_) for ros::normalizeSecNSecSigned(long&, long&)
    duration.o(i._ZN3ros8DurationpLERKS0_) refers to duration.o(i._ZN3ros22normalizeSecNSecSignedERlS0_) for ros::normalizeSecNSecSigned(long&, long&)
    duration.o(.ARM.exidx) refers to duration.o(i._ZN3ros22normalizeSecNSecSignedERlS0_) for i._ZN3ros22normalizeSecNSecSignedERlS0_
    duration.o(.ARM.exidx) refers to duration.o(i._ZN3ros8DurationpLERKS0_) for i._ZN3ros8DurationpLERKS0_
    duration.o(.ARM.exidx) refers to duration.o(i._ZN3ros8DurationmIERKS0_) for i._ZN3ros8DurationmIERKS0_
    duration.o(.ARM.exidx) refers to duration.o(i._ZN3ros8DurationmLEd) for i._ZN3ros8DurationmLEd
    mainpp.o(i.HAL_UART_RxCpltCallback) refers to mainpp.o(i._ZN13STM32Hardware10reset_rbufEv) for STM32Hardware::reset_rbuf()
    mainpp.o(i.HAL_UART_RxCpltCallback) refers to mainpp.o(.bss) for .bss
    mainpp.o(i.HAL_UART_TxCpltCallback) refers to mainpp.o(i._ZN13STM32Hardware5flushEv) for STM32Hardware::flush()
    mainpp.o(i.HAL_UART_TxCpltCallback) refers to mainpp.o(.bss) for .bss
    mainpp.o(i.__sti___10_mainpp_cpp_nh) refers to mainpp.o(t._ZN3ros11NodeHandle_I13STM32HardwareLi25ELi25ELi512ELi512EEC1Ev) for ros::NodeHandle_<STM32Hardware, (int)25, (int)25, (int)512, (int)512>::NodeHandle_()
    mainpp.o(i.__sti___10_mainpp_cpp_nh) refers to mainpp.o(.bss) for .bss
    mainpp.o(i.__sti___10_mainpp_cpp_nh) refers to mainpp.o(.data) for .data
    mainpp.o(i.__sti___10_mainpp_cpp_nh) refers to mainpp.o(.constdata__ZTVN8std_msgs6StringE) for vtable for std_msgs::String
    mainpp.o(i.loop) refers to stm32f1xx_hal_gpio.o(i.HAL_GPIO_TogglePin) for HAL_GPIO_TogglePin
    mainpp.o(i.loop) refers to mainpp.o(t._ZN3ros11NodeHandle_I13STM32HardwareLi25ELi25ELi512ELi512EE8spinOnceEv) for ros::NodeHandle_<STM32Hardware, (int)25, (int)25, (int)512, (int)512>::spinOnce()
[...]
    Removing stm32f1xx_hal_pwr.o(.ARM.exidx), (8 bytes).
    Removing stm32f1xx_hal_flash.o(.rev16_text), (4 bytes).
    Removing stm32f1xx_hal_flash.o(.revsh_text), (4 bytes).
    Removing stm32f1xx_hal_flash.o(.rrx_text), (6 bytes).
    Removing stm32f1xx_hal_flash.o(i.FLASH_WaitForLastOperation), (84 bytes).
    Removing stm32f1xx_hal_flash.o(i.HAL_FLASH_EndOfOperationCallback), (2 bytes).
    Removing stm32f1xx_hal_flash.o(i.HAL_FLASH_GetError), (12 bytes).
    Removing stm32f1xx_hal_flash.o(i.HAL_FLASH_IRQHandler), (260 bytes).
    Removing stm32f1xx_hal_flash.o(i.HAL_FLASH_Lock), (20 bytes).
    Removing stm32f1xx_hal_flash.o(i.HAL_FLASH_OB_Launch), (4 bytes).
    Removing stm32f1xx_hal_flash.o(i.HAL_FLASH_OB_Lock), (20 bytes).
    Removing stm32f1xx_hal_flash.o(i.HAL_FLASH_OB_Unlock), (36 bytes).
    Removing stm32f1xx_hal_flash.o(i.HAL_FLASH_OperationErrorCallback), (2 bytes).
    Removing stm32f1xx_hal_flash.o(i.HAL_FLASH_Program), (128 bytes).
    Removing stm32f1xx_hal_flash.o(i.HAL_FLASH_Program_IT), (100 bytes).
    Removing stm32f1xx_hal_flash.o(i.HAL_FLASH_Unlock), (40 bytes).
    Removing stm32f1xx_hal_flash.o(i._Z18FLASH_SetErrorCodev), (92 bytes).
    Removing stm32f1xx_hal_flash.o(i._Z22FLASH_Program_HalfWordjt), (28 bytes).
    Removing stm32f1xx_hal_flash.o(.ARM.exidx), (8 bytes).
    Removing stm32f1xx_hal_flash.o(.ARM.exidx), (8 bytes).
    Removing stm32f1xx_hal_flash.o(.ARM.exidx), (8 bytes).
    Removing stm32f1xx_hal_flash.o(.ARM.exidx), (8 bytes).
    Removing stm32f1xx_hal_flash.o(.ARM.exidx), (8 bytes).
    Removing stm32f1xx_hal_flash.o(.ARM.exidx), (8 bytes).
    Removing stm32f1xx_hal_flash.o(.ARM.exidx), (8 bytes).
    Removing stm32f1xx_hal_flash.o(.ARM.exidx), (8 bytes).
    Removing stm32f1xx_hal_flash.o(.ARM.exidx), (8 bytes).
    Removing stm32f1xx_hal_flash.o(.ARM.exidx), (8 bytes).
    Removing stm32f1xx_hal_flash.o(.ARM.exidx), (8 bytes).
    Removing stm32f1xx_hal_flash.o(.ARM.exidx), (8 bytes).
    Removing stm32f1xx_hal_flash.o(.ARM.exidx), (8 bytes).
    Removing stm32f1xx_hal_flash.o(.ARM.exidx), (8 bytes).
    Removing stm32f1xx_hal_flash.o(.bss), (32 bytes).
    Removing stm32f1xx_hal_flash_ex.o(.rev16_text), (4 bytes).
    Removing stm32f1xx_hal_flash_ex.o(.revsh_text), (4 bytes).
    Removing stm32f1xx_hal_flash_ex.o(.rrx_text), (6 bytes).
    Removing stm32f1xx_hal_flash_ex.o(i.HAL_FLASHEx_Erase), (168 bytes).
    Removing stm32f1xx_hal_flash_ex.o(i.HAL_FLASHEx_Erase_IT), (84 bytes).
    Removing stm32f1xx_hal_flash_ex.o(i.HAL_FLASHEx_OBErase), (84 bytes).
    Removing stm32f1xx_hal_flash_ex.o(i.HAL_FLASHEx_OBGetConfig), (36 bytes).
    Removing stm32f1xx_hal_flash_ex.o(i.HAL_FLASHEx_OBGetUserData), (32 bytes).
    Removing stm32f1xx_hal_flash_ex.o(i.HAL_FLASHEx_OBProgram), (200 bytes).
    Removing stm32f1xx_hal_flash_ex.o(i._Z15FLASH_MassErasej), (36 bytes).
    Removing stm32f1xx_hal_flash_ex.o(i._Z15FLASH_OB_GetRDPv), (24 bytes).
    Removing stm32f1xx_hal_flash_ex.o(i._Z15FLASH_PageErasej), (36 bytes).
    Removing stm32f1xx_hal_flash_ex.o(i._Z18FLASH_OB_EnableWRPj), (176 bytes).
    Removing stm32f1xx_hal_flash_ex.o(i._Z19FLASH_OB_DisableWRPj), (176 bytes).
    Removing stm32f1xx_hal_flash_ex.o(i._Z24FLASH_OB_RDP_LevelConfigh), (100 bytes).
    Removing stm32f1xx_hal_flash_ex.o(.ARM.exidx), (8 bytes).
    Removing stm32f1xx_hal_flash_ex.o(.ARM.exidx), (8 bytes).
    Removing stm32f1xx_hal_flash_ex.o(.ARM.exidx), (8 bytes).
    Removing stm32f1xx_hal_flash_ex.o(.ARM.exidx), (8 bytes).
    Removing stm32f1xx_hal_flash_ex.o(.ARM.exidx), (8 bytes).
    Removing stm32f1xx_hal_flash_ex.o(.ARM.exidx), (8 bytes).
    Removing stm32f1xx_hal_flash_ex.o(.ARM.exidx), (8 bytes).
    Removing stm32f1xx_hal_flash_ex.o(.ARM.exidx), (8 bytes).
    Removing stm32f1xx_hal_flash_ex.o(.ARM.exidx), (8 bytes).
    Removing stm32f1xx_hal_flash_ex.o(.ARM.exidx), (8 bytes).
    Removing stm32f1xx_hal_flash_ex.o(.ARM.exidx), (8 bytes).
    Removing stm32f1xx_hal_flash_ex.o(.ARM.exidx), (8 bytes).
    Removing stm32f1xx_hal_exti.o(.rev16_text), (4 bytes).
    Removing stm32f1xx_hal_exti.o(.revsh_text), (4 bytes).
    Removing stm32f1xx_hal_exti.o(.rrx_text), (6 bytes).
    Removing stm32f1xx_hal_exti.o(i.HAL_EXTI_ClearConfigLine), (104 bytes).
    Removing stm32f1xx_hal_exti.o(i.HAL_EXTI_ClearPending), (20 bytes).
    Removing stm32f1xx_hal_exti.o(i.HAL_EXTI_GenerateSWI), (20 bytes).
    Removing stm32f1xx_hal_exti.o(i.HAL_EXTI_GetConfigLine), (152 bytes).
    Removing stm32f1xx_hal_exti.o(i.HAL_EXTI_GetHandle), (12 bytes).
    Removing stm32f1xx_hal_exti.o(i.HAL_EXTI_GetPending), (24 bytes).
    Removing stm32f1xx_hal_exti.o(i.HAL_EXTI_IRQHandler), (36 bytes).
    Removing stm32f1xx_hal_exti.o(i.HAL_EXTI_SetConfigLine), (164 bytes).
    Removing stm32f1xx_hal_exti.o(i._Z25HAL_EXTI_RegisterCallbackP18EXTI_HandleTypeDef22EXTI_CallbackIDTypeDefPFvvE), (14 bytes).
    Removing stm32f1xx_hal_exti.o(.ARM.exidx), (8 bytes).
    Removing stm32f1xx_hal_exti.o(.ARM.exidx), (8 bytes).
    Removing stm32f1xx_hal_exti.o(.ARM.exidx), (8 bytes).
    Removing stm32f1xx_hal_exti.o(.ARM.exidx), (8 bytes).
    Removing stm32f1xx_hal_exti.o(.ARM.exidx), (8 bytes).
    Removing stm32f1xx_hal_exti.o(.ARM.exidx), (8 bytes).
    Removing stm32f1xx_hal_exti.o(.ARM.exidx), (8 bytes).
    Removing stm32f1xx_hal_exti.o(.ARM.exidx), (8 bytes).
    Removing stm32f1xx_hal_exti.o(.ARM.exidx), (8 bytes).
    Removing stm32f1xx_hal_uart.o(.rev16_text), (4 bytes).
    Removing stm32f1xx_hal_uart.o(.revsh_text), (4 bytes).
    Removing stm32f1xx_hal_uart.o(.rrx_text), (6 bytes).
    Removing stm32f1xx_hal_uart.o(i.HAL_HalfDuplex_EnableReceiver), (50 bytes).
    Removing stm32f1xx_hal_uart.o(i.HAL_HalfDuplex_EnableTransmitter), (50 bytes).
    Removing stm32f1xx_hal_uart.o(i.HAL_HalfDuplex_Init), (108 bytes).
    Removing stm32f1xx_hal_uart.o(i.HAL_LIN_Init), (128 bytes).
    Removing stm32f1xx_hal_uart.o(i.HAL_LIN_SendBreak), (46 bytes).
    Removing stm32f1xx_hal_uart.o(i.HAL_MultiProcessor_EnterMuteMode), (46 bytes).
    Removing stm32f1xx_hal_uart.o(i.HAL_MultiProcessor_ExitMuteMode), (46 bytes).
    Removing stm32f1xx_hal_uart.o(i.HAL_MultiProcessor_Init), (142 bytes).
    Removing stm32f1xx_hal_uart.o(i.HAL_UART_Abort), (138 bytes).
    Removing stm32f1xx_hal_uart.o(i.HAL_UART_AbortCpltCallback), (2 bytes).
    Removing stm32f1xx_hal_uart.o(i.HAL_UART_AbortReceive), (88 bytes).
    Removing stm32f1xx_hal_uart.o(i.HAL_UART_AbortReceiveCpltCallback), (2 bytes).
    Removing stm32f1xx_hal_uart.o(i.HAL_UART_AbortReceive_IT), (92 bytes).
    Removing stm32f1xx_hal_uart.o(i.HAL_UART_AbortTransmit), (78 bytes).
    Removing stm32f1xx_hal_uart.o(i.HAL_UART_AbortTransmitCpltCallback), (2 bytes).
    Removing stm32f1xx_hal_uart.o(i.HAL_UART_AbortTransmit_IT), (84 bytes).
    Removing stm32f1xx_hal_uart.o(i.HAL_UART_Abort_IT), (172 bytes).
    Removing stm32f1xx_hal_uart.o(i.HAL_UART_DMAPause), (102 bytes).
    Removing stm32f1xx_hal_uart.o(i.HAL_UART_DMAResume), (94 bytes).
    Removing stm32f1xx_hal_uart.o(i.HAL_UART_DMAStop), (88 bytes).
    Removing stm32f1xx_hal_uart.o(i.HAL_UART_DeInit), (50 bytes).
    Removing stm32f1xx_hal_uart.o(i.HAL_UART_GetError), (4 bytes).
    Removing stm32f1xx_hal_uart.o(i.HAL_UART_GetState), (10 bytes).
    Removing stm32f1xx_hal_uart.o(i.HAL_UART_MspDeInit), (2 bytes).
    Removing stm32f1xx_hal_uart.o(i.HAL_UART_MspInit), (2 bytes).
    Removing stm32f1xx_hal_uart.o(i.HAL_UART_Receive), (188 bytes).
    Removing stm32f1xx_hal_uart.o(i.HAL_UART_Receive_IT), (82 bytes).
    Removing stm32f1xx_hal_uart.o(i.HAL_UART_RxCpltCallback), (2 bytes).
    Removing stm32f1xx_hal_uart.o(i.HAL_UART_Transmit), (178 bytes).
    Removing stm32f1xx_hal_uart.o(i.HAL_UART_Transmit_IT), (62 bytes).
    Removing stm32f1xx_hal_uart.o(i.HAL_UART_TxCpltCallback), (2 bytes).
    Removing stm32f1xx_hal_uart.o(i._Z23UART_DMARxAbortCallbackP19__DMA_HandleTypeDef), (42 bytes).
    Removing stm32f1xx_hal_uart.o(i._Z23UART_DMATxAbortCallbackP19__DMA_HandleTypeDef), (42 bytes).
    Removing stm32f1xx_hal_uart.o(i._Z27UART_DMARxOnlyAbortCallbackP19__DMA_HandleTypeDef), (20 bytes).
    Removing stm32f1xx_hal_uart.o(i._Z27UART_DMATxOnlyAbortCallbackP19__DMA_HandleTypeDef), (20 bytes).
    Removing stm32f1xx_hal_uart.o(i._Z27UART_WaitOnFlagUntilTimeoutP20__UART_HandleTypeDefj10FlagStatusjj), (100 bytes).
    Removing stm32f1xx_hal_uart.o(.ARM.exidx), (8 bytes).
    Removing stm32f1xx_hal_uart.o(.ARM.exidx), (8 bytes).
    Removing stm32f1xx_hal_uart.o(.ARM.exidx), (8 bytes).
    Removing stm32f1xx_hal_uart.o(.ARM.exidx), (8 bytes).
    Removing stm32f1xx_hal_uart.o(.ARM.exidx), (8 bytes).
    Removing stm32f1xx_hal_uart.o(.ARM.exidx), (8 bytes).
    Removing stm32f1xx_hal_uart.o(.ARM.exidx), (8 bytes).
    Removing stm32f1xx_hal_uart.o(.ARM.exidx), (8 bytes).
    Removing stm32f1xx_hal_uart.o(.ARM.exidx), (8 bytes).
    Removing stm32f1xx_hal_uart.o(.ARM.exidx), (8 bytes).
    Removing stm32f1xx_hal_uart.o(.ARM.exidx), (8 bytes).
    Removing stm32f1xx_hal_uart.o(.ARM.exidx), (8 bytes).
    Removing stm32f1xx_hal_uart.o(.ARM.exidx), (8 bytes).
    Removing stm32f1xx_hal_uart.o(.ARM.exidx), (8 bytes).
    Removing stm32f1xx_hal_uart.o(.ARM.exidx), (8 bytes).
    Removing stm32f1xx_hal_uart.o(.ARM.exidx), (8 bytes).
    Removing stm32f1xx_hal_uart.o(.ARM.exidx), (8 bytes).
    Removing stm32f1xx_hal_uart.o(.ARM.exidx), (8 bytes).
    Removing stm32f1xx_hal_uart.o(.ARM.exidx), (8 bytes).
    Removing stm32f1xx_hal_uart.o(.ARM.exidx), (8 bytes).
    Removing stm32f1xx_hal_uart.o(.ARM.exidx), (8 bytes).
    Removing stm32f1xx_hal_uart.o(.ARM.exidx), (8 bytes).
    Removing stm32f1xx_hal_uart.o(.ARM.exidx), (8 bytes).
    Removing stm32f1xx_hal_uart.o(.ARM.exidx), (8 bytes).
    Removing stm32f1xx_hal_uart.o(.ARM.exidx), (8 bytes).
    Removing stm32f1xx_hal_uart.o(.ARM.exidx), (8 bytes).
    Removing stm32f1xx_hal_uart.o(.ARM.exidx), (8 bytes).
    Removing stm32f1xx_hal_uart.o(.ARM.exidx), (8 bytes).
    Removing stm32f1xx_hal_uart.o(.ARM.exidx), (8 bytes).
    Removing stm32f1xx_hal_uart.o(.ARM.exidx), (8 bytes).
    Removing stm32f1xx_hal_uart.o(.ARM.exidx), (8 bytes).
    Removing stm32f1xx_hal_uart.o(.ARM.exidx), (8 bytes).
    Removing stm32f1xx_hal_uart.o(.ARM.exidx), (8 bytes).
    Removing stm32f1xx_hal_uart.o(.ARM.exidx), (8 bytes).
    Removing stm32f1xx_hal_uart.o(.ARM.exidx), (8 bytes).
    Removing stm32f1xx_hal_uart.o(.ARM.exidx), (8 bytes).
    Removing stm32f1xx_hal_uart.o(.ARM.exidx), (8 bytes).
    Removing stm32f1xx_hal_uart.o(.ARM.exidx), (8 bytes).
    Removing stm32f1xx_hal_uart.o(.ARM.exidx), (8 bytes).
    Removing stm32f1xx_hal_uart.o(.ARM.exidx), (8 bytes).
    Removing stm32f1xx_hal_uart.o(.ARM.exidx), (8 bytes).
    Removing stm32f1xx_hal_uart.o(.ARM.exidx), (8 bytes).
    Removing stm32f1xx_hal_uart.o(.ARM.exidx), (8 bytes).
    Removing stm32f1xx_hal_uart.o(.ARM.exidx), (8 bytes).
    Removing stm32f1xx_hal_uart.o(.ARM.exidx), (8 bytes).
    Removing stm32f1xx_hal_uart.o(.ARM.exidx), (8 bytes).
    Removing stm32f1xx_hal_uart.o(.ARM.exidx), (8 bytes).
    Removing stm32f1xx_hal_uart.o(.ARM.exidx), (8 bytes).
    Removing stm32f1xx_hal_uart.o(.ARM.exidx), (8 bytes).
    Removing stm32f1xx_hal_uart.o(.ARM.exidx), (8 bytes).
    Removing stm32f1xx_hal_uart.o(.ARM.exidx), (8 bytes).
    Removing stm32f1xx_hal_uart.o(.ARM.exidx), (8 bytes).
    Removing stm32f1xx_hal_uart.o(.ARM.exidx), (8 bytes).
    Removing system_stm32f1xx.o(.rev16_text), (4 bytes).
    Removing system_stm32f1xx.o(.revsh_text), (4 bytes).
    Removing system_stm32f1xx.o(.rrx_text), (6 bytes).
    Removing system_stm32f1xx.o(i.SystemCoreClockUpdate), (104 bytes).
    Removing system_stm32f1xx.o(.ARM.exidx), (8 bytes).
    Removing system_stm32f1xx.o(.ARM.exidx), (8 bytes).
    Removing dmul.o(.text), (228 bytes).
    Removing dflti.o(.text), (34 bytes).
    Removing dfixi.o(.text), (62 bytes).
    Removing depilogue.o(.text), (186 bytes).
    Removing mainpp.o(.ARM.exidx), (8 bytes).
    Removing mainpp.o(.ARM.exidx), (8 bytes).
    Removing mainpp.o(.ARM.exidx), (8 bytes).
    Removing mainpp.o(.ARM.exidx), (8 bytes).
    Removing mainpp.o(.ARM.exidx), (8 bytes).
    Removing mainpp.o(.ARM.exidx), (8 bytes).
    Removing mainpp.o(.ARM.exidx), (8 bytes).
    Removing mainpp.o(.ARM.exidx), (8 bytes).
    Removing mainpp.o(.ARM.exidx), (8 bytes).
    Removing mainpp.o(.constdata__ZTIN3ros11NodeHandle_I13STM32HardwareLi25ELi25ELi512ELi512EEE), (12 bytes).
    Removing mainpp.o(.constdata__ZTIN8std_msgs4TimeE), (12 bytes).
    Removing mainpp.o(.constdata__ZTIN8std_msgs6StringE), (12 bytes).
    Removing mainpp.o(.constdata__ZTIN14rosserial_msgs9TopicInfoE), (12 bytes).
    Removing mainpp.o(.constdata__ZTIN14rosserial_msgs20RequestParamResponseE), (12 bytes).
    Removing mainpp.o(.constdata__ZTIN3ros15NodeHandleBase_E), (8 bytes).
    Removing mainpp.o(.constdata__ZTIN3ros3MsgE), (8 bytes).
    Removing mainpp.o(.constdata__ZTSN3ros11NodeHandle_I13STM32HardwareLi25ELi25ELi512ELi512EEE), (59 bytes).
    Removing mainpp.o(.constdata__ZTSN8std_msgs4TimeE), (17 bytes).
    Removing mainpp.o(.constdata__ZTSN8std_msgs6StringE), (19 bytes).
    Removing mainpp.o(.constdata__ZTSN14rosserial_msgs9TopicInfoE), (29 bytes).
    Removing mainpp.o(.constdata__ZTSN14rosserial_msgs20RequestParamResponseE), (41 bytes).
    Removing mainpp.o(.constdata__ZTSN3ros3MsgE), (11 bytes).
    Removing mainpp.o(.constdata__ZTSN3ros15NodeHandleBase_E), (24 bytes).
    Removing mainpp.o(t._ZN3ros11NodeHandle_I13STM32HardwareLi25ELi25ELi512ELi512EE9connectedEv), (6 bytes).
    Removing mainpp.o(.ARM.exidx), (8 bytes).
    Removing mainpp.o(.ARM.exidx), (8 bytes).
    Removing mainpp.o(.ARM.exidx), (8 bytes).
    Removing mainpp.o(.ARM.exidx), (8 bytes).
    Removing mainpp.o(.ARM.exidx), (8 bytes).
    Removing mainpp.o(.ARM.exidx), (8 bytes).
    Removing mainpp.o(i._ZN8std_msgs6String11deserializeEPh), (44 bytes).
    Removing mainpp.o(.ARM.exidx), (8 bytes).
    Removing mainpp.o(.ARM.exidx), (8 bytes).
    Removing mainpp.o(.ARM.exidx), (8 bytes).
    Removing mainpp.o(.ARM.exidx), (8 bytes).
    Removing mainpp.o(i._ZN14rosserial_msgs9TopicInfo11deserializeEPh), (160 bytes).
    Removing mainpp.o(.ARM.exidx), (8 bytes).
    Removing mainpp.o(.ARM.exidx), (8 bytes).
    Removing mainpp.o(.ARM.exidx), (8 bytes).
    Removing mainpp.o(.ARM.exidx), (8 bytes).
    Removing mainpp.o(.ARM.exidx), (8 bytes).
    Removing mainpp.o(.ARM.exidx), (8 bytes).
    Removing mainpp.o(.constdata__ZTIN14rosserial_msgs3LogE), (12 bytes).
    Removing mainpp.o(.constdata__ZTSN14rosserial_msgs3LogE), (23 bytes).
    Removing mainpp.o(.ARM.exidx), (8 bytes).
    Removing mainpp.o(i._ZN14rosserial_msgs3Log11deserializeEPh), (50 bytes).
    Removing mainpp.o(.ARM.exidx), (8 bytes).
    Removing mainpp.o(.ARM.exidx), (8 bytes).
    Removing mainpp.o(.ARM.exidx), (8 bytes).

819 unused section(s) (total 29705 bytes) removed from the image.

==============================================================================

Image Symbol Table

    Local Symbols

    Symbol Name                              Value     Ov Type        Size  Object(Section)

    ../../../edgfe/lib_src/arm_exceptions.c  0x00000000   Number         0  arm_exceptions_mem.o ABSOLUTE
    ../../../edgfe/lib_src/arm_exceptions.c  0x00000000   Number         0  arm_exceptions_globs.o ABSOLUTE
    ../../../edgfe/lib_src/arm_exceptions.c  0x00000000   Number         0  arm_exceptions_terminate.o ABSOLUTE
    ../../../edgfe/lib_src/arm_exceptions.c  0x00000000   Number         0  arm_exceptions_support.o ABSOLUTE
    ../../../edgfe/lib_src/arm_exceptions.c  0x00000000   Number         0  arm_exceptions_callterm.o ABSOLUTE
    ../../../edgfe/lib_src/arm_noexceptions.c 0x00000000   Number         0  arm_begincatch_noexceptions.o ABSOLUTE
    ../../../edgfe/lib_src/typeinfo.c        0x00000000   Number         0  lib_rtti_impl.o ABSOLUTE
    ../../../edgfe/lib_src/typeinfo.c        0x00000000   Number         0  type_info_dtor.o ABSOLUTE
    ../Drivers/STM32F1xx_HAL_Driver/Src/stm32f1xx_hal.c 0x00000000   Number         0  stm32f1xx_hal.o ABSOLUTE
    ../Drivers/STM32F1xx_HAL_Driver/Src/stm32f1xx_hal_cortex.c 0x00000000   Number         0  stm32f1xx_hal_cortex.o ABSOLUTE
    ../Drivers/STM32F1xx_HAL_Driver/Src/stm32f1xx_hal_dma.c 0x00000000   Number         0  stm32f1xx_hal_dma.o ABSOLUTE
    ../Drivers/STM32F1xx_HAL_Driver/Src/stm32f1xx_hal_exti.c 0x00000000   Number         0  stm32f1xx_hal_exti.o ABSOLUTE
    ../Drivers/STM32F1xx_HAL_Driver/Src/stm32f1xx_hal_flash.c 0x00000000   Number         0  stm32f1xx_hal_flash.o ABSOLUTE
    ../Drivers/STM32F1xx_HAL_Driver/Src/stm32f1xx_hal_flash_ex.c 0x00000000   Number         0  stm32f1xx_hal_flash_ex.o ABSOLUTE
    ../Drivers/STM32F1xx_HAL_Driver/Src/stm32f1xx_hal_gpio.c 0x00000000   Number         0  stm32f1xx_hal_gpio.o ABSOLUTE
    ../Drivers/STM32F1xx_HAL_Driver/Src/stm32f1xx_hal_gpio_ex.c 0x00000000   Number         0  stm32f1xx_hal_gpio_ex.o ABSOLUTE
    ../Drivers/STM32F1xx_HAL_Driver/Src/stm32f1xx_hal_pwr.c 0x00000000   Number         0  stm32f1xx_hal_pwr.o ABSOLUTE
    ../Drivers/STM32F1xx_HAL_Driver/Src/stm32f1xx_hal_rcc.c 0x00000000   Number         0  stm32f1xx_hal_rcc.o ABSOLUTE
    ../Drivers/STM32F1xx_HAL_Driver/Src/stm32f1xx_hal_rcc_ex.c 0x00000000   Number         0  stm32f1xx_hal_rcc_ex.o ABSOLUTE
    ../Drivers/STM32F1xx_HAL_Driver/Src/stm32f1xx_hal_tim.c 0x00000000   Number         0  stm32f1xx_hal_tim.o ABSOLUTE
    ../Drivers/STM32F1xx_HAL_Driver/Src/stm32f1xx_hal_tim_ex.c 0x00000000   Number         0  stm32f1xx_hal_tim_ex.o ABSOLUTE
    ../Drivers/STM32F1xx_HAL_Driver/Src/stm32f1xx_hal_uart.c 0x00000000   Number         0  stm32f1xx_hal_uart.o ABSOLUTE
    ../Src/dma.c                             0x00000000   Number         0  dma.o ABSOLUTE
    ../Src/gpio.c                            0x00000000   Number         0  gpio.o ABSOLUTE
    ../Src/main.c                            0x00000000   Number         0  main.o ABSOLUTE
    ../Src/stm32f1xx_hal_msp.c               0x00000000   Number         0  stm32f1xx_hal_msp.o ABSOLUTE
    ../Src/stm32f1xx_it.c                    0x00000000   Number         0  stm32f1xx_it.o ABSOLUTE
    ../Src/system_stm32f1xx.c                0x00000000   Number         0  system_stm32f1xx.o ABSOLUTE
    ../Src/tim.c                             0x00000000   Number         0  tim.o ABSOLUTE
    ../Src/usart.c                           0x00000000   Number         0  usart.o ABSOLUTE
    ../clib/microlib/cpp/cpp_init.c          0x00000000   Number         0  cpp_init.o ABSOLUTE
    ../clib/microlib/cpp/cpp_init.c          0x00000000   Number         0  cpp_init.o ABSOLUTE
    ../clib/microlib/cpp/cpp_unwinder.c      0x00000000   Number         0  cpp_unwinder.o ABSOLUTE
    ../clib/microlib/init/entry.s            0x00000000   Number         0  entry5.o ABSOLUTE
    ../clib/microlib/init/entry.s            0x00000000   Number         0  entry2.o ABSOLUTE
    ../clib/microlib/init/entry.s            0x00000000   Number         0  entry10b.o ABSOLUTE
    ../clib/microlib/init/entry.s            0x00000000   Number         0  entry.o ABSOLUTE
    ../clib/microlib/init/entry.s            0x00000000   Number         0  entry11b.o ABSOLUTE
    ../clib/microlib/init/entry.s            0x00000000   Number         0  entry11a.o ABSOLUTE
    ../clib/microlib/init/entry.s            0x00000000   Number         0  entry10a.o ABSOLUTE
    ../clib/microlib/init/entry.s            0x00000000   Number         0  entry9b.o ABSOLUTE
    ../clib/microlib/init/entry.s            0x00000000   Number         0  entry8a.o ABSOLUTE
    ../clib/microlib/init/entry.s            0x00000000   Number         0  entry9a.o ABSOLUTE
    ../clib/microlib/init/entry.s            0x00000000   Number         0  entry8b.o ABSOLUTE
    ../clib/microlib/init/entry.s            0x00000000   Number         0  entry7b.o ABSOLUTE
    ../clib/microlib/init/entry.s            0x00000000   Number         0  entry7a.o ABSOLUTE
    ../clib/microlib/longlong.c              0x00000000   Number         0  llshl.o ABSOLUTE
    ../clib/microlib/longlong.c              0x00000000   Number         0  llushr.o ABSOLUTE
    ../clib/microlib/malloc/malloc.c         0x00000000   Number         0  mallocra.o ABSOLUTE
    ../clib/microlib/malloc/malloc.c         0x00000000   Number         0  mallocr.o ABSOLUTE
    ../clib/microlib/malloc/malloc.c         0x00000000   Number         0  malloca.o ABSOLUTE
    ../clib/microlib/malloc/malloc.c         0x00000000   Number         0  malloc.o ABSOLUTE
    ../clib/microlib/malloc/mvars.c          0x00000000   Number         0  mvars.o ABSOLUTE
    ../clib/microlib/stdlib/abort.c          0x00000000   Number         0  abort.o ABSOLUTE
    ../clib/microlib/string/memcpy.c         0x00000000   Number         0  memcpyb.o ABSOLUTE
    ../clib/microlib/string/memcpy.c         0x00000000   Number         0  memcpya.o ABSOLUTE
    ../clib/microlib/string/memset.c         0x00000000   Number         0  memseta.o ABSOLUTE
    ../clib/microlib/string/strlen.c         0x00000000   Number         0  strlen.o ABSOLUTE
    ../clib/microlib/stubs.s                 0x00000000   Number         0  iusefp.o ABSOLUTE
    ../fplib/microlib/fpepilogue.c           0x00000000   Number         0  depilogue.o ABSOLUTE
    ../fplib/microlib/fpfix.c                0x00000000   Number         0  dfixi.o ABSOLUTE
    ../fplib/microlib/fpflt.c                0x00000000   Number         0  dflti.o ABSOLUTE
    ../fplib/microlib/fpmul.c                0x00000000   Number         0  dmul.o ABSOLUTE
    ..\Drivers\STM32F1xx_HAL_Driver\Src\stm32f1xx_hal.c 0x00000000   Number         0  stm32f1xx_hal.o ABSOLUTE
    ..\Drivers\STM32F1xx_HAL_Driver\Src\stm32f1xx_hal_cortex.c 0x00000000   Number         0  stm32f1xx_hal_cortex.o ABSOLUTE
    ..\Drivers\STM32F1xx_HAL_Driver\Src\stm32f1xx_hal_dma.c 0x00000000   Number         0  stm32f1xx_hal_dma.o ABSOLUTE
    ..\Drivers\STM32F1xx_HAL_Driver\Src\stm32f1xx_hal_exti.c 0x00000000   Number         0  stm32f1xx_hal_exti.o ABSOLUTE
    ..\Drivers\STM32F1xx_HAL_Driver\Src\stm32f1xx_hal_flash.c 0x00000000   Number         0  stm32f1xx_hal_flash.o ABSOLUTE
    ..\Drivers\STM32F1xx_HAL_Driver\Src\stm32f1xx_hal_flash_ex.c 0x00000000   Number         0  stm32f1xx_hal_flash_ex.o ABSOLUTE
    ..\Drivers\STM32F1xx_HAL_Driver\Src\stm32f1xx_hal_gpio.c 0x00000000   Number         0  stm32f1xx_hal_gpio.o ABSOLUTE
    ..\Drivers\STM32F1xx_HAL_Driver\Src\stm32f1xx_hal_gpio_ex.c 0x00000000   Number         0  stm32f1xx_hal_gpio_ex.o ABSOLUTE
    ..\Drivers\STM32F1xx_HAL_Driver\Src\stm32f1xx_hal_pwr.c 0x00000000   Number         0  stm32f1xx_hal_pwr.o ABSOLUTE
    ..\Drivers\STM32F1xx_HAL_Driver\Src\stm32f1xx_hal_rcc.c 0x00000000   Number         0  stm32f1xx_hal_rcc.o ABSOLUTE
    ..\Drivers\STM32F1xx_HAL_Driver\Src\stm32f1xx_hal_rcc_ex.c 0x00000000   Number         0  stm32f1xx_hal_rcc_ex.o ABSOLUTE
    ..\Drivers\STM32F1xx_HAL_Driver\Src\stm32f1xx_hal_tim.c 0x00000000   Number         0  stm32f1xx_hal_tim.o ABSOLUTE
    ..\Drivers\STM32F1xx_HAL_Driver\Src\stm32f1xx_hal_tim_ex.c 0x00000000   Number         0  stm32f1xx_hal_tim_ex.o ABSOLUTE
    ..\Drivers\STM32F1xx_HAL_Driver\Src\stm32f1xx_hal_uart.c 0x00000000   Number         0  stm32f1xx_hal_uart.o ABSOLUTE
    ..\RosLibs\duration.cpp                  0x00000000   Number         0  duration.o ABSOLUTE
    ..\RosLibs\time.cpp                      0x00000000   Number         0  time.o ABSOLUTE
    ..\Src\dma.c                             0x00000000   Number         0  dma.o ABSOLUTE
    ..\Src\gpio.c                            0x00000000   Number         0  gpio.o ABSOLUTE
    ..\Src\main.c                            0x00000000   Number         0  main.o ABSOLUTE
    ..\Src\stm32f1xx_hal_msp.c               0x00000000   Number         0  stm32f1xx_hal_msp.o ABSOLUTE
    ..\Src\stm32f1xx_it.c                    0x00000000   Number         0  stm32f1xx_it.o ABSOLUTE
    ..\Src\system_stm32f1xx.c                0x00000000   Number         0  system_stm32f1xx.o ABSOLUTE
    ..\Src\tim.c                             0x00000000   Number         0  tim.o ABSOLUTE
    ..\Src\usart.c                           0x00000000   Number         0  usart.o ABSOLUTE
    dc.s                                     0x00000000   Number         0  dc.o ABSOLUTE
    handlers.s                               0x00000000   Number         0  handlers.o ABSOLUTE
    init.s                                   0x00000000   Number         0  init.o ABSOLUTE
    mainpp.cpp                               0x00000000   Number         0  mainpp.o ABSOLUTE
    mainpp.cpp                               0x00000000   Number         0  mainpp.o ABSOLUTE
    startup_stm32f103xe.s                    0x00000000   Number         0  startup_stm32f103xe.o ABSOLUTE
    RESET                                    0x08000000   Section      304  startup_stm32f103xe.o(RESET)
    .ARM.Collect$$$$00000000                 0x08000130   Section        0  entry.o(.ARM.Collect$$$$00000000)
    .ARM.Collect$$$$00000001                 0x08000130   Section        4  entry2.o(.ARM.Collect$$$$00000001)
    .ARM.Collect$$$$00000004                 0x08000134   Section        4  entry5.o(.ARM.Collect$$$$00000004)
    .ARM.Collect$$$$00000008                 0x08000138   Section        0  entry7b.o(.ARM.Collect$$$$00000008)
    .ARM.Collect$$$$00000009                 0x08000138   Section        4  entry8a.o(.ARM.Collect$$$$00000009)
    .ARM.Collect$$$$0000000A                 0x0800013c   Section        0  entry8b.o(.ARM.Collect$$$$0000000A)
    .ARM.Collect$$$$0000000B                 0x0800013c   Section        8  entry9a.o(.ARM.Collect$$$$0000000B)
    .ARM.Collect$$$$0000000D                 0x08000144   Section        0  entry10a.o(.ARM.Collect$$$$0000000D)
    .ARM.Collect$$$$0000000F                 0x08000144   Section        0  entry11a.o(.ARM.Collect$$$$0000000F)
    .ARM.Collect$$$$00002712                 0x08000144   Section        4  entry2.o(.ARM.Collect$$$$00002712)
    __lit__00000000                          0x08000144   Data           4  entry2.o(.ARM.Collect$$$$00002712)
    .text                                    0x08000148   Section       36  startup_stm32f103xe.o(.text)
    .text                                    0x0800016c   Section        0  memcpya.o(.text)
    .text                                    0x08000190   Section        0  memseta.o(.text)
    .text                                    0x080001b4   Section        0  strlen.o(.text)
    .text                                    0x080001c4   Section        0  cpp_init.o(.text)
    .text                                    0x080001e4   Section       36  init.o(.text)
    i.BusFault_Handler                       0x08000208   Section        0  stm32f1xx_it.o(i.BusFault_Handler)
    i.DMA1_Channel4_IRQHandler               0x0800020c   Section        0  stm32f1xx_it.o(i.DMA1_Channel4_IRQHandler)
    i.DMA1_Channel5_IRQHandler               0x08000218   Section        0  stm32f1xx_it.o(i.DMA1_Channel5_IRQHandler)
    i.DebugMon_Handler                       0x08000224   Section        0  stm32f1xx_it.o(i.DebugMon_Handler)
    i.Error_Handler                          0x08000226   Section        0  main.o(i.Error_Handler)
    i.HAL_DMA_Abort_IT                       0x08000228   Section        0  stm32f1xx_hal_dma.o(i.HAL_DMA_Abort_IT)
    i.HAL_DMA_IRQHandler                     0x08000358   Section        0  stm32f1xx_hal_dma.o(i.HAL_DMA_IRQHandler)
    i.HAL_DMA_Init                           0x080005a0   Section        0  stm32f1xx_hal_dma.o(i.HAL_DMA_Init)
    i.HAL_DMA_Start_IT                       0x0800061c   Section        0  stm32f1xx_hal_dma.o(i.HAL_DMA_Start_IT)
    i.HAL_Delay                              0x0800068c   Section        0  stm32f1xx_hal.o(i.HAL_Delay)
    i.HAL_GPIO_Init                          0x080006b0   Section        0  stm32f1xx_hal_gpio.o(i.HAL_GPIO_Init)
    i.HAL_GPIO_TogglePin                     0x080008a8   Section        0  stm32f1xx_hal_gpio.o(i.HAL_GPIO_TogglePin)
    i.HAL_GetTick                            0x080008b8   Section        0  stm32f1xx_hal.o(i.HAL_GetTick)
    i.HAL_IncTick                            0x080008c4   Section        0  stm32f1xx_hal.o(i.HAL_IncTick)
    i.HAL_Init                               0x080008d4   Section        0  stm32f1xx_hal.o(i.HAL_Init)
    i.HAL_InitTick                           0x080008f8   Section        0  stm32f1xx_hal.o(i.HAL_InitTick)
    i.HAL_MspInit                            0x08000938   Section        0  stm32f1xx_hal_msp.o(i.HAL_MspInit)
    i.HAL_NVIC_EnableIRQ                     0x08000974   Section        0  stm32f1xx_hal_cortex.o(i.HAL_NVIC_EnableIRQ)
    i.HAL_NVIC_SetPriority                   0x08000990   Section        0  stm32f1xx_hal_cortex.o(i.HAL_NVIC_SetPriority)
    i.HAL_NVIC_SetPriorityGrouping           0x080009d0   Section        0  stm32f1xx_hal_cortex.o(i.HAL_NVIC_SetPriorityGrouping)
    i.HAL_RCC_ClockConfig                    0x080009f4   Section        0  stm32f1xx_hal_rcc.o(i.HAL_RCC_ClockConfig)
    i.HAL_RCC_GetPCLK1Freq                   0x08000b20   Section        0  stm32f1xx_hal_rcc.o(i.HAL_RCC_GetPCLK1Freq)
    i.HAL_RCC_GetPCLK2Freq                   0x08000b40   Section        0  stm32f1xx_hal_rcc.o(i.HAL_RCC_GetPCLK2Freq)
    i.HAL_RCC_GetSysClockFreq                0x08000b60   Section        0  stm32f1xx_hal_rcc.o(i.HAL_RCC_GetSysClockFreq)
    i.HAL_RCC_OscConfig                      0x08000bcc   Section        0  stm32f1xx_hal_rcc.o(i.HAL_RCC_OscConfig)
    i.HAL_SYSTICK_Config                     0x08000eec   Section        0  stm32f1xx_hal_cortex.o(i.HAL_SYSTICK_Config)
    i.HAL_TIMEx_MasterConfigSynchronization  0x08000f14   Section        0  stm32f1xx_hal_tim_ex.o(i.HAL_TIMEx_MasterConfigSynchronization)
    i.HAL_TIM_Base_Init                      0x08000f90   Section        0  stm32f1xx_hal_tim.o(i.HAL_TIM_Base_Init)
    i.HAL_TIM_Base_MspInit                   0x08000fec   Section        0  tim.o(i.HAL_TIM_Base_MspInit)
    i.HAL_TIM_ConfigClockSource              0x08001010   Section        0  stm32f1xx_hal_tim.o(i.HAL_TIM_ConfigClockSource)
    i.HAL_UART_ErrorCallback                 0x080010e6   Section        0  stm32f1xx_hal_uart.o(i.HAL_UART_ErrorCallback)
    i.HAL_UART_IRQHandler                    0x080010e8   Section        0  stm32f1xx_hal_uart.o(i.HAL_UART_IRQHandler)
    i.HAL_UART_Init                          0x08001244   Section        0  stm32f1xx_hal_uart.o(i.HAL_UART_Init)
    i.HAL_UART_MspInit                       0x080012a8   Section        0  usart.o(i.HAL_UART_MspInit)
    i.HAL_UART_Receive_DMA                   0x08001384   Section        0  stm32f1xx_hal_uart.o(i.HAL_UART_Receive_DMA)
    i.HAL_UART_RxCpltCallback                0x0800141c   Section        0  mainpp.o(i.HAL_UART_RxCpltCallback)
    i.HAL_UART_RxHalfCpltCallback            0x08001428   Section        0  stm32f1xx_hal_uart.o(i.HAL_UART_RxHalfCpltCallback)
    i.HAL_UART_Transmit_DMA                  0x0800142c   Section        0  stm32f1xx_hal_uart.o(i.HAL_UART_Transmit_DMA)
    i.HAL_UART_TxCpltCallback                0x080014ac   Section        0  mainpp.o(i.HAL_UART_TxCpltCallback)
    i.HAL_UART_TxHalfCpltCallback            0x080014b8   Section        0  stm32f1xx_hal_uart.o(i.HAL_UART_TxHalfCpltCallback)
    i.HardFault_Handler                      0x080014ba   Section        0  stm32f1xx_it.o(i.HardFault_Handler)
    i.MX_DMA_Init                            0x080014bc   Section        0  dma.o(i.MX_DMA_Init)
    i.MX_GPIO_Init                           0x080014f8   Section        0  gpio.o(i.MX_GPIO_Init)
    i.MX_TIM2_Init                           0x08001514   Section        0  tim.o(i.MX_TIM2_Init)
    i.MX_USART1_UART_Init                    0x08001574   Section        0  usart.o(i.MX_USART1_UART_Init)
    i.MemManage_Handler                      0x080015ac   Section        0  stm32f1xx_it.o(i.MemManage_Handler)
    i.NMI_Handler                            0x080015ae   Section        0  stm32f1xx_it.o(i.NMI_Handler)
    i.PendSV_Handler                         0x080015b0   Section        0  stm32f1xx_it.o(i.PendSV_Handler)
    i.SVC_Handler                            0x080015b2   Section        0  stm32f1xx_it.o(i.SVC_Handler)
    i.SysTick_Handler                        0x080015b4   Section        0  stm32f1xx_it.o(i.SysTick_Handler)
    i.SystemInit                             0x080015b8   Section        0  system_stm32f1xx.o(i.SystemInit)
    i.TIM_Base_SetConfig                     0x080015bc   Section        0  stm32f1xx_hal_tim.o(i.TIM_Base_SetConfig)
    i.TIM_ETR_SetConfig                      0x08001648   Section        0  stm32f1xx_hal_tim.o(i.TIM_ETR_SetConfig)
    i.USART1_IRQHandler                      0x0800165c   Section        0  stm32f1xx_it.o(i.USART1_IRQHandler)
    i.UsageFault_Handler                     0x08001668   Section        0  stm32f1xx_it.o(i.UsageFault_Handler)
    i._Z13DMA_SetConfigP19__DMA_HandleTypeDefjjj 0x0800166a   Section        0  stm32f1xx_hal_dma.o(i._Z13DMA_SetConfigP19__DMA_HandleTypeDefjjj)
    DMA_SetConfig(__DMA_HandleTypeDef*, unsigned, unsigned, unsigned) 0x0800166b   Thumb Code    42  stm32f1xx_hal_dma.o(i._Z13DMA_SetConfigP19__DMA_HandleTypeDefjjj)
    i._Z13UART_DMAErrorP19__DMA_HandleTypeDef 0x08001694   Section        0  stm32f1xx_hal_uart.o(i._Z13UART_DMAErrorP19__DMA_HandleTypeDef)
    UART_DMAError(__DMA_HandleTypeDef*)      0x08001695   Thumb Code    74  stm32f1xx_hal_uart.o(i._Z13UART_DMAErrorP19__DMA_HandleTypeDef)
    i._Z14UART_SetConfigP20__UART_HandleTypeDef 0x080016e0   Section        0  stm32f1xx_hal_uart.o(i._Z14UART_SetConfigP20__UART_HandleTypeDef)
    UART_SetConfig(__UART_HandleTypeDef*)    0x080016e1   Thumb Code   178  stm32f1xx_hal_uart.o(i._Z14UART_SetConfigP20__UART_HandleTypeDef)
    i._Z15UART_Receive_ITP20__UART_HandleTypeDef 0x08001798   Section        0  stm32f1xx_hal_uart.o(i._Z15UART_Receive_ITP20__UART_HandleTypeDef)
    UART_Receive_IT(__UART_HandleTypeDef*)   0x08001799   Thumb Code   140  stm32f1xx_hal_uart.o(i._Z15UART_Receive_ITP20__UART_HandleTypeDef)
    i._Z18SystemClock_Configv                0x08001824   Section        0  main.o(i._Z18SystemClock_Configv)
    i._Z18TIM_ITRx_SetConfigP11TIM_TypeDefj  0x08001870   Section        0  stm32f1xx_hal_tim.o(i._Z18TIM_ITRx_SetConfigP11TIM_TypeDefj)
    TIM_ITRx_SetConfig(TIM_TypeDef*, unsigned) 0x08001871   Thumb Code    16  stm32f1xx_hal_tim.o(i._Z18TIM_ITRx_SetConfigP11TIM_TypeDefj)
    i._Z18UART_DMARxHalfCpltP19__DMA_HandleTypeDef 0x08001880   Section        0  stm32f1xx_hal_uart.o(i._Z18UART_DMARxHalfCpltP19__DMA_HandleTypeDef)
    UART_DMARxHalfCplt(__DMA_HandleTypeDef*) 0x08001881   Thumb Code    10  stm32f1xx_hal_uart.o(i._Z18UART_DMARxHalfCpltP19__DMA_HandleTypeDef)
    i._Z18UART_DMATxHalfCpltP19__DMA_HandleTypeDef 0x0800188a   Section        0  stm32f1xx_hal_uart.o(i._Z18UART_DMATxHalfCpltP19__DMA_HandleTypeDef)
    UART_DMATxHalfCplt(__DMA_HandleTypeDef*) 0x0800188b   Thumb Code    10  stm32f1xx_hal_uart.o(i._Z18UART_DMATxHalfCpltP19__DMA_HandleTypeDef)
    i._Z18UART_EndRxTransferP20__UART_HandleTypeDef 0x08001894   Section        0  stm32f1xx_hal_uart.o(i._Z18UART_EndRxTransferP20__UART_HandleTypeDef)
    UART_EndRxTransfer(__UART_HandleTypeDef*) 0x08001895   Thumb Code    28  stm32f1xx_hal_uart.o(i._Z18UART_EndRxTransferP20__UART_HandleTypeDef)
    i._Z18UART_EndTxTransferP20__UART_HandleTypeDef 0x080018b0   Section        0  stm32f1xx_hal_uart.o(i._Z18UART_EndTxTransferP20__UART_HandleTypeDef)
    UART_EndTxTransfer(__UART_HandleTypeDef*) 0x080018b1   Thumb Code    18  stm32f1xx_hal_uart.o(i._Z18UART_EndTxTransferP20__UART_HandleTypeDef)
    i._Z18__NVIC_SetPriority9IRQn_Typej      0x080018c2   Section        0  stm32f1xx_hal_cortex.o(i._Z18__NVIC_SetPriority9IRQn_Typej)
    __NVIC_SetPriority(IRQn_Type, unsigned)  0x080018c3   Thumb Code    32  stm32f1xx_hal_cortex.o(i._Z18__NVIC_SetPriority9IRQn_Typej)
    i._Z19UART_DMAReceiveCpltP19__DMA_HandleTypeDef 0x080018e2   Section        0  stm32f1xx_hal_uart.o(i._Z19UART_DMAReceiveCpltP19__DMA_HandleTypeDef)
    UART_DMAReceiveCplt(__DMA_HandleTypeDef*) 0x080018e3   Thumb Code    60  stm32f1xx_hal_uart.o(i._Z19UART_DMAReceiveCpltP19__DMA_HandleTypeDef)
    i._Z20UART_DMAAbortOnErrorP19__DMA_HandleTypeDef 0x0800191e   Section        0  stm32f1xx_hal_uart.o(i._Z20UART_DMAAbortOnErrorP19__DMA_HandleTypeDef)
    UART_DMAAbortOnError(__DMA_HandleTypeDef*) 0x0800191f   Thumb Code    16  stm32f1xx_hal_uart.o(i._Z20UART_DMAAbortOnErrorP19__DMA_HandleTypeDef)
    i._Z20UART_DMATransmitCpltP19__DMA_HandleTypeDef 0x0800192e   Section        0  stm32f1xx_hal_uart.o(i._Z20UART_DMATransmitCpltP19__DMA_HandleTypeDef)
    UART_DMATransmitCplt(__DMA_HandleTypeDef*) 0x0800192f   Thumb Code    46  stm32f1xx_hal_uart.o(i._Z20UART_DMATransmitCpltP19__DMA_HandleTypeDef)
    i._Z24TIM_TI1_ConfigInputStageP11TIM_TypeDefjj 0x0800195c   Section        0  stm32f1xx_hal_tim.o(i._Z24TIM_TI1_ConfigInputStageP11TIM_TypeDefjj)
    TIM_TI1_ConfigInputStage(TIM_TypeDef*, unsigned, unsigned) 0x0800195d   Thumb Code    34  stm32f1xx_hal_tim.o(i._Z24TIM_TI1_ConfigInputStageP11TIM_TypeDefjj)
    i._Z24TIM_TI2_ConfigInputStageP11TIM_TypeDefjj 0x0800197e   Section        0  stm32f1xx_hal_tim.o(i._Z24TIM_TI2_ConfigInputStageP11TIM_TypeDefjj)
    TIM_TI2_ConfigInputStage(TIM_TypeDef*, unsigned, unsigned) 0x0800197f   Thumb Code    36  stm32f1xx_hal_tim.o(i._Z24TIM_TI2_ConfigInputStageP11TIM_TypeDefjj)
    i._ZN13STM32Hardware10reset_rbufEv       0x080019a2   Section        0  mainpp.o(i._ZN13STM32Hardware10reset_rbufEv)
    i._ZN13STM32Hardware5flushEv             0x080019b0   Section        0  mainpp.o(i._ZN13STM32Hardware5flushEv)
    i._ZN14rosserial_msgs20RequestParamResponse11deserializeEPh 0x08001a04   Section        0  mainpp.o(i._ZN14rosserial_msgs20RequestParamResponse11deserializeEPh)
    i._ZN14rosserial_msgs20RequestParamResponse6getMD5Ev 0x08001af0   Section        0  mainpp.o(i._ZN14rosserial_msgs20RequestParamResponse6getMD5Ev)
    i._ZN14rosserial_msgs20RequestParamResponse7getTypeEv 0x08001af8   Section        0  mainpp.o(i._ZN14rosserial_msgs20RequestParamResponse7getTypeEv)
    i._ZN14rosserial_msgs3Log6getMD5Ev       0x08001b00   Section        0  mainpp.o(i._ZN14rosserial_msgs3Log6getMD5Ev)
    i._ZN14rosserial_msgs3Log7getTypeEv      0x08001b08   Section        0  mainpp.o(i._ZN14rosserial_msgs3Log7getTypeEv)
    i._ZN14rosserial_msgs9TopicInfo6getMD5Ev 0x08001b10   Section        0  mainpp.o(i._ZN14rosserial_msgs9TopicInfo6getMD5Ev)
    i._ZN14rosserial_msgs9TopicInfo7getTypeEv 0x08001b18   Section        0  mainpp.o(i._ZN14rosserial_msgs9TopicInfo7getTypeEv)
    i._ZN3ros16normalizeSecNSecERmS0_        0x08001b20   Section        0  time.o(i._ZN3ros16normalizeSecNSecERmS0_)
    i._ZN8std_msgs4Time11deserializeEPh      0x08001b40   Section        0  mainpp.o(i._ZN8std_msgs4Time11deserializeEPh)
    i._ZN8std_msgs4Time6getMD5Ev             0x08001b80   Section        0  mainpp.o(i._ZN8std_msgs4Time6getMD5Ev)
    i._ZN8std_msgs4Time7getTypeEv            0x08001b88   Section        0  mainpp.o(i._ZN8std_msgs4Time7getTypeEv)
    i._ZN8std_msgs4TimeC1Ev                  0x08001b90   Section        0  mainpp.o(i._ZN8std_msgs4TimeC1Ev)
    i._ZN8std_msgs6String6getMD5Ev           0x08001ba0   Section        0  mainpp.o(i._ZN8std_msgs6String6getMD5Ev)
    i._ZN8std_msgs6String7getTypeEv          0x08001ba8   Section        0  mainpp.o(i._ZN8std_msgs6String7getTypeEv)
    i._ZNK14rosserial_msgs20RequestParamResponse9serializeEPh 0x08001bb0   Section        0  mainpp.o(i._ZNK14rosserial_msgs20RequestParamResponse9serializeEPh)
    i._ZNK14rosserial_msgs3Log9serializeEPh  0x08001c6c   Section        0  mainpp.o(i._ZNK14rosserial_msgs3Log9serializeEPh)
    i._ZNK14rosserial_msgs9TopicInfo9serializeEPh 0x08001c90   Section        0  mainpp.o(i._ZNK14rosserial_msgs9TopicInfo9serializeEPh)
    i._ZNK8std_msgs4Time9serializeEPh        0x08001d06   Section        0  mainpp.o(i._ZNK8std_msgs4Time9serializeEPh)
    i._ZNK8std_msgs6String9serializeEPh      0x08001d38   Section        0  mainpp.o(i._ZNK8std_msgs6String9serializeEPh)
    i.__free$realloc                         0x08001d58   Section        0  mallocr.o(i.__free$realloc)
    i.__malloc$realloc                       0x08001db4   Section        0  mallocr.o(i.__malloc$realloc)
    i.__scatterload_copy                     0x08001e04   Section       14  handlers.o(i.__scatterload_copy)
    i.__scatterload_null                     0x08001e12   Section        2  handlers.o(i.__scatterload_null)
    i.__scatterload_zeroinit                 0x08001e14   Section       14  handlers.o(i.__scatterload_zeroinit)
    i.__sti___10_mainpp_cpp_nh               0x08001e24   Section        0  mainpp.o(i.__sti___10_mainpp_cpp_nh)
    __sti___10_mainpp_cpp_nh                 0x08001e25   Thumb Code    30  mainpp.o(i.__sti___10_mainpp_cpp_nh)
    i.internal_alloc                         0x08001e5c   Section        0  mallocr.o(i.internal_alloc)
    internal_alloc                           0x08001e5d   Thumb Code    76  mallocr.o(i.internal_alloc)
    i.loop                                   0x08001eac   Section        0  mainpp.o(i.loop)
    i.main                                   0x08001ef0   Section        0  main.o(i.main)
    i.realloc                                0x08001f14   Section        0  mallocr.o(i.realloc)
    i.setup                                  0x08001f80   Section        0  mainpp.o(i.setup)
    t._ZN3ros11NodeHandle_I13STM32HardwareLi25ELi25ELi512ELi512EE15negotiateTopicsEv 0x08001fcc   Section        0  mainpp.o(t._ZN3ros11NodeHandle_I13STM32HardwareLi25ELi25ELi512ELi512EE15negotiateTopicsEv)
    t._ZN3ros11NodeHandle_I13STM32HardwareLi25ELi25ELi512ELi512EE15requestSyncTimeEv 0x08002088   Section        0  mainpp.o(t._ZN3ros11NodeHandle_I13STM32HardwareLi25ELi25ELi512ELi512EE15requestSyncTimeEv)
    t._ZN3ros11NodeHandle_I13STM32HardwareLi25ELi25ELi512ELi512EE7publishEiPKNS_3MsgE 0x080020ac   Section        0  mainpp.o(t._ZN3ros11NodeHandle_I13STM32HardwareLi25ELi25ELi512ELi512EE7publishEiPKNS_3MsgE)
    t._ZN3ros11NodeHandle_I13STM32HardwareLi25ELi25ELi512ELi512EE8spinOnceEv 0x080021b0   Section        0  mainpp.o(t._ZN3ros11NodeHandle_I13STM32HardwareLi25ELi25ELi512ELi512EE8spinOnceEv)
    t._ZN3ros11NodeHandle_I13STM32HardwareLi25ELi25ELi512ELi512EEC1Ev 0x0800243c   Section        0  mainpp.o(t._ZN3ros11NodeHandle_I13STM32HardwareLi25ELi25ELi512ELi512EEC1Ev)
    .constdata                               0x080024c8   Section       28  mainpp.o(.constdata)
    rosserial_msgs::REQUESTPARAM             0x080024c8   Data          28  mainpp.o(.constdata)
    .constdata                               0x080024e4   Section       16  system_stm32f1xx.o(.constdata)
    .constdata                               0x080024f4   Section        8  system_stm32f1xx.o(.constdata)
    .constdata__ZTVN14rosserial_msgs20RequestParamResponseE 0x080024fc   Section       24  mainpp.o(.constdata__ZTVN14rosserial_msgs20RequestParamResponseE)
    .constdata__ZTVN14rosserial_msgs3LogE    0x08002514   Section       24  mainpp.o(.constdata__ZTVN14rosserial_msgs3LogE)
    .constdata__ZTVN14rosserial_msgs9TopicInfoE 0x0800252c   Section       24  mainpp.o(.constdata__ZTVN14rosserial_msgs9TopicInfoE)
    .constdata__ZTVN3ros11NodeHandle_I13STM32HardwareLi25ELi25ELi512ELi512EEE 0x08002544   Section       20  mainpp.o(.constdata__ZTVN3ros11NodeHandle_I13STM32HardwareLi25ELi25ELi512ELi512EEE)
    .constdata__ZTVN8std_msgs4TimeE          0x08002558   Section       24  mainpp.o(.constdata__ZTVN8std_msgs4TimeE)
    .constdata__ZTVN8std_msgs6StringE        0x08002570   Section       24  mainpp.o(.constdata__ZTVN8std_msgs6StringE)
    .constdata__ZZN14rosserial_msgs20RequestParamResponse6getMD5EvEs 0x08002588   Section       33  mainpp.o(.constdata__ZZN14rosserial_msgs20RequestParamResponse6getMD5EvEs)
    .constdata__ZZN14rosserial_msgs3Log6getMD5EvEs 0x080025a9   Section       33  mainpp.o(.constdata__ZZN14rosserial_msgs3Log6getMD5EvEs)
    .constdata__ZZN14rosserial_msgs3Log7getTypeEvEs 0x080025ca   Section       19  mainpp.o(.constdata__ZZN14rosserial_msgs3Log7getTypeEvEs)
    .constdata__ZZN14rosserial_msgs9TopicInfo6getMD5EvEs 0x080025dd   Section       33  mainpp.o(.constdata__ZZN14rosserial_msgs9TopicInfo6getMD5EvEs)
    .constdata__ZZN14rosserial_msgs9TopicInfo7getTypeEvEs 0x080025fe   Section       25  mainpp.o(.constdata__ZZN14rosserial_msgs9TopicInfo7getTypeEvEs)
    .constdata__ZZN3ros11NodeHandle_I13STM32HardwareLi25ELi25ELi512ELi512EE7publishEiPKNS_3MsgEEs 0x08002617   Section       57  mainpp.o(.constdata__ZZN3ros11NodeHandle_I13STM32HardwareLi25ELi25ELi512ELi512EE7publishEiPKNS_3MsgEEs)
    .constdata__ZZN8std_msgs4Time6getMD5EvEs 0x08002650   Section       33  mainpp.o(.constdata__ZZN8std_msgs4Time6getMD5EvEs)
    .constdata__ZZN8std_msgs4Time7getTypeEvEs 0x08002671   Section       14  mainpp.o(.constdata__ZZN8std_msgs4Time7getTypeEvEs)
    .constdata__ZZN8std_msgs6String6getMD5EvEs 0x0800267f   Section       33  mainpp.o(.constdata__ZZN8std_msgs6String6getMD5EvEs)
    .constdata__ZZN8std_msgs6String7getTypeEvEs 0x080026a0   Section       16  mainpp.o(.constdata__ZZN8std_msgs6String7getTypeEvEs)
    .init_array                              0x080026d0   Section        4  mainpp.o(.init_array)
    .init_array                              0x080026d4   Section        0  cpp_init.o(.init_array)
    .data                                    0x20000000   Section       32  mainpp.o(.data)
    .data                                    0x20000020   Section       12  stm32f1xx_hal.o(.data)
    .data                                    0x2000002c   Section        4  system_stm32f1xx.o(.data)
    .data                                    0x20000030   Section        4  mvars.o(.data)
    .data                                    0x20000034   Section        4  mvars.o(.data)
    .data__ZZN13STM32Hardware5flushEvE5mutex 0x20000038   Section        1  mainpp.o(.data__ZZN13STM32Hardware5flushEvE5mutex)
    .bss                                     0x2000003c   Section     1744  mainpp.o(.bss)
    .bss                                     0x2000070c   Section       72  tim.o(.bss)
    .bss                                     0x20000754   Section      200  usart.o(.bss)
    HEAP                                     0x20000820   Section      512  startup_stm32f103xe.o(HEAP)
    STACK                                    0x20000a20   Section     1024  startup_stm32f103xe.o(STACK)

    Global Symbols

    Symbol Name                              Value     Ov Type        Size  Object(Section)

    BuildAttributes$$THM_ISAv4$P$D$K$B$S$PE$A:L22UL41UL21$X:L11$S22US41US21$IEEE1$IW$USESV6$~STKCKD$USESV7$~SHL$OSPACE$ROPI$EBA8$UX$MICROLIB$REQ8$PRES8$EABIv2 0x00000000   Number         0  anon$$obj.o ABSOLUTE
    __ARM_use_no_argv                        0x00000000   Number         0  main.o ABSOLUTE
    __ARM::default_unexpected_handler()       - Undefined Weak Reference
    typeinfo for ros::Subscriber_             - Undefined Weak Reference
    __ARM_exceptions_buffer_required          - Undefined Weak Reference
    __cxa_finalize                            - Undefined Weak Reference
    __decompress                              - Undefined Weak Reference
    _clock_init                               - Undefined Weak Reference
    _microlib_exit                            - Undefined Weak Reference
    __Vectors_Size                           0x00000130   Number         0  startup_stm32f103xe.o ABSOLUTE
    __Vectors                                0x08000000   Data           4  startup_stm32f103xe.o(RESET)
    __Vectors_End                            0x08000130   Data           0  startup_stm32f103xe.o(RESET)
    __main                                   0x08000131   Thumb Code     0  entry.o(.ARM.Collect$$$$00000000)
    _main_stk                                0x08000131   Thumb Code     0  entry2.o(.ARM.Collect$$$$00000001)
    _main_scatterload                        0x08000135   Thumb Code     0  entry5.o(.ARM.Collect$$$$00000004)
    __main_after_scatterload                 0x08000139   Thumb Code     0  entry5.o(.ARM.Collect$$$$00000004)
    _main_clock                              0x08000139   Thumb Code     0  entry7b.o(.ARM.Collect$$$$00000008)
    _main_cpp_init$empty                     0x08000139   Thumb Code     0  entry8a.o(.ARM.Collect$$$$00000009)
    _main_cpp_init                           0x0800013d   Thumb Code     0  entry8b.o(.ARM.Collect$$$$0000000A)
    _main_init                               0x0800013d   Thumb Code     0  entry9a.o(.ARM.Collect$$$$0000000B)
    __rt_final_cpp                           0x08000145   Thumb Code     0  entry10a.o(.ARM.Collect$$$$0000000D)
    __rt_final_exit                          0x08000145   Thumb Code     0  entry11a.o(.ARM.Collect$$$$0000000F)
    Reset_Handler                            0x08000149   Thumb Code     8  startup_stm32f103xe.o(.text)
    ADC1_2_IRQHandler                        0x08000163   Thumb Code     0  startup_stm32f103xe.o(.text)
    ADC3_IRQHandler                          0x08000163   Thumb Code     0  startup_stm32f103xe.o(.text)
    CAN1_RX1_IRQHandler                      0x08000163   Thumb Code     0  startup_stm32f103xe.o(.text)
    CAN1_SCE_IRQHandler                      0x08000163   Thumb Code     0  startup_stm32f103xe.o(.text)
    DMA1_Channel1_IRQHandler                 0x08000163   Thumb Code     0  startup_stm32f103xe.o(.text)
    DMA1_Channel2_IRQHandler                 0x08000163   Thumb Code     0  startup_stm32f103xe.o(.text)
    DMA1_Channel3_IRQHandler                 0x08000163   Thumb Code     0  startup_stm32f103xe.o(.text)
    DMA1_Channel6_IRQHandler                 0x08000163   Thumb Code     0  startup_stm32f103xe.o(.text)
    DMA1_Channel7_IRQHandler                 0x08000163   Thumb Code     0  startup_stm32f103xe.o(.text)
    DMA2_Channel1_IRQHandler                 0x08000163   Thumb Code     0  startup_stm32f103xe.o(.text)
    DMA2_Channel2_IRQHandler                 0x08000163   Thumb Code     0  startup_stm32f103xe.o(.text)
    DMA2_Channel3_IRQHandler                 0x08000163   Thumb Code     0  startup_stm32f103xe.o(.text)
    DMA2_Channel4_5_IRQHandler               0x08000163   Thumb Code     0  startup_stm32f103xe.o(.text)
    EXTI0_IRQHandler                         0x08000163   Thumb Code     0  startup_stm32f103xe.o(.text)
    EXTI15_10_IRQHandler                     0x08000163   Thumb Code     0  startup_stm32f103xe.o(.text)
    EXTI1_IRQHandler                         0x08000163   Thumb Code     0  startup_stm32f103xe.o(.text)
    EXTI2_IRQHandler                         0x08000163   Thumb Code     0  startup_stm32f103xe.o(.text)
    EXTI3_IRQHandler                         0x08000163   Thumb Code     0  startup_stm32f103xe.o(.text)
    EXTI4_IRQHandler                         0x08000163   Thumb Code     0  startup_stm32f103xe.o(.text)
    EXTI9_5_IRQHandler                       0x08000163   Thumb Code     0  startup_stm32f103xe.o(.text)
    FLASH_IRQHandler                         0x08000163   Thumb Code     0  startup_stm32f103xe.o(.text)
    FSMC_IRQHandler                          0x08000163   Thumb Code     0  startup_stm32f103xe.o(.text)
    I2C1_ER_IRQHandler                       0x08000163   Thumb Code     0  startup_stm32f103xe.o(.text)
    I2C1_EV_IRQHandler                       0x08000163   Thumb Code     0  startup_stm32f103xe.o(.text)
    I2C2_ER_IRQHandler                       0x08000163   Thumb Code     0  startup_stm32f103xe.o(.text)
    I2C2_EV_IRQHandler                       0x08000163   Thumb Code     0  startup_stm32f103xe.o(.text)
    PVD_IRQHandler                           0x08000163   Thumb Code     0  startup_stm32f103xe.o(.text)
    RCC_IRQHandler                           0x08000163   Thumb Code     0  startup_stm32f103xe.o(.text)
    RTC_Alarm_IRQHandler                     0x08000163   Thumb Code     0  startup_stm32f103xe.o(.text)
    RTC_IRQHandler                           0x08000163   Thumb Code     0  startup_stm32f103xe.o(.text)
    SDIO_IRQHandler                          0x08000163   Thumb Code     0  startup_stm32f103xe.o(.text)
    SPI1_IRQHandler                          0x08000163   Thumb Code     0  startup_stm32f103xe.o(.text)
    SPI2_IRQHandler                          0x08000163   Thumb Code     0  startup_stm32f103xe.o(.text)
    SPI3_IRQHandler                          0x08000163   Thumb Code     0  startup_stm32f103xe.o(.text)
    TAMPER_IRQHandler                        0x08000163   Thumb Code     0  startup_stm32f103xe.o(.text)
    TIM1_BRK_IRQHandler                      0x08000163   Thumb Code     0  startup_stm32f103xe.o(.text)
    TIM1_CC_IRQHandler                       0x08000163   Thumb Code     0  startup_stm32f103xe.o(.text)
    TIM1_TRG_COM_IRQHandler                  0x08000163   Thumb Code     0  startup_stm32f103xe.o(.text)
    TIM1_UP_IRQHandler                       0x08000163   Thumb Code     0  startup_stm32f103xe.o(.text)
    TIM2_IRQHandler                          0x08000163   Thumb Code     0  startup_stm32f103xe.o(.text)
    TIM3_IRQHandler                          0x08000163   Thumb Code     0  startup_stm32f103xe.o(.text)
    TIM4_IRQHandler                          0x08000163   Thumb Code     0  startup_stm32f103xe.o(.text)
    TIM5_IRQHandler                          0x08000163   Thumb Code     0  startup_stm32f103xe.o(.text)
    TIM6_IRQHandler                          0x08000163   Thumb Code     0  startup_stm32f103xe.o(.text)
    TIM7_IRQHandler                          0x08000163   Thumb Code     0  startup_stm32f103xe.o(.text)
    TIM8_BRK_IRQHandler                      0x08000163   Thumb Code     0  startup_stm32f103xe.o(.text)
    TIM8_CC_IRQHandler                       0x08000163   Thumb Code     0  startup_stm32f103xe.o(.text)
    TIM8_TRG_COM_IRQHandler                  0x08000163   Thumb Code     0  startup_stm32f103xe.o(.text)
    TIM8_UP_IRQHandler                       0x08000163   Thumb Code     0  startup_stm32f103xe.o(.text)
    UART4_IRQHandler                         0x08000163   Thumb Code     0  startup_stm32f103xe.o(.text)
    UART5_IRQHandler                         0x08000163   Thumb Code     0  startup_stm32f103xe.o(.text)
    USART2_IRQHandler                        0x08000163   Thumb Code     0  startup_stm32f103xe.o(.text)
    USART3_IRQHandler                        0x08000163   Thumb Code     0  startup_stm32f103xe.o(.text)
    USBWakeUp_IRQHandler                     0x08000163   Thumb Code     0  startup_stm32f103xe.o(.text)
    USB_HP_CAN1_TX_IRQHandler                0x08000163   Thumb Code     0  startup_stm32f103xe.o(.text)
    USB_LP_CAN1_RX0_IRQHandler               0x08000163   Thumb Code     0  startup_stm32f103xe.o(.text)
    WWDG_IRQHandler                          0x08000163   Thumb Code     0  startup_stm32f103xe.o(.text)
    __aeabi_memcpy                           0x0800016d   Thumb Code    36  memcpya.o(.text)
    __aeabi_memcpy4                          0x0800016d   Thumb Code     0  memcpya.o(.text)
    __aeabi_memcpy8                          0x0800016d   Thumb Code     0  memcpya.o(.text)
    __aeabi_memset                           0x08000191   Thumb Code    14  memseta.o(.text)
    __aeabi_memset4                          0x08000191   Thumb Code     0  memseta.o(.text)
    __aeabi_memset8                          0x08000191   Thumb Code     0  memseta.o(.text)
    __aeabi_memclr                           0x0800019f   Thumb Code     4  memseta.o(.text)
    __aeabi_memclr4                          0x0800019f   Thumb Code     0  memseta.o(.text)
    __aeabi_memclr8                          0x0800019f   Thumb Code     0  memseta.o(.text)
    _memset$wrapper                          0x080001a3   Thumb Code    18  memseta.o(.text)
    strlen                                   0x080001b5   Thumb Code    14  strlen.o(.text)
    __cpp_initialize__aeabi_                 0x080001c5   Thumb Code    22  cpp_init.o(.text)
    __scatterload                            0x080001e5   Thumb Code    28  init.o(.text)
    __scatterload_rt2                        0x080001e5   Thumb Code     0  init.o(.text)
    BusFault_Handler                         0x08000209   Thumb Code     2  stm32f1xx_it.o(i.BusFault_Handler)
    DMA1_Channel4_IRQHandler                 0x0800020d   Thumb Code     6  stm32f1xx_it.o(i.DMA1_Channel4_IRQHandler)
    DMA1_Channel5_IRQHandler                 0x08000219   Thumb Code     6  stm32f1xx_it.o(i.DMA1_Channel5_IRQHandler)
    DebugMon_Handler                         0x08000225   Thumb Code     2  stm32f1xx_it.o(i.DebugMon_Handler)
    Error_Handler                            0x08000227   Thumb Code     2  main.o(i.Error_Handler)
    HAL_DMA_Abort_IT                         0x08000229   Thumb Code   296  stm32f1xx_hal_dma.o(i.HAL_DMA_Abort_IT)
    HAL_DMA_IRQHandler                       0x08000359   Thumb Code   552  stm32f1xx_hal_dma.o(i.HAL_DMA_IRQHandler)
    HAL_DMA_Init                             0x080005a1   Thumb Code   112  stm32f1xx_hal_dma.o(i.HAL_DMA_Init)
    HAL_DMA_Start_IT                         0x0800061d   Thumb Code   112  stm32f1xx_hal_dma.o(i.HAL_DMA_Start_IT)
    HAL_Delay                                0x0800068d   Thumb Code    32  stm32f1xx_hal.o(i.HAL_Delay)
    HAL_GPIO_Init                            0x080006b1   Thumb Code   462  stm32f1xx_hal_gpio.o(i.HAL_GPIO_Init)
    HAL_GPIO_TogglePin                       0x080008a9   Thumb Code    16  stm32f1xx_hal_gpio.o(i.HAL_GPIO_TogglePin)
    HAL_GetTick                              0x080008b9   Thumb Code     6  stm32f1xx_hal.o(i.HAL_GetTick)
    HAL_IncTick                              0x080008c5   Thumb Code    12  stm32f1xx_hal.o(i.HAL_IncTick)
    HAL_Init                                 0x080008d5   Thumb Code    32  stm32f1xx_hal.o(i.HAL_Init)
    HAL_InitTick                             0x080008f9   Thumb Code    54  stm32f1xx_hal.o(i.HAL_InitTick)
    HAL_MspInit                              0x08000939   Thumb Code    52  stm32f1xx_hal_msp.o(i.HAL_MspInit)
    HAL_NVIC_EnableIRQ                       0x08000975   Thumb Code    26  stm32f1xx_hal_cortex.o(i.HAL_NVIC_EnableIRQ)
    HAL_NVIC_SetPriority                     0x08000991   Thumb Code    60  stm32f1xx_hal_cortex.o(i.HAL_NVIC_SetPriority)
    HAL_NVIC_SetPriorityGrouping             0x080009d1   Thumb Code    26  stm32f1xx_hal_cortex.o(i.HAL_NVIC_SetPriorityGrouping)
    HAL_RCC_ClockConfig                      0x080009f5   Thumb Code   280  stm32f1xx_hal_rcc.o(i.HAL_RCC_ClockConfig)
    HAL_RCC_GetPCLK1Freq                     0x08000b21   Thumb Code    20  stm32f1xx_hal_rcc.o(i.HAL_RCC_GetPCLK1Freq)
    HAL_RCC_GetPCLK2Freq                     0x08000b41   Thumb Code    20  stm32f1xx_hal_rcc.o(i.HAL_RCC_GetPCLK2Freq)
    HAL_RCC_GetSysClockFreq                  0x08000b61   Thumb Code    76  stm32f1xx_hal_rcc.o(i.HAL_RCC_GetSysClockFreq)
    HAL_RCC_OscConfig                        0x08000bcd   Thumb Code   778  stm32f1xx_hal_rcc.o(i.HAL_RCC_OscConfig)
    HAL_SYSTICK_Config                       0x08000eed   Thumb Code    40  stm32f1xx_hal_cortex.o(i.HAL_SYSTICK_Config)
    HAL_TIMEx_MasterConfigSynchronization    0x08000f15   Thumb Code   104  stm32f1xx_hal_tim_ex.o(i.HAL_TIMEx_MasterConfigSynchronization)
    HAL_TIM_Base_Init                        0x08000f91   Thumb Code    90  stm32f1xx_hal_tim.o(i.HAL_TIM_Base_Init)
    HAL_TIM_Base_MspInit                     0x08000fed   Thumb Code    30  tim.o(i.HAL_TIM_Base_MspInit)
    HAL_TIM_ConfigClockSource                0x08001011   Thumb Code   214  stm32f1xx_hal_tim.o(i.HAL_TIM_ConfigClockSource)
    HAL_UART_ErrorCallback                   0x080010e7   Thumb Code     2  stm32f1xx_hal_uart.o(i.HAL_UART_ErrorCallback)
    HAL_UART_IRQHandler                      0x080010e9   Thumb Code   344  stm32f1xx_hal_uart.o(i.HAL_UART_IRQHandler)
    HAL_UART_Init                            0x08001245   Thumb Code    98  stm32f1xx_hal_uart.o(i.HAL_UART_Init)
    HAL_UART_MspInit                         0x080012a9   Thumb Code   200  usart.o(i.HAL_UART_MspInit)
    HAL_UART_Receive_DMA                     0x08001385   Thumb Code   138  stm32f1xx_hal_uart.o(i.HAL_UART_Receive_DMA)
    HAL_UART_RxCpltCallback                  0x0800141d   Thumb Code     6  mainpp.o(i.HAL_UART_RxCpltCallback)
    HAL_UART_RxHalfCpltCallback              0x08001429   Thumb Code     2  stm32f1xx_hal_uart.o(i.HAL_UART_RxHalfCpltCallback)
    HAL_UART_Transmit_DMA                    0x0800142d   Thumb Code   114  stm32f1xx_hal_uart.o(i.HAL_UART_Transmit_DMA)
    HAL_UART_TxCpltCallback                  0x080014ad   Thumb Code     6  mainpp.o(i.HAL_UART_TxCpltCallback)
    HAL_UART_TxHalfCpltCallback              0x080014b9   Thumb Code     2  stm32f1xx_hal_uart.o(i.HAL_UART_TxHalfCpltCallback)
    HardFault_Handler                        0x080014bb   Thumb Code     2  stm32f1xx_it.o(i.HardFault_Handler)
    MX_DMA_Init                              0x080014bd   Thumb Code    56  dma.o(i.MX_DMA_Init)
    MX_GPIO_Init                             0x080014f9   Thumb Code    22  gpio.o(i.MX_GPIO_Init)
    MX_TIM2_Init                             0x08001515   Thumb Code    90  tim.o(i.MX_TIM2_Init)
    MX_USART1_UART_Init                      0x08001575   Thumb Code    48  usart.o(i.MX_USART1_UART_Init)
    MemManage_Handler                        0x080015ad   Thumb Code     2  stm32f1xx_it.o(i.MemManage_Handler)
    NMI_Handler                              0x080015af   Thumb Code     2  stm32f1xx_it.o(i.NMI_Handler)
    PendSV_Handler                           0x080015b1   Thumb Code     2  stm32f1xx_it.o(i.PendSV_Handler)
    SVC_Handler                              0x080015b3   Thumb Code     2  stm32f1xx_it.o(i.SVC_Handler)
    SysTick_Handler                          0x080015b5   Thumb Code     4  stm32f1xx_it.o(i.SysTick_Handler)
    SystemInit                               0x080015b9   Thumb Code     2  system_stm32f1xx.o(i.SystemInit)
    TIM_Base_SetConfig                       0x080015bd   Thumb Code   120  stm32f1xx_hal_tim.o(i.TIM_Base_SetConfig)
    TIM_ETR_SetConfig                        0x08001649   Thumb Code    20  stm32f1xx_hal_tim.o(i.TIM_ETR_SetConfig)
    USART1_IRQHandler                        0x0800165d   Thumb Code     6  stm32f1xx_it.o(i.USART1_IRQHandler)
    UsageFault_Handler                       0x08001669   Thumb Code     2  stm32f1xx_it.o(i.UsageFault_Handler)
    SystemClock_Config()                     0x08001825   Thumb Code    76  main.o(i._Z18SystemClock_Configv)
    STM32Hardware::reset_rbuf()              0x080019a3   Thumb Code    14  mainpp.o(i._ZN13STM32Hardware10reset_rbufEv)
    STM32Hardware::flush()                   0x080019b1   Thumb Code    80  mainpp.o(i._ZN13STM32Hardware5flushEv)
    rosserial_msgs::RequestParamResponse::deserialize(unsigned char*) 0x08001a05   Thumb Code   236  mainpp.o(i._ZN14rosserial_msgs20RequestParamResponse11deserializeEPh)
    rosserial_msgs::RequestParamResponse::getMD5() 0x08001af1   Thumb Code     4  mainpp.o(i._ZN14rosserial_msgs20RequestParamResponse6getMD5Ev)
    rosserial_msgs::RequestParamResponse::getType() 0x08001af9   Thumb Code     4  mainpp.o(i._ZN14rosserial_msgs20RequestParamResponse7getTypeEv)
    rosserial_msgs::Log::getMD5()            0x08001b01   Thumb Code     4  mainpp.o(i._ZN14rosserial_msgs3Log6getMD5Ev)
    rosserial_msgs::Log::getType()           0x08001b09   Thumb Code     4  mainpp.o(i._ZN14rosserial_msgs3Log7getTypeEv)
    rosserial_msgs::TopicInfo::getMD5()      0x08001b11   Thumb Code     4  mainpp.o(i._ZN14rosserial_msgs9TopicInfo6getMD5Ev)
    rosserial_msgs::TopicInfo::getType()     0x08001b19   Thumb Code     4  mainpp.o(i._ZN14rosserial_msgs9TopicInfo7getTypeEv)
    ros::normalizeSecNSec(unsigned long&, unsigned long&) 0x08001b21   Thumb Code    28  time.o(i._ZN3ros16normalizeSecNSecERmS0_)
    std_msgs::Time::deserialize(unsigned char*) 0x08001b41   Thumb Code    62  mainpp.o(i._ZN8std_msgs4Time11deserializeEPh)
    std_msgs::Time::getMD5()                 0x08001b81   Thumb Code     4  mainpp.o(i._ZN8std_msgs4Time6getMD5Ev)
    std_msgs::Time::getType()                0x08001b89   Thumb Code     4  mainpp.o(i._ZN8std_msgs4Time7getTypeEv)
    std_msgs::Time::Time()                   0x08001b91   Thumb Code    12  mainpp.o(i._ZN8std_msgs4TimeC1Ev)
    std_msgs::Time::Time__sub_object()       0x08001b91   Thumb Code     0  mainpp.o(i._ZN8std_msgs4TimeC1Ev)
    std_msgs::String::getMD5()               0x08001ba1   Thumb Code     4  mainpp.o(i._ZN8std_msgs6String6getMD5Ev)
    std_msgs::String::getType()              0x08001ba9   Thumb Code     4  mainpp.o(i._ZN8std_msgs6String7getTypeEv)
    rosserial_msgs::RequestParamResponse::serialize(unsigned char*) const 0x08001bb1   Thumb Code   188  mainpp.o(i._ZNK14rosserial_msgs20RequestParamResponse9serializeEPh)
    rosserial_msgs::Log::serialize(unsigned char*) const 0x08001c6d   Thumb Code    36  mainpp.o(i._ZNK14rosserial_msgs3Log9serializeEPh)
    rosserial_msgs::TopicInfo::serialize(unsigned char*) const 0x08001c91   Thumb Code   118  mainpp.o(i._ZNK14rosserial_msgs9TopicInfo9serializeEPh)
    std_msgs::Time::serialize(unsigned char*) const 0x08001d07   Thumb Code    50  mainpp.o(i._ZNK8std_msgs4Time9serializeEPh)
    std_msgs::String::serialize(unsigned char*) const 0x08001d39   Thumb Code    30  mainpp.o(i._ZNK8std_msgs6String9serializeEPh)
    __free$realloc                           0x08001d59   Thumb Code    88  mallocr.o(i.__free$realloc)
    malloc                                   0x08001db5   Thumb Code    64  mallocr.o(i.__malloc$realloc)
    __scatterload_copy                       0x08001e05   Thumb Code    14  handlers.o(i.__scatterload_copy)
    __scatterload_null                       0x08001e13   Thumb Code     2  handlers.o(i.__scatterload_null)
    __scatterload_zeroinit                   0x08001e15   Thumb Code    14  handlers.o(i.__scatterload_zeroinit)
    loop                                     0x08001ead   Thumb Code    50  mainpp.o(i.loop)
    main                                     0x08001ef1   Thumb Code    34  main.o(i.main)
    realloc                                  0x08001f15   Thumb Code   102  mallocr.o(i.realloc)
    setup                                    0x08001f81   Thumb Code    70  mainpp.o(i.setup)
    ros::NodeHandle_<STM32Hardware, (int)25, (int)25, (int)512, (int)512>::negotiateTopics() 0x08001fcd   Thumb Code   184  mainpp.o(t._ZN3ros11NodeHandle_I13STM32HardwareLi25ELi25ELi512ELi512EE15negotiateTopicsEv)
    ros::NodeHandle_<STM32Hardware, (int)25, (int)25, (int)512, (int)512>::requestSyncTime() 0x08002089   Thumb Code    34  mainpp.o(t._ZN3ros11NodeHandle_I13STM32HardwareLi25ELi25ELi512ELi512EE15requestSyncTimeEv)
    ros::NodeHandle_<STM32Hardware, (int)25, (int)25, (int)512, (int)512>::publish(int, const ros::Msg*) 0x080020ad   Thumb Code   250  mainpp.o(t._ZN3ros11NodeHandle_I13STM32HardwareLi25ELi25ELi512ELi512EE7publishEiPKNS_3MsgE)
    ros::NodeHandle_<STM32Hardware, (int)25, (int)25, (int)512, (int)512>::spinOnce() 0x080021b1   Thumb Code   640  mainpp.o(t._ZN3ros11NodeHandle_I13STM32HardwareLi25ELi25ELi512ELi512EE8spinOnceEv)
    ros::NodeHandle_<STM32Hardware, (int)25, (int)25, (int)512, (int)512>::NodeHandle_() 0x0800243d   Thumb Code   124  mainpp.o(t._ZN3ros11NodeHandle_I13STM32HardwareLi25ELi25ELi512ELi512EEC1Ev)
    ros::NodeHandle_<STM32Hardware, (int)25, (int)25, (int)512, (int)512>::NodeHandle___sub_object() 0x0800243d   Thumb Code     0  mainpp.o(t._ZN3ros11NodeHandle_I13STM32HardwareLi25ELi25ELi512ELi512EEC1Ev)
    AHBPrescTable                            0x080024e4   Data          16  system_stm32f1xx.o(.constdata)
    APBPrescTable                            0x080024f4   Data           8  system_stm32f1xx.o(.constdata)
    vtable for rosserial_msgs::RequestParamResponse 0x080024fc   Data          24  mainpp.o(.constdata__ZTVN14rosserial_msgs20RequestParamResponseE)
    vtable for rosserial_msgs::Log           0x08002514   Data          24  mainpp.o(.constdata__ZTVN14rosserial_msgs3LogE)
    vtable for rosserial_msgs::TopicInfo     0x0800252c   Data          24  mainpp.o(.constdata__ZTVN14rosserial_msgs9TopicInfoE)
    vtable for ros::NodeHandle_<STM32Hardware, (int)25, (int)25, (int)512, (int)512> 0x08002544   Data          20  mainpp.o(.constdata__ZTVN3ros11NodeHandle_I13STM32HardwareLi25ELi25ELi512ELi512EEE)
    vtable for std_msgs::Time                0x08002558   Data          24  mainpp.o(.constdata__ZTVN8std_msgs4TimeE)
    vtable for std_msgs::String              0x08002570   Data          24  mainpp.o(.constdata__ZTVN8std_msgs6StringE)
    rosserial_msgs::RequestParamResponse::getMD5()::string 0x08002588   Data          33  mainpp.o(.constdata__ZZN14rosserial_msgs20RequestParamResponse6getMD5EvEs)
    rosserial_msgs::Log::getMD5()::string    0x080025a9   Data          33  mainpp.o(.constdata__ZZN14rosserial_msgs3Log6getMD5EvEs)
    rosserial_msgs::Log::getType()::string   0x080025ca   Data          19  mainpp.o(.constdata__ZZN14rosserial_msgs3Log7getTypeEvEs)
    rosserial_msgs::TopicInfo::getMD5()::string 0x080025dd   Data          33  mainpp.o(.constdata__ZZN14rosserial_msgs9TopicInfo6getMD5EvEs)
    rosserial_msgs::TopicInfo::getType()::string 0x080025fe   Data          25  mainpp.o(.constdata__ZZN14rosserial_msgs9TopicInfo7getTypeEvEs)
    ros::NodeHandle_<STM32Hardware, (int)25, (int)25, (int)512, (int)512>::publish(int, const ros::Msg*)::string 0x08002617   Data          57  mainpp.o(.constdata__ZZN3ros11NodeHandle_I13STM32HardwareLi25ELi25ELi512ELi512EE7publishEiPKNS_3MsgEEs)
    std_msgs::Time::getMD5()::string         0x08002650   Data          33  mainpp.o(.constdata__ZZN8std_msgs4Time6getMD5EvEs)
    std_msgs::Time::getType()::string        0x08002671   Data          14  mainpp.o(.constdata__ZZN8std_msgs4Time7getTypeEvEs)
    std_msgs::String::getMD5()::string       0x0800267f   Data          33  mainpp.o(.constdata__ZZN8std_msgs6String6getMD5EvEs)
    std_msgs::String::getType()::string      0x080026a0   Data          16  mainpp.o(.constdata__ZZN8std_msgs6String7getTypeEvEs)
    Region$$Table$$Base                      0x080026b0   Number         0  anon$$obj.o(Region$$Table)
    Region$$Table$$Limit                     0x080026d0   Number         0  anon$$obj.o(Region$$Table)
    SHT$$INIT_ARRAY$$Base                    0x080026d0   Number         0  mainpp.o(.init_array)
    SHT$$INIT_ARRAY$$Limit                   0x080026d4   Number         0  cpp_init.o(.init_array)
    str_msg                                  0x20000000   Data           8  mainpp.o(.data)
    hello                                    0x20000008   Data          24  mainpp.o(.data)
    uwTickFreq                               0x20000020   Data           1  stm32f1xx_hal.o(.data)
    uwTickPrio                               0x20000024   Data           4  stm32f1xx_hal.o(.data)
    uwTick                                   0x20000028   Data           4  stm32f1xx_hal.o(.data)
    SystemCoreClock                          0x2000002c   Data           4  system_stm32f1xx.o(.data)
    __microlib_freelist                      0x20000030   Data           4  mvars.o(.data)
    __microlib_freelist_initialised          0x20000034   Data           4  mvars.o(.data)
    STM32Hardware::flush()::mutex            0x20000038   Data           1  mainpp.o(.data__ZZN13STM32Hardware5flushEvE5mutex)
    nh                                       0x2000003c   Data        1724  mainpp.o(.bss)
    chatter                                  0x200006f8   Data          20  mainpp.o(.bss)
    htim2                                    0x2000070c   Data          72  tim.o(.bss)
    huart1                                   0x20000754   Data          64  usart.o(.bss)
    hdma_usart1_rx                           0x20000794   Data          68  usart.o(.bss)
    hdma_usart1_tx                           0x200007d8   Data          68  usart.o(.bss)
    __heap_base                              0x20000820   Data           0  startup_stm32f103xe.o(HEAP)
    __heap_limit                             0x20000a20   Data           0  startup_stm32f103xe.o(HEAP)
    __initial_sp                             0x20000e20   Data           0  startup_stm32f103xe.o(STACK)



==============================================================================

Memory Map of the image

  Image Entry point : 0x08000131

  Load Region LR_IROM1 (Base: 0x08000000, Size: 0x00002710, Max: 0x00080000, ABSOLUTE)

    Execution Region ER_IROM1 (Base: 0x08000000, Size: 0x000026d4, Max: 0x00080000, ABSOLUTE)

    Base Addr    Size         Type   Attr      Idx    E Section Name        Object

    0x08000000   0x00000130   Data   RO            3    RESET               startup_stm32f103xe.o
    0x08000130   0x00000000   Code   RO         3667  * .ARM.Collect$$$$00000000  mc_w.l(entry.o)
    0x08000130   0x00000004   Code   RO         3722    .ARM.Collect$$$$00000001  mc_w.l(entry2.o)
    0x08000134   0x00000004   Code   RO         3725    .ARM.Collect$$$$00000004  mc_w.l(entry5.o)
    0x08000138   0x00000000   Code   RO         3727    .ARM.Collect$$$$00000008  mc_w.l(entry7b.o)
    0x08000138   0x00000004   Code   RO         3728    .ARM.Collect$$$$00000009  mc_w.l(entry8a.o)
    0x0800013c   0x00000000   Code   RO         3729    .ARM.Collect$$$$0000000A  mc_w.l(entry8b.o)
    0x0800013c   0x00000008   Code   RO         3730    .ARM.Collect$$$$0000000B  mc_w.l(entry9a.o)
    0x08000144   0x00000000   Code   RO         3732    .ARM.Collect$$$$0000000D  mc_w.l(entry10a.o)
    0x08000144   0x00000000   Code   RO         3734    .ARM.Collect$$$$0000000F  mc_w.l(entry11a.o)
    0x08000144   0x00000004   Code   RO         3723    .ARM.Collect$$$$00002712  mc_w.l(entry2.o)
    0x08000148   0x00000024   Code   RO            4    .text               startup_stm32f103xe.o
    0x0800016c   0x00000024   Code   RO         3672    .text               mc_w.l(memcpya.o)
    0x08000190   0x00000024   Code   RO         3674    .text               mc_w.l(memseta.o)
    0x080001b4   0x0000000e   Code   RO         3676    .text               mc_w.l(strlen.o)
    0x080001c2   0x00000002   PAD
    0x080001c4   0x00000020   Code   RO         3701    .text               mc_w.l(cpp_init.o)
    0x080001e4   0x00000024   Code   RO         3754    .text               mc_w.l(init.o)
    0x08000208   0x00000002   Code   RO          741    i.BusFault_Handler  stm32f1xx_it.o
    0x0800020a   0x00000002   PAD
    0x0800020c   0x0000000c   Code   RO          742    i.DMA1_Channel4_IRQHandler  stm32f1xx_it.o
    0x08000218   0x0000000c   Code   RO          743    i.DMA1_Channel5_IRQHandler  stm32f1xx_it.o
    0x08000224   0x00000002   Code   RO          744    i.DebugMon_Handler  stm32f1xx_it.o
    0x08000226   0x00000002   Code   RO          542    i.Error_Handler     main.o
    0x08000228   0x00000130   Code   RO         2472    i.HAL_DMA_Abort_IT  stm32f1xx_hal_dma.o
    0x08000358   0x00000248   Code   RO         2476    i.HAL_DMA_IRQHandler  stm32f1xx_hal_dma.o
    0x080005a0   0x0000007c   Code   RO         2477    i.HAL_DMA_Init      stm32f1xx_hal_dma.o
    0x0800061c   0x00000070   Code   RO         2480    i.HAL_DMA_Start_IT  stm32f1xx_hal_dma.o
    0x0800068c   0x00000024   Code   RO         2050    i.HAL_Delay         stm32f1xx_hal.o
    0x080006b0   0x000001f8   Code   RO         2400    i.HAL_GPIO_Init     stm32f1xx_hal_gpio.o
    0x080008a8   0x00000010   Code   RO         2403    i.HAL_GPIO_TogglePin  stm32f1xx_hal_gpio.o
    0x080008b8   0x0000000c   Code   RO         2054    i.HAL_GetTick       stm32f1xx_hal.o
    0x080008c4   0x00000010   Code   RO         2060    i.HAL_IncTick       stm32f1xx_hal.o
    0x080008d4   0x00000024   Code   RO         2061    i.HAL_Init          stm32f1xx_hal.o
    0x080008f8   0x00000040   Code   RO         2062    i.HAL_InitTick      stm32f1xx_hal.o
    0x08000938   0x0000003c   Code   RO          847    i.HAL_MspInit       stm32f1xx_hal_msp.o
    0x08000974   0x0000001a   Code   RO         2581    i.HAL_NVIC_EnableIRQ  stm32f1xx_hal_cortex.o
    0x0800098e   0x00000002   PAD
    0x08000990   0x00000040   Code   RO         2587    i.HAL_NVIC_SetPriority  stm32f1xx_hal_cortex.o
    0x080009d0   0x00000024   Code   RO         2588    i.HAL_NVIC_SetPriorityGrouping  stm32f1xx_hal_cortex.o
    0x080009f4   0x0000012c   Code   RO         2243    i.HAL_RCC_ClockConfig  stm32f1xx_hal_rcc.o
    0x08000b20   0x00000020   Code   RO         2250    i.HAL_RCC_GetPCLK1Freq  stm32f1xx_hal_rcc.o
    0x08000b40   0x00000020   Code   RO         2251    i.HAL_RCC_GetPCLK2Freq  stm32f1xx_hal_rcc.o
    0x08000b60   0x0000006c   Code   RO         2252    i.HAL_RCC_GetSysClockFreq  stm32f1xx_hal_rcc.o
    0x08000bcc   0x00000320   Code   RO         2255    i.HAL_RCC_OscConfig  stm32f1xx_hal_rcc.o
    0x08000eec   0x00000028   Code   RO         2592    i.HAL_SYSTICK_Config  stm32f1xx_hal_cortex.o
    0x08000f14   0x0000007c   Code   RO         1753    i.HAL_TIMEx_MasterConfigSynchronization  stm32f1xx_hal_tim_ex.o
    0x08000f90   0x0000005a   Code   RO          913    i.HAL_TIM_Base_Init  stm32f1xx_hal_tim.o
    0x08000fea   0x00000002   PAD
    0x08000fec   0x00000024   Code   RO          652    i.HAL_TIM_Base_MspInit  tim.o
    0x08001010   0x000000d6   Code   RO          922    i.HAL_TIM_ConfigClockSource  stm32f1xx_hal_tim.o
    0x080010e6   0x00000002   Code   RO         3171    i.HAL_UART_ErrorCallback  stm32f1xx_hal_uart.o
    0x080010e8   0x0000015c   Code   RO         3174    i.HAL_UART_IRQHandler  stm32f1xx_hal_uart.o
    0x08001244   0x00000062   Code   RO         3175    i.HAL_UART_Init     stm32f1xx_hal_uart.o
    0x080012a6   0x00000002   PAD
    0x080012a8   0x000000dc   Code   RO          697    i.HAL_UART_MspInit  usart.o
    0x08001384   0x00000098   Code   RO         3179    i.HAL_UART_Receive_DMA  stm32f1xx_hal_uart.o
    0x0800141c   0x0000000c   Code   RO           89    i.HAL_UART_RxCpltCallback  mainpp.o
    0x08001428   0x00000002   Code   RO         3182    i.HAL_UART_RxHalfCpltCallback  stm32f1xx_hal_uart.o
    0x0800142a   0x00000002   PAD
    0x0800142c   0x00000080   Code   RO         3184    i.HAL_UART_Transmit_DMA  stm32f1xx_hal_uart.o
    0x080014ac   0x0000000c   Code   RO           90    i.HAL_UART_TxCpltCallback  mainpp.o
    0x080014b8   0x00000002   Code   RO         3187    i.HAL_UART_TxHalfCpltCallback  stm32f1xx_hal_uart.o
    0x080014ba   0x00000002   Code   RO          745    i.HardFault_Handler  stm32f1xx_it.o
    0x080014bc   0x0000003c   Code   RO          626    i.MX_DMA_Init       dma.o
    0x080014f8   0x0000001c   Code   RO          601    i.MX_GPIO_Init      gpio.o
    0x08001514   0x00000060   Code   RO          653    i.MX_TIM2_Init      tim.o
    0x08001574   0x00000038   Code   RO          698    i.MX_USART1_UART_Init  usart.o
    0x080015ac   0x00000002   Code   RO          746    i.MemManage_Handler  stm32f1xx_it.o
    0x080015ae   0x00000002   Code   RO          747    i.NMI_Handler       stm32f1xx_it.o
    0x080015b0   0x00000002   Code   RO          748    i.PendSV_Handler    stm32f1xx_it.o
    0x080015b2   0x00000002   Code   RO          749    i.SVC_Handler       stm32f1xx_it.o
    0x080015b4   0x00000004   Code   RO          750    i.SysTick_Handler   stm32f1xx_it.o
    0x080015b8   0x00000002   Code   RO         3525    i.SystemInit        system_stm32f1xx.o
    0x080015ba   0x00000002   PAD
    0x080015bc   0x0000008c   Code   RO         1006    i.TIM_Base_SetConfig  stm32f1xx_hal_tim.o
    0x08001648   0x00000014   Code   RO         1012    i.TIM_ETR_SetConfig  stm32f1xx_hal_tim.o
    0x0800165c   0x0000000c   Code   RO          751    i.USART1_IRQHandler  stm32f1xx_it.o
    0x08001668   0x00000002   Code   RO          752    i.UsageFault_Handler  stm32f1xx_it.o
    0x0800166a   0x0000002a   Code   RO         2482    i._Z13DMA_SetConfigP19__DMA_HandleTypeDefjjj  stm32f1xx_hal_dma.o
    0x08001694   0x0000004a   Code   RO         3188    i._Z13UART_DMAErrorP19__DMA_HandleTypeDef  stm32f1xx_hal_uart.o
    0x080016de   0x00000002   PAD
    0x080016e0   0x000000b8   Code   RO         3189    i._Z14UART_SetConfigP20__UART_HandleTypeDef  stm32f1xx_hal_uart.o
    0x08001798   0x0000008c   Code   RO         3190    i._Z15UART_Receive_ITP20__UART_HandleTypeDef  stm32f1xx_hal_uart.o
    0x08001824   0x0000004c   Code   RO          543    i._Z18SystemClock_Configv  main.o
    0x08001870   0x00000010   Code   RO         1020    i._Z18TIM_ITRx_SetConfigP11TIM_TypeDefj  stm32f1xx_hal_tim.o
    0x08001880   0x0000000a   Code   RO         3191    i._Z18UART_DMARxHalfCpltP19__DMA_HandleTypeDef  stm32f1xx_hal_uart.o
    0x0800188a   0x0000000a   Code   RO         3192    i._Z18UART_DMATxHalfCpltP19__DMA_HandleTypeDef  stm32f1xx_hal_uart.o
    0x08001894   0x0000001c   Code   RO         3193    i._Z18UART_EndRxTransferP20__UART_HandleTypeDef  stm32f1xx_hal_uart.o
    0x080018b0   0x00000012   Code   RO         3194    i._Z18UART_EndTxTransferP20__UART_HandleTypeDef  stm32f1xx_hal_uart.o
    0x080018c2   0x00000020   Code   RO         2594    i._Z18__NVIC_SetPriority9IRQn_Typej  stm32f1xx_hal_cortex.o
    0x080018e2   0x0000003c   Code   RO         3195    i._Z19UART_DMAReceiveCpltP19__DMA_HandleTypeDef  stm32f1xx_hal_uart.o
    0x0800191e   0x00000010   Code   RO         3196    i._Z20UART_DMAAbortOnErrorP19__DMA_HandleTypeDef  stm32f1xx_hal_uart.o
    0x0800192e   0x0000002e   Code   RO         3197    i._Z20UART_DMATransmitCpltP19__DMA_HandleTypeDef  stm32f1xx_hal_uart.o
    0x0800195c   0x00000022   Code   RO         1025    i._Z24TIM_TI1_ConfigInputStageP11TIM_TypeDefjj  stm32f1xx_hal_tim.o
    0x0800197e   0x00000024   Code   RO         1026    i._Z24TIM_TI2_ConfigInputStageP11TIM_TypeDefjj  stm32f1xx_hal_tim.o
    0x080019a2   0x0000000e   Code   RO          174    i._ZN13STM32Hardware10reset_rbufEv  mainpp.o
    0x080019b0   0x00000054   Code   RO          149    i._ZN13STM32Hardware5flushEv  mainpp.o
    0x08001a04   0x000000ec   Code   RO          155    i._ZN14rosserial_msgs20RequestParamResponse11deserializeEPh  mainpp.o
    0x08001af0   0x00000008   Code   RO          319    i._ZN14rosserial_msgs20RequestParamResponse6getMD5Ev  mainpp.o
    0x08001af8   0x00000008   Code   RO          313    i._ZN14rosserial_msgs20RequestParamResponse7getTypeEv  mainpp.o
    0x08001b00   0x00000008   Code   RO          347    i._ZN14rosserial_msgs3Log6getMD5Ev  mainpp.o
    0x08001b08   0x00000008   Code   RO          341    i._ZN14rosserial_msgs3Log7getTypeEv  mainpp.o
    0x08001b10   0x00000008   Code   RO          301    i._ZN14rosserial_msgs9TopicInfo6getMD5Ev  mainpp.o
    0x08001b18   0x00000008   Code   RO          295    i._ZN14rosserial_msgs9TopicInfo7getTypeEv  mainpp.o
    0x08001b20   0x00000020   Code   RO           10    i._ZN3ros16normalizeSecNSecERmS0_  time.o
    0x08001b40   0x0000003e   Code   RO          161    i._ZN8std_msgs4Time11deserializeEPh  mainpp.o
    0x08001b7e   0x00000002   PAD
    0x08001b80   0x00000008   Code   RO          253    i._ZN8std_msgs4Time6getMD5Ev  mainpp.o
    0x08001b88   0x00000008   Code   RO          247    i._ZN8std_msgs4Time7getTypeEv  mainpp.o
    0x08001b90   0x00000010   Code   RO          180    i._ZN8std_msgs4TimeC1Ev  mainpp.o
    0x08001ba0   0x00000008   Code   RO          277    i._ZN8std_msgs6String6getMD5Ev  mainpp.o
    0x08001ba8   0x00000008   Code   RO          271    i._ZN8std_msgs6String7getTypeEv  mainpp.o
    0x08001bb0   0x000000bc   Code   RO          307    i._ZNK14rosserial_msgs20RequestParamResponse9serializeEPh  mainpp.o
    0x08001c6c   0x00000024   Code   RO          329    i._ZNK14rosserial_msgs3Log9serializeEPh  mainpp.o
    0x08001c90   0x00000076   Code   RO          283    i._ZNK14rosserial_msgs9TopicInfo9serializeEPh  mainpp.o
    0x08001d06   0x00000032   Code   RO          241    i._ZNK8std_msgs4Time9serializeEPh  mainpp.o
    0x08001d38   0x0000001e   Code   RO          259    i._ZNK8std_msgs6String9serializeEPh  mainpp.o
    0x08001d56   0x00000002   PAD
    0x08001d58   0x0000005c   Code   RO         3680    i.__free$realloc    mc_w.l(mallocr.o)
    0x08001db4   0x00000050   Code   RO         3681    i.__malloc$realloc  mc_w.l(mallocr.o)
    0x08001e04   0x0000000e   Code   RO         3778    i.__scatterload_copy  mc_w.l(handlers.o)
    0x08001e12   0x00000002   Code   RO         3779    i.__scatterload_null  mc_w.l(handlers.o)
    0x08001e14   0x0000000e   Code   RO         3780    i.__scatterload_zeroinit  mc_w.l(handlers.o)
    0x08001e22   0x00000002   PAD
    0x08001e24   0x00000038   Code   RO           91    i.__sti___10_mainpp_cpp_nh  mainpp.o
    0x08001e5c   0x00000050   Code   RO         3682    i.internal_alloc    mc_w.l(mallocr.o)
    0x08001eac   0x00000044   Code   RO           92    i.loop              mainpp.o
    0x08001ef0   0x00000022   Code   RO          544    i.main              main.o
    0x08001f12   0x00000002   PAD
    0x08001f14   0x0000006c   Code   RO         3683    i.realloc           mc_w.l(mallocr.o)
    0x08001f80   0x0000004c   Code   RO           93    i.setup             mainpp.o
    0x08001fcc   0x000000bc   Code   RO          190    t._ZN3ros11NodeHandle_I13STM32HardwareLi25ELi25ELi512ELi512EE15negotiateTopicsEv  mainpp.o
    0x08002088   0x00000022   Code   RO          183    t._ZN3ros11NodeHandle_I13STM32HardwareLi25ELi25ELi512ELi512EE15requestSyncTimeEv  mainpp.o
    0x080020aa   0x00000002   PAD
    0x080020ac   0x00000104   Code   RO          234    t._ZN3ros11NodeHandle_I13STM32HardwareLi25ELi25ELi512ELi512EE7publishEiPKNS_3MsgE  mainpp.o
    0x080021b0   0x0000028c   Code   RO          167    t._ZN3ros11NodeHandle_I13STM32HardwareLi25ELi25ELi512ELi512EE8spinOnceEv  mainpp.o
    0x0800243c   0x0000008c   Code   RO          197    t._ZN3ros11NodeHandle_I13STM32HardwareLi25ELi25ELi512ELi512EEC1Ev  mainpp.o
    0x080024c8   0x0000001c   Data   RO          100    .constdata          mainpp.o
    0x080024e4   0x00000010   Data   RO         3528    .constdata          system_stm32f1xx.o
    0x080024f4   0x00000008   Data   RO         3529    .constdata          system_stm32f1xx.o
    0x080024fc   0x00000018   Data   RO          208    .constdata__ZTVN14rosserial_msgs20RequestParamResponseE  mainpp.o
    0x08002514   0x00000018   Data   RO          326    .constdata__ZTVN14rosserial_msgs3LogE  mainpp.o
    0x0800252c   0x00000018   Data   RO          206    .constdata__ZTVN14rosserial_msgs9TopicInfoE  mainpp.o
    0x08002544   0x00000014   Data   RO          212    .constdata__ZTVN3ros11NodeHandle_I13STM32HardwareLi25ELi25ELi512ELi512EEE  mainpp.o
    0x08002558   0x00000018   Data   RO          204    .constdata__ZTVN8std_msgs4TimeE  mainpp.o
    0x08002570   0x00000018   Data   RO          210    .constdata__ZTVN8std_msgs6StringE  mainpp.o
    0x08002588   0x00000021   Data   RO          145    .constdata__ZZN14rosserial_msgs20RequestParamResponse6getMD5EvEs  mainpp.o
    0x080025a9   0x00000021   Data   RO          144    .constdata__ZZN14rosserial_msgs3Log6getMD5EvEs  mainpp.o
    0x080025ca   0x00000013   Data   RO          143    .constdata__ZZN14rosserial_msgs3Log7getTypeEvEs  mainpp.o
    0x080025dd   0x00000021   Data   RO          142    .constdata__ZZN14rosserial_msgs9TopicInfo6getMD5EvEs  mainpp.o
    0x080025fe   0x00000019   Data   RO          141    .constdata__ZZN14rosserial_msgs9TopicInfo7getTypeEvEs  mainpp.o
    0x08002617   0x00000039   Data   RO          148    .constdata__ZZN3ros11NodeHandle_I13STM32HardwareLi25ELi25ELi512ELi512EE7publishEiPKNS_3MsgEEs  mainpp.o
    0x08002650   0x00000021   Data   RO          140    .constdata__ZZN8std_msgs4Time6getMD5EvEs  mainpp.o
    0x08002671   0x0000000e   Data   RO          139    .constdata__ZZN8std_msgs4Time7getTypeEvEs  mainpp.o
    0x0800267f   0x00000021   Data   RO          147    .constdata__ZZN8std_msgs6String6getMD5EvEs  mainpp.o
    0x080026a0   0x00000010   Data   RO          146    .constdata__ZZN8std_msgs6String7getTypeEvEs  mainpp.o
    0x080026b0   0x00000020   Data   RO         3776    Region$$Table       anon$$obj.o
    0x080026d0   0x00000004   Data   RO          102    .init_array         mainpp.o
    0x080026d4   0x00000000   Data   RO         3699    .init_array         mc_w.l(cpp_init.o)


    Execution Region RW_IRAM1 (Base: 0x20000000, Size: 0x00000e20, Max: 0x00010000, ABSOLUTE)

    Base Addr    Size         Type   Attr      Idx    E Section Name        Object

    0x20000000   0x00000020   Data   RW          101    .data               mainpp.o
    0x20000020   0x0000000c   Data   RW         2093    .data               stm32f1xx_hal.o
    0x2000002c   0x00000004   Data   RW         3530    .data               system_stm32f1xx.o
    0x20000030   0x00000004   Data   RW         3736    .data               mc_w.l(mvars.o)
    0x20000034   0x00000004   Data   RW         3737    .data               mc_w.l(mvars.o)
    0x20000038   0x00000001   Data   RW          213    .data__ZZN13STM32Hardware5flushEvE5mutex  mainpp.o
    0x20000039   0x00000003   PAD
    0x2000003c   0x000006d0   Zero   RW           99    .bss                mainpp.o
    0x2000070c   0x00000048   Zero   RW          657    .bss                tim.o
    0x20000754   0x000000c8   Zero   RW          702    .bss                usart.o
    0x2000081c   0x00000004   PAD
    0x20000820   0x00000200   Zero   RW            2    HEAP                startup_stm32f103xe.o
    0x20000a20   0x00000400   Zero   RW            1    STACK               startup_stm32f103xe.o


==============================================================================

Image component sizes


      Code (inc. data)   RO Data    RW Data    ZI Data      Debug   Object Name

        60          4          0          0          0        786   dma.o
        28          6          0          0          0        759   gpio.o
       112          0          0          0          0       1844   main.o
      2412        152        468         33       1744     515989   mainpp.o
        36          8        304          0       1536        812   startup_stm32f103xe.o
       164         28          0         12          0       6533   stm32f1xx_hal.o
       198         14          0          0          0      28647   stm32f1xx_hal_cortex.o
      1166         52          0          0          0       4086   stm32f1xx_hal_dma.o
       520         42          0          0          0       2609   stm32f1xx_hal_gpio.o
        60          8          0          0          0        886   stm32f1xx_hal_msp.o
      1272         98          0          0          0       5004   stm32f1xx_hal_rcc.o
       550         20          0          0          0       5643   stm32f1xx_hal_tim.o
       124         20          0          0          0       1312   stm32f1xx_hal_tim_ex.o
      1318         38          0          0          0      11122   stm32f1xx_hal_uart.o
        56         18          0          0          0       5196   stm32f1xx_it.o
         2          0         24          4          0       1147   system_stm32f1xx.o
       132         12          0          0         72       1618   tim.o
        32          4          0          0          0       3983   time.o
       276         28          0          0        200       1852   usart.o

    ----------------------------------------------------------------------
      8540        552        828         52       3556     599828   Object Totals
         0          0         32          0          0          0   (incl. Generated)
        22          0          0          3          4          0   (incl. Padding)

    ----------------------------------------------------------------------

      Code (inc. data)   RO Data    RW Data    ZI Data      Debug   Library Member Name

        32         10          0          0          0         80   cpp_init.o
         0          0          0          0          0          0   entry.o
         0          0          0          0          0          0   entry10a.o
         0          0          0          0          0          0   entry11a.o
         8          4          0          0          0          0   entry2.o
         4          0          0          0          0          0   entry5.o
         0          0          0          0          0          0   entry7b.o
         4          0          0          0          0          0   entry8a.o
         0          0          0          0          0          0   entry8b.o
         8          4          0          0          0          0   entry9a.o
        30          0          0          0          0          0   handlers.o
        36          8          0          0          0         68   init.o
       360         30          0          0          0        356   mallocr.o
        36          0          0          0          0         68   memcpya.o
        36          0          0          0          0        108   memseta.o
         0          0          0          8          0          0   mvars.o
        14          0          0          0          0         68   strlen.o

    ----------------------------------------------------------------------
       572         56          0          8          0        748   Library Totals
         4          0          0          0          0          0   (incl. Padding)

    ----------------------------------------------------------------------

      Code (inc. data)   RO Data    RW Data    ZI Data      Debug   Library Name

       568         56          0          8          0        748   mc_w.l

    ----------------------------------------------------------------------
       572         56          0          8          0        748   Library Totals

    ----------------------------------------------------------------------

==============================================================================


      Code (inc. data)   RO Data    RW Data    ZI Data      Debug   

      9112        608        828         60       3556     595320   Grand Totals
      9112        608        828         60       3556     595320   ELF Image Totals
      9112        608        828         60          0          0   ROM Totals

==============================================================================

    Total RO  Size (Code + RO Data)                 9940 (   9.71kB)
    Total RW  Size (RW Data + ZI Data)              3616 (   3.53kB)
    Total ROM Size (Code + RO Data + RW Data)      10000 (   9.77kB)

==============================================================================

