Component: ARM Compiler 5.05 update 1 (build 106) Tool: armlink [4d0efa]

==============================================================================

Section Cross References

    startup_stm32f103xe.o(RESET) refers to startup_stm32f103xe.o(STACK) for __initial_sp
    startup_stm32f103xe.o(RESET) refers to startup_stm32f103xe.o(.text) for Reset_Handler
    startup_stm32f103xe.o(RESET) refers to stm32f1xx_it.o(i.NMI_Handler) for NMI_Handler
    startup_stm32f103xe.o(RESET) refers to stm32f1xx_it.o(i.HardFault_Handler) for HardFault_Handler
    startup_stm32f103xe.o(RESET) refers to stm32f1xx_it.o(i.MemManage_Handler) for MemManage_Handler
    startup_stm32f103xe.o(RESET) refers to stm32f1xx_it.o(i.BusFault_Handler) for BusFault_Handler
    startup_stm32f103xe.o(RESET) refers to stm32f1xx_it.o(i.UsageFault_Handler) for UsageFault_Handler
    startup_stm32f103xe.o(RESET) refers to stm32f1xx_it.o(i.SVC_Handler) for SVC_Handler
    startup_stm32f103xe.o(RESET) refers to stm32f1xx_it.o(i.DebugMon_Handler) for DebugMon_Handler
    startup_stm32f103xe.o(RESET) refers to stm32f1xx_it.o(i.PendSV_Handler) for PendSV_Handler
    startup_stm32f103xe.o(RESET) refers to stm32f1xx_it.o(i.SysTick_Handler) for SysTick_Handler
    startup_stm32f103xe.o(RESET) refers to stm32f1xx_it.o(i.DMA1_Channel4_IRQHandler) for DMA1_Channel4_IRQHandler
    startup_stm32f103xe.o(RESET) refers to stm32f1xx_it.o(i.DMA1_Channel5_IRQHandler) for DMA1_Channel5_IRQHandler
    startup_stm32f103xe.o(RESET) refers to stm32f1xx_it.o(i.USART1_IRQHandler) for USART1_IRQHandler
    startup_stm32f103xe.o(.text) refers to system_stm32f1xx.o(i.SystemInit) for SystemInit
    startup_stm32f103xe.o(.text) refers to entry.o(.ARM.Collect$$$$00000000) for __main
    time.o(i._ZN3ros4Time8fromNSecEl) refers to time.o(i._ZN3ros16normalizeSecNSecERmS0_) for ros::normalizeSecNSec(unsigned long&, unsigned long&)
    time.o(i._ZN3ros4TimemIERKNS_8DurationE) refers to time.o(i._ZN3ros16normalizeSecNSecERmS0_) for ros::normalizeSecNSec(unsigned long&, unsigned long&)
    time.o(i._ZN3ros4TimepLERKNS_8DurationE) refers to time.o(i._ZN3ros16normalizeSecNSecERmS0_) for ros::normalizeSecNSec(unsigned long&, unsigned long&)
    time.o(.ARM.exidx) refers to time.o(i._ZN3ros16normalizeSecNSecERmS0_) for i._ZN3ros16normalizeSecNSecERmS0_
    time.o(.ARM.exidx) refers to time.o(i._ZN3ros4Time8fromNSecEl) for i._ZN3ros4Time8fromNSecEl
    time.o(.ARM.exidx) refers to time.o(i._ZN3ros4TimepLERKNS_8DurationE) for i._ZN3ros4TimepLERKNS_8DurationE
    time.o(.ARM.exidx) refers to time.o(i._ZN3ros4TimemIERKNS_8DurationE) for i._ZN3ros4TimemIERKNS_8DurationE
    mainpp.o(i.HAL_UART_RxCpltCallback) refers to mainpp.o(i._ZN13STM32Hardware10reset_rbufEv) for STM32Hardware::reset_rbuf()
    mainpp.o(i.HAL_UART_RxCpltCallback) refers to mainpp.o(.bss) for .bss
    mainpp.o(i.HAL_UART_TxCpltCallback) refers to mainpp.o(i._ZN13STM32Hardware5flushEv) for STM32Hardware::flush()
    mainpp.o(i.HAL_UART_TxCpltCallback) refers to mainpp.o(.bss) for .bss
    mainpp.o(i._Z16command_callbackRKN8std_msgs6StringE) refers to mainpp.o(.data) for .data
    mainpp.o(i._Z16command_callbackRKN8std_msgs6StringE) refers to mainpp.o(.bss) for .bss
    mainpp.o(i.__sti___10_mainpp_cpp_nh) refers to mainpp.o(t._ZN3ros11NodeHandle_I13STM32HardwareLi25ELi25ELi512ELi512EEC1Ev) for ros::NodeHandle_<STM32Hardware, (int)25, (int)25, (int)512, (int)512>::NodeHandle_()
    mainpp.o(i.__sti___10_mainpp_cpp_nh) refers to mainpp.o(.bss) for .bss
    mainpp.o(i.__sti___10_mainpp_cpp_nh) refers to mainpp.o(.data) for .data
    mainpp.o(i.__sti___10_mainpp_cpp_nh) refers to mainpp.o(.constdata__ZTVN8std_msgs6StringE) for vtable for std_msgs::String
    mainpp.o(i.__sti___10_mainpp_cpp_nh) refers to mainpp.o(i._Z16command_callbackRKN8std_msgs6StringE) for command_callback(const std_msgs::String&)
    mainpp.o(i.__sti___10_mainpp_cpp_nh) refers to mainpp.o(.constdata__ZTVN3ros10SubscriberIN8std_msgs6StringEEE) for vtable for ros::Subscriber<std_msgs::String>
    mainpp.o(i.loop) refers to stm32f1xx_hal.o(i.HAL_Delay) for HAL_Delay
    mainpp.o(i.loop) refers to mainpp.o(t._ZN3ros11NodeHandle_I13STM32HardwareLi25ELi25ELi512ELi512EE8spinOnceEv) for ros::NodeHandle_<STM32Hardware, (int)25, (int)25, (int)512, (int)512>::spinOnce()
    mainpp.o(i.loop) refers to mainpp.o(.bss) for .bss
    mainpp.o(i.setup) refers to mainpp.o(i._ZN13STM32Hardware10reset_rbufEv) for STM32Hardware::reset_rbuf()
    mainpp.o(i.setup) refers to stm32f1xx_hal_tim.o(i.HAL_TIM_Base_Start) for HAL_TIM_Base_Start
    mainpp.o(i.setup) refers to mainpp.o(.bss) for .bss
    mainpp.o(.ARM.exidx) refers to mainpp.o(i._Z16command_callbackRKN8std_msgs6StringE) for i._Z16command_callbackRKN8std_msgs6StringE
    mainpp.o(.ARM.exidx) refers to mainpp.o(i.HAL_UART_TxCpltCallback) for i.HAL_UART_TxCpltCallback
    mainpp.o(.ARM.exidx) refers to mainpp.o(i.HAL_UART_RxCpltCallback) for i.HAL_UART_RxCpltCallback
[...]
    Removing stm32f1xx_hal_flash_ex.o(i.HAL_FLASHEx_Erase_IT), (84 bytes).
    Removing stm32f1xx_hal_flash_ex.o(i.HAL_FLASHEx_OBErase), (84 bytes).
    Removing stm32f1xx_hal_flash_ex.o(i.HAL_FLASHEx_OBGetConfig), (36 bytes).
    Removing stm32f1xx_hal_flash_ex.o(i.HAL_FLASHEx_OBGetUserData), (32 bytes).
    Removing stm32f1xx_hal_flash_ex.o(i.HAL_FLASHEx_OBProgram), (200 bytes).
    Removing stm32f1xx_hal_flash_ex.o(i._Z15FLASH_MassErasej), (36 bytes).
    Removing stm32f1xx_hal_flash_ex.o(i._Z15FLASH_OB_GetRDPv), (24 bytes).
    Removing stm32f1xx_hal_flash_ex.o(i._Z15FLASH_PageErasej), (36 bytes).
    Removing stm32f1xx_hal_flash_ex.o(i._Z18FLASH_OB_EnableWRPj), (176 bytes).
    Removing stm32f1xx_hal_flash_ex.o(i._Z19FLASH_OB_DisableWRPj), (176 bytes).
    Removing stm32f1xx_hal_flash_ex.o(i._Z24FLASH_OB_RDP_LevelConfigh), (100 bytes).
    Removing stm32f1xx_hal_flash_ex.o(.ARM.exidx), (8 bytes).
    Removing stm32f1xx_hal_flash_ex.o(.ARM.exidx), (8 bytes).
    Removing stm32f1xx_hal_flash_ex.o(.ARM.exidx), (8 bytes).
    Removing stm32f1xx_hal_flash_ex.o(.ARM.exidx), (8 bytes).
    Removing stm32f1xx_hal_flash_ex.o(.ARM.exidx), (8 bytes).
    Removing stm32f1xx_hal_flash_ex.o(.ARM.exidx), (8 bytes).
    Removing stm32f1xx_hal_flash_ex.o(.ARM.exidx), (8 bytes).
    Removing stm32f1xx_hal_flash_ex.o(.ARM.exidx), (8 bytes).
    Removing stm32f1xx_hal_flash_ex.o(.ARM.exidx), (8 bytes).
    Removing stm32f1xx_hal_flash_ex.o(.ARM.exidx), (8 bytes).
    Removing stm32f1xx_hal_flash_ex.o(.ARM.exidx), (8 bytes).
    Removing stm32f1xx_hal_flash_ex.o(.ARM.exidx), (8 bytes).
    Removing stm32f1xx_hal_exti.o(.rev16_text), (4 bytes).
    Removing stm32f1xx_hal_exti.o(.revsh_text), (4 bytes).
    Removing stm32f1xx_hal_exti.o(.rrx_text), (6 bytes).
    Removing stm32f1xx_hal_exti.o(i.HAL_EXTI_ClearConfigLine), (104 bytes).
    Removing stm32f1xx_hal_exti.o(i.HAL_EXTI_ClearPending), (20 bytes).
    Removing stm32f1xx_hal_exti.o(i.HAL_EXTI_GenerateSWI), (20 bytes).
    Removing stm32f1xx_hal_exti.o(i.HAL_EXTI_GetConfigLine), (152 bytes).
    Removing stm32f1xx_hal_exti.o(i.HAL_EXTI_GetHandle), (12 bytes).
    Removing stm32f1xx_hal_exti.o(i.HAL_EXTI_GetPending), (24 bytes).
    Removing stm32f1xx_hal_exti.o(i.HAL_EXTI_IRQHandler), (36 bytes).
    Removing stm32f1xx_hal_exti.o(i.HAL_EXTI_SetConfigLine), (164 bytes).
    Removing stm32f1xx_hal_exti.o(i._Z25HAL_EXTI_RegisterCallbackP18EXTI_HandleTypeDef22EXTI_CallbackIDTypeDefPFvvE), (14 bytes).
    Removing stm32f1xx_hal_exti.o(.ARM.exidx), (8 bytes).
    Removing stm32f1xx_hal_exti.o(.ARM.exidx), (8 bytes).
    Removing stm32f1xx_hal_exti.o(.ARM.exidx), (8 bytes).
    Removing stm32f1xx_hal_exti.o(.ARM.exidx), (8 bytes).
    Removing stm32f1xx_hal_exti.o(.ARM.exidx), (8 bytes).
    Removing stm32f1xx_hal_exti.o(.ARM.exidx), (8 bytes).
    Removing stm32f1xx_hal_exti.o(.ARM.exidx), (8 bytes).
    Removing stm32f1xx_hal_exti.o(.ARM.exidx), (8 bytes).
    Removing stm32f1xx_hal_exti.o(.ARM.exidx), (8 bytes).
    Removing stm32f1xx_hal_uart.o(.rev16_text), (4 bytes).
    Removing stm32f1xx_hal_uart.o(.revsh_text), (4 bytes).
    Removing stm32f1xx_hal_uart.o(.rrx_text), (6 bytes).
    Removing stm32f1xx_hal_uart.o(i.HAL_HalfDuplex_EnableReceiver), (50 bytes).
    Removing stm32f1xx_hal_uart.o(i.HAL_HalfDuplex_EnableTransmitter), (50 bytes).
    Removing stm32f1xx_hal_uart.o(i.HAL_HalfDuplex_Init), (108 bytes).
    Removing stm32f1xx_hal_uart.o(i.HAL_LIN_Init), (128 bytes).
    Removing stm32f1xx_hal_uart.o(i.HAL_LIN_SendBreak), (46 bytes).
    Removing stm32f1xx_hal_uart.o(i.HAL_MultiProcessor_EnterMuteMode), (46 bytes).
    Removing stm32f1xx_hal_uart.o(i.HAL_MultiProcessor_ExitMuteMode), (46 bytes).
    Removing stm32f1xx_hal_uart.o(i.HAL_MultiProcessor_Init), (142 bytes).
    Removing stm32f1xx_hal_uart.o(i.HAL_UART_Abort), (138 bytes).
    Removing stm32f1xx_hal_uart.o(i.HAL_UART_AbortCpltCallback), (2 bytes).
    Removing stm32f1xx_hal_uart.o(i.HAL_UART_AbortReceive), (88 bytes).
    Removing stm32f1xx_hal_uart.o(i.HAL_UART_AbortReceiveCpltCallback), (2 bytes).
    Removing stm32f1xx_hal_uart.o(i.HAL_UART_AbortReceive_IT), (92 bytes).
    Removing stm32f1xx_hal_uart.o(i.HAL_UART_AbortTransmit), (78 bytes).
    Removing stm32f1xx_hal_uart.o(i.HAL_UART_AbortTransmitCpltCallback), (2 bytes).
    Removing stm32f1xx_hal_uart.o(i.HAL_UART_AbortTransmit_IT), (84 bytes).
    Removing stm32f1xx_hal_uart.o(i.HAL_UART_Abort_IT), (172 bytes).
    Removing stm32f1xx_hal_uart.o(i.HAL_UART_DMAPause), (102 bytes).
    Removing stm32f1xx_hal_uart.o(i.HAL_UART_DMAResume), (94 bytes).
    Removing stm32f1xx_hal_uart.o(i.HAL_UART_DMAStop), (88 bytes).
    Removing stm32f1xx_hal_uart.o(i.HAL_UART_DeInit), (50 bytes).
    Removing stm32f1xx_hal_uart.o(i.HAL_UART_GetError), (4 bytes).
    Removing stm32f1xx_hal_uart.o(i.HAL_UART_GetState), (10 bytes).
    Removing stm32f1xx_hal_uart.o(i.HAL_UART_MspDeInit), (2 bytes).
    Removing stm32f1xx_hal_uart.o(i.HAL_UART_MspInit), (2 bytes).
    Removing stm32f1xx_hal_uart.o(i.HAL_UART_Receive), (188 bytes).
    Removing stm32f1xx_hal_uart.o(i.HAL_UART_Receive_IT), (82 bytes).
    Removing stm32f1xx_hal_uart.o(i.HAL_UART_RxCpltCallback), (2 bytes).
    Removing stm32f1xx_hal_uart.o(i.HAL_UART_Transmit), (178 bytes).
    Removing stm32f1xx_hal_uart.o(i.HAL_UART_Transmit_IT), (62 bytes).
    Removing stm32f1xx_hal_uart.o(i.HAL_UART_TxCpltCallback), (2 bytes).
    Removing stm32f1xx_hal_uart.o(i._Z23UART_DMARxAbortCallbackP19__DMA_HandleTypeDef), (42 bytes).
    Removing stm32f1xx_hal_uart.o(i._Z23UART_DMATxAbortCallbackP19__DMA_HandleTypeDef), (42 bytes).
    Removing stm32f1xx_hal_uart.o(i._Z27UART_DMARxOnlyAbortCallbackP19__DMA_HandleTypeDef), (20 bytes).
    Removing stm32f1xx_hal_uart.o(i._Z27UART_DMATxOnlyAbortCallbackP19__DMA_HandleTypeDef), (20 bytes).
    Removing stm32f1xx_hal_uart.o(i._Z27UART_WaitOnFlagUntilTimeoutP20__UART_HandleTypeDefj10FlagStatusjj), (100 bytes).
    Removing stm32f1xx_hal_uart.o(.ARM.exidx), (8 bytes).
    Removing stm32f1xx_hal_uart.o(.ARM.exidx), (8 bytes).
    Removing stm32f1xx_hal_uart.o(.ARM.exidx), (8 bytes).
    Removing stm32f1xx_hal_uart.o(.ARM.exidx), (8 bytes).
    Removing stm32f1xx_hal_uart.o(.ARM.exidx), (8 bytes).
    Removing stm32f1xx_hal_uart.o(.ARM.exidx), (8 bytes).
    Removing stm32f1xx_hal_uart.o(.ARM.exidx), (8 bytes).
    Removing stm32f1xx_hal_uart.o(.ARM.exidx), (8 bytes).
    Removing stm32f1xx_hal_uart.o(.ARM.exidx), (8 bytes).
    Removing stm32f1xx_hal_uart.o(.ARM.exidx), (8 bytes).
    Removing stm32f1xx_hal_uart.o(.ARM.exidx), (8 bytes).
    Removing stm32f1xx_hal_uart.o(.ARM.exidx), (8 bytes).
    Removing stm32f1xx_hal_uart.o(.ARM.exidx), (8 bytes).
    Removing stm32f1xx_hal_uart.o(.ARM.exidx), (8 bytes).
    Removing stm32f1xx_hal_uart.o(.ARM.exidx), (8 bytes).
    Removing stm32f1xx_hal_uart.o(.ARM.exidx), (8 bytes).
    Removing stm32f1xx_hal_uart.o(.ARM.exidx), (8 bytes).
    Removing stm32f1xx_hal_uart.o(.ARM.exidx), (8 bytes).
    Removing stm32f1xx_hal_uart.o(.ARM.exidx), (8 bytes).
    Removing stm32f1xx_hal_uart.o(.ARM.exidx), (8 bytes).
    Removing stm32f1xx_hal_uart.o(.ARM.exidx), (8 bytes).
    Removing stm32f1xx_hal_uart.o(.ARM.exidx), (8 bytes).
    Removing stm32f1xx_hal_uart.o(.ARM.exidx), (8 bytes).
    Removing stm32f1xx_hal_uart.o(.ARM.exidx), (8 bytes).
    Removing stm32f1xx_hal_uart.o(.ARM.exidx), (8 bytes).
    Removing stm32f1xx_hal_uart.o(.ARM.exidx), (8 bytes).
    Removing stm32f1xx_hal_uart.o(.ARM.exidx), (8 bytes).
    Removing stm32f1xx_hal_uart.o(.ARM.exidx), (8 bytes).
    Removing stm32f1xx_hal_uart.o(.ARM.exidx), (8 bytes).
    Removing stm32f1xx_hal_uart.o(.ARM.exidx), (8 bytes).
    Removing stm32f1xx_hal_uart.o(.ARM.exidx), (8 bytes).
    Removing stm32f1xx_hal_uart.o(.ARM.exidx), (8 bytes).
    Removing stm32f1xx_hal_uart.o(.ARM.exidx), (8 bytes).
    Removing stm32f1xx_hal_uart.o(.ARM.exidx), (8 bytes).
    Removing stm32f1xx_hal_uart.o(.ARM.exidx), (8 bytes).
    Removing stm32f1xx_hal_uart.o(.ARM.exidx), (8 bytes).
    Removing stm32f1xx_hal_uart.o(.ARM.exidx), (8 bytes).
    Removing stm32f1xx_hal_uart.o(.ARM.exidx), (8 bytes).
    Removing stm32f1xx_hal_uart.o(.ARM.exidx), (8 bytes).
    Removing stm32f1xx_hal_uart.o(.ARM.exidx), (8 bytes).
    Removing stm32f1xx_hal_uart.o(.ARM.exidx), (8 bytes).
    Removing stm32f1xx_hal_uart.o(.ARM.exidx), (8 bytes).
    Removing stm32f1xx_hal_uart.o(.ARM.exidx), (8 bytes).
    Removing stm32f1xx_hal_uart.o(.ARM.exidx), (8 bytes).
    Removing stm32f1xx_hal_uart.o(.ARM.exidx), (8 bytes).
    Removing stm32f1xx_hal_uart.o(.ARM.exidx), (8 bytes).
    Removing stm32f1xx_hal_uart.o(.ARM.exidx), (8 bytes).
    Removing stm32f1xx_hal_uart.o(.ARM.exidx), (8 bytes).
    Removing stm32f1xx_hal_uart.o(.ARM.exidx), (8 bytes).
    Removing stm32f1xx_hal_uart.o(.ARM.exidx), (8 bytes).
    Removing stm32f1xx_hal_uart.o(.ARM.exidx), (8 bytes).
    Removing stm32f1xx_hal_uart.o(.ARM.exidx), (8 bytes).
    Removing stm32f1xx_hal_uart.o(.ARM.exidx), (8 bytes).
    Removing system_stm32f1xx.o(.rev16_text), (4 bytes).
    Removing system_stm32f1xx.o(.revsh_text), (4 bytes).
    Removing system_stm32f1xx.o(.rrx_text), (6 bytes).
    Removing system_stm32f1xx.o(i.SystemCoreClockUpdate), (104 bytes).
    Removing system_stm32f1xx.o(.ARM.exidx), (8 bytes).
    Removing system_stm32f1xx.o(.ARM.exidx), (8 bytes).
    Removing mainpp.o(.ARM.exidx), (8 bytes).
    Removing mainpp.o(.ARM.exidx), (8 bytes).
    Removing mainpp.o(.ARM.exidx), (8 bytes).
    Removing mainpp.o(.ARM.exidx), (8 bytes).
    Removing mainpp.o(.ARM.exidx), (8 bytes).
    Removing mainpp.o(.ARM.exidx), (8 bytes).
    Removing mainpp.o(.ARM.exidx), (8 bytes).
    Removing mainpp.o(.ARM.exidx), (8 bytes).
    Removing mainpp.o(.ARM.exidx), (8 bytes).
    Removing mainpp.o(.ARM.exidx), (8 bytes).
    Removing mainpp.o(.constdata__ZTIN3ros11NodeHandle_I13STM32HardwareLi25ELi25ELi512ELi512EEE), (12 bytes).
    Removing mainpp.o(.constdata__ZTIN3ros10SubscriberIN8std_msgs6StringEEE), (12 bytes).
    Removing mainpp.o(.constdata__ZTIN8std_msgs4TimeE), (12 bytes).
    Removing mainpp.o(.constdata__ZTIN8std_msgs6StringE), (12 bytes).
    Removing mainpp.o(.constdata__ZTIN14rosserial_msgs9TopicInfoE), (12 bytes).
    Removing mainpp.o(.constdata__ZTIN14rosserial_msgs20RequestParamResponseE), (12 bytes).
    Removing mainpp.o(.constdata__ZTIN3ros15NodeHandleBase_E), (8 bytes).
    Removing mainpp.o(.constdata__ZTIN3ros3MsgE), (8 bytes).
    Removing mainpp.o(.constdata__ZTIN3ros11Subscriber_E), (8 bytes).
    Removing mainpp.o(.constdata__ZTSN3ros11NodeHandle_I13STM32HardwareLi25ELi25ELi512ELi512EEE), (59 bytes).
    Removing mainpp.o(.constdata__ZTSN3ros10SubscriberIN8std_msgs6StringEEE), (39 bytes).
    Removing mainpp.o(.constdata__ZTSN8std_msgs4TimeE), (17 bytes).
    Removing mainpp.o(.constdata__ZTSN8std_msgs6StringE), (19 bytes).
    Removing mainpp.o(.constdata__ZTSN14rosserial_msgs9TopicInfoE), (29 bytes).
    Removing mainpp.o(.constdata__ZTSN14rosserial_msgs20RequestParamResponseE), (41 bytes).
    Removing mainpp.o(.constdata__ZTSN3ros3MsgE), (11 bytes).
    Removing mainpp.o(.constdata__ZTSN3ros15NodeHandleBase_E), (24 bytes).
    Removing mainpp.o(.constdata__ZTSN3ros11Subscriber_E), (20 bytes).
    Removing mainpp.o(t._ZN3ros11NodeHandle_I13STM32HardwareLi25ELi25ELi512ELi512EE9connectedEv), (6 bytes).
    Removing mainpp.o(.ARM.exidx), (8 bytes).
    Removing mainpp.o(.ARM.exidx), (8 bytes).
    Removing mainpp.o(.ARM.exidx), (8 bytes).
    Removing mainpp.o(.ARM.exidx), (8 bytes).
    Removing mainpp.o(.ARM.exidx), (8 bytes).
    Removing mainpp.o(.ARM.exidx), (8 bytes).
    Removing mainpp.o(.ARM.exidx), (8 bytes).
    Removing mainpp.o(.ARM.exidx), (8 bytes).
    Removing mainpp.o(.ARM.exidx), (8 bytes).
    Removing mainpp.o(.ARM.exidx), (8 bytes).
    Removing mainpp.o(.ARM.exidx), (8 bytes).
    Removing mainpp.o(.ARM.exidx), (8 bytes).
    Removing mainpp.o(.ARM.exidx), (8 bytes).
    Removing mainpp.o(i._ZN14rosserial_msgs9TopicInfo11deserializeEPh), (160 bytes).
    Removing mainpp.o(.ARM.exidx), (8 bytes).
    Removing mainpp.o(.ARM.exidx), (8 bytes).
    Removing mainpp.o(.ARM.exidx), (8 bytes).
    Removing mainpp.o(.ARM.exidx), (8 bytes).
    Removing mainpp.o(.ARM.exidx), (8 bytes).
    Removing mainpp.o(.ARM.exidx), (8 bytes).
    Removing mainpp.o(.constdata__ZTIN14rosserial_msgs3LogE), (12 bytes).
    Removing mainpp.o(.constdata__ZTSN14rosserial_msgs3LogE), (23 bytes).
    Removing mainpp.o(.ARM.exidx), (8 bytes).
    Removing mainpp.o(i._ZN14rosserial_msgs3Log11deserializeEPh), (50 bytes).
    Removing mainpp.o(.ARM.exidx), (8 bytes).
    Removing mainpp.o(.ARM.exidx), (8 bytes).
    Removing mainpp.o(.ARM.exidx), (8 bytes).

815 unused section(s) (total 28990 bytes) removed from the image.

==============================================================================

Image Symbol Table

    Local Symbols

    Symbol Name                              Value     Ov Type        Size  Object(Section)

    ../../../edgfe/lib_src/arm_exceptions.c  0x00000000   Number         0  arm_exceptions_callterm.o ABSOLUTE
    ../../../edgfe/lib_src/arm_exceptions.c  0x00000000   Number         0  arm_exceptions_mem.o ABSOLUTE
    ../../../edgfe/lib_src/arm_exceptions.c  0x00000000   Number         0  arm_exceptions_globs.o ABSOLUTE
    ../../../edgfe/lib_src/arm_exceptions.c  0x00000000   Number         0  arm_exceptions_terminate.o ABSOLUTE
    ../../../edgfe/lib_src/arm_exceptions.c  0x00000000   Number         0  arm_exceptions_support.o ABSOLUTE
    ../../../edgfe/lib_src/arm_noexceptions.c 0x00000000   Number         0  arm_begincatch_noexceptions.o ABSOLUTE
    ../../../edgfe/lib_src/typeinfo.c        0x00000000   Number         0  type_info_dtor.o ABSOLUTE
    ../../../edgfe/lib_src/typeinfo.c        0x00000000   Number         0  lib_rtti_impl.o ABSOLUTE
    ../Core/Src/dma.c                        0x00000000   Number         0  dma.o ABSOLUTE
    ../Core/Src/gpio.c                       0x00000000   Number         0  gpio.o ABSOLUTE
    ../Core/Src/main.c                       0x00000000   Number         0  main.o ABSOLUTE
    ../Core/Src/stm32f1xx_hal_msp.c          0x00000000   Number         0  stm32f1xx_hal_msp.o ABSOLUTE
    ../Core/Src/stm32f1xx_it.c               0x00000000   Number         0  stm32f1xx_it.o ABSOLUTE
    ../Core/Src/system_stm32f1xx.c           0x00000000   Number         0  system_stm32f1xx.o ABSOLUTE
    ../Core/Src/tim.c                        0x00000000   Number         0  tim.o ABSOLUTE
    ../Core/Src/usart.c                      0x00000000   Number         0  usart.o ABSOLUTE
    ../Drivers/STM32F1xx_HAL_Driver/Src/stm32f1xx_hal.c 0x00000000   Number         0  stm32f1xx_hal.o ABSOLUTE
    ../Drivers/STM32F1xx_HAL_Driver/Src/stm32f1xx_hal_cortex.c 0x00000000   Number         0  stm32f1xx_hal_cortex.o ABSOLUTE
    ../Drivers/STM32F1xx_HAL_Driver/Src/stm32f1xx_hal_dma.c 0x00000000   Number         0  stm32f1xx_hal_dma.o ABSOLUTE
    ../Drivers/STM32F1xx_HAL_Driver/Src/stm32f1xx_hal_exti.c 0x00000000   Number         0  stm32f1xx_hal_exti.o ABSOLUTE
    ../Drivers/STM32F1xx_HAL_Driver/Src/stm32f1xx_hal_flash.c 0x00000000   Number         0  stm32f1xx_hal_flash.o ABSOLUTE
    ../Drivers/STM32F1xx_HAL_Driver/Src/stm32f1xx_hal_flash_ex.c 0x00000000   Number         0  stm32f1xx_hal_flash_ex.o ABSOLUTE
    ../Drivers/STM32F1xx_HAL_Driver/Src/stm32f1xx_hal_gpio.c 0x00000000   Number         0  stm32f1xx_hal_gpio.o ABSOLUTE
    ../Drivers/STM32F1xx_HAL_Driver/Src/stm32f1xx_hal_gpio_ex.c 0x00000000   Number         0  stm32f1xx_hal_gpio_ex.o ABSOLUTE
    ../Drivers/STM32F1xx_HAL_Driver/Src/stm32f1xx_hal_pwr.c 0x00000000   Number         0  stm32f1xx_hal_pwr.o ABSOLUTE
    ../Drivers/STM32F1xx_HAL_Driver/Src/stm32f1xx_hal_rcc.c 0x00000000   Number         0  stm32f1xx_hal_rcc.o ABSOLUTE
    ../Drivers/STM32F1xx_HAL_Driver/Src/stm32f1xx_hal_rcc_ex.c 0x00000000   Number         0  stm32f1xx_hal_rcc_ex.o ABSOLUTE
    ../Drivers/STM32F1xx_HAL_Driver/Src/stm32f1xx_hal_tim.c 0x00000000   Number         0  stm32f1xx_hal_tim.o ABSOLUTE
    ../Drivers/STM32F1xx_HAL_Driver/Src/stm32f1xx_hal_tim_ex.c 0x00000000   Number         0  stm32f1xx_hal_tim_ex.o ABSOLUTE
    ../Drivers/STM32F1xx_HAL_Driver/Src/stm32f1xx_hal_uart.c 0x00000000   Number         0  stm32f1xx_hal_uart.o ABSOLUTE
    ../clib/microlib/cpp/cpp_init.c          0x00000000   Number         0  cpp_init.o ABSOLUTE
    ../clib/microlib/cpp/cpp_init.c          0x00000000   Number         0  cpp_init.o ABSOLUTE
    ../clib/microlib/cpp/cpp_unwinder.c      0x00000000   Number         0  cpp_unwinder.o ABSOLUTE
    ../clib/microlib/init/entry.s            0x00000000   Number         0  entry7a.o ABSOLUTE
    ../clib/microlib/init/entry.s            0x00000000   Number         0  entry8a.o ABSOLUTE
    ../clib/microlib/init/entry.s            0x00000000   Number         0  entry8b.o ABSOLUTE
    ../clib/microlib/init/entry.s            0x00000000   Number         0  entry7b.o ABSOLUTE
    ../clib/microlib/init/entry.s            0x00000000   Number         0  entry5.o ABSOLUTE
    ../clib/microlib/init/entry.s            0x00000000   Number         0  entry9b.o ABSOLUTE
    ../clib/microlib/init/entry.s            0x00000000   Number         0  entry2.o ABSOLUTE
    ../clib/microlib/init/entry.s            0x00000000   Number         0  entry11b.o ABSOLUTE
    ../clib/microlib/init/entry.s            0x00000000   Number         0  entry11a.o ABSOLUTE
    ../clib/microlib/init/entry.s            0x00000000   Number         0  entry10b.o ABSOLUTE
    ../clib/microlib/init/entry.s            0x00000000   Number         0  entry10a.o ABSOLUTE
    ../clib/microlib/init/entry.s            0x00000000   Number         0  entry.o ABSOLUTE
    ../clib/microlib/init/entry.s            0x00000000   Number         0  entry9a.o ABSOLUTE
    ../clib/microlib/longlong.c              0x00000000   Number         0  llushr.o ABSOLUTE
    ../clib/microlib/malloc/malloc.c         0x00000000   Number         0  malloc.o ABSOLUTE
    ../clib/microlib/malloc/malloc.c         0x00000000   Number         0  malloca.o ABSOLUTE
    ../clib/microlib/malloc/malloc.c         0x00000000   Number         0  mallocr.o ABSOLUTE
    ../clib/microlib/malloc/malloc.c         0x00000000   Number         0  mallocra.o ABSOLUTE
    ../clib/microlib/malloc/mvars.c          0x00000000   Number         0  mvars.o ABSOLUTE
    ../clib/microlib/stdlib/abort.c          0x00000000   Number         0  abort.o ABSOLUTE
    ../clib/microlib/string/memcpy.c         0x00000000   Number         0  memcpyb.o ABSOLUTE
    ../clib/microlib/string/memcpy.c         0x00000000   Number         0  memcpya.o ABSOLUTE
    ../clib/microlib/string/memset.c         0x00000000   Number         0  memseta.o ABSOLUTE
    ../clib/microlib/string/strlen.c         0x00000000   Number         0  strlen.o ABSOLUTE
    ..\Core\Src\dma.c                        0x00000000   Number         0  dma.o ABSOLUTE
    ..\Core\Src\gpio.c                       0x00000000   Number         0  gpio.o ABSOLUTE
    ..\Core\Src\main.c                       0x00000000   Number         0  main.o ABSOLUTE
    ..\Core\Src\stm32f1xx_hal_msp.c          0x00000000   Number         0  stm32f1xx_hal_msp.o ABSOLUTE
    ..\Core\Src\stm32f1xx_it.c               0x00000000   Number         0  stm32f1xx_it.o ABSOLUTE
    ..\Core\Src\system_stm32f1xx.c           0x00000000   Number         0  system_stm32f1xx.o ABSOLUTE
    ..\Core\Src\tim.c                        0x00000000   Number         0  tim.o ABSOLUTE
    ..\Core\Src\usart.c                      0x00000000   Number         0  usart.o ABSOLUTE
    ..\Drivers\STM32F1xx_HAL_Driver\Src\stm32f1xx_hal.c 0x00000000   Number         0  stm32f1xx_hal.o ABSOLUTE
    ..\Drivers\STM32F1xx_HAL_Driver\Src\stm32f1xx_hal_cortex.c 0x00000000   Number         0  stm32f1xx_hal_cortex.o ABSOLUTE
    ..\Drivers\STM32F1xx_HAL_Driver\Src\stm32f1xx_hal_dma.c 0x00000000   Number         0  stm32f1xx_hal_dma.o ABSOLUTE
    ..\Drivers\STM32F1xx_HAL_Driver\Src\stm32f1xx_hal_exti.c 0x00000000   Number         0  stm32f1xx_hal_exti.o ABSOLUTE
    ..\Drivers\STM32F1xx_HAL_Driver\Src\stm32f1xx_hal_flash.c 0x00000000   Number         0  stm32f1xx_hal_flash.o ABSOLUTE
    ..\Drivers\STM32F1xx_HAL_Driver\Src\stm32f1xx_hal_flash_ex.c 0x00000000   Number         0  stm32f1xx_hal_flash_ex.o ABSOLUTE
    ..\Drivers\STM32F1xx_HAL_Driver\Src\stm32f1xx_hal_gpio.c 0x00000000   Number         0  stm32f1xx_hal_gpio.o ABSOLUTE
    ..\Drivers\STM32F1xx_HAL_Driver\Src\stm32f1xx_hal_gpio_ex.c 0x00000000   Number         0  stm32f1xx_hal_gpio_ex.o ABSOLUTE
    ..\Drivers\STM32F1xx_HAL_Driver\Src\stm32f1xx_hal_pwr.c 0x00000000   Number         0  stm32f1xx_hal_pwr.o ABSOLUTE
    ..\Drivers\STM32F1xx_HAL_Driver\Src\stm32f1xx_hal_rcc.c 0x00000000   Number         0  stm32f1xx_hal_rcc.o ABSOLUTE
    ..\Drivers\STM32F1xx_HAL_Driver\Src\stm32f1xx_hal_rcc_ex.c 0x00000000   Number         0  stm32f1xx_hal_rcc_ex.o ABSOLUTE
    ..\Drivers\STM32F1xx_HAL_Driver\Src\stm32f1xx_hal_tim.c 0x00000000   Number         0  stm32f1xx_hal_tim.o ABSOLUTE
    ..\Drivers\STM32F1xx_HAL_Driver\Src\stm32f1xx_hal_tim_ex.c 0x00000000   Number         0  stm32f1xx_hal_tim_ex.o ABSOLUTE
    ..\Drivers\STM32F1xx_HAL_Driver\Src\stm32f1xx_hal_uart.c 0x00000000   Number         0  stm32f1xx_hal_uart.o ABSOLUTE
    ..\RosLibs\time.cpp                      0x00000000   Number         0  time.o ABSOLUTE
    dc.s                                     0x00000000   Number         0  dc.o ABSOLUTE
    handlers.s                               0x00000000   Number         0  handlers.o ABSOLUTE
    init.s                                   0x00000000   Number         0  init.o ABSOLUTE
    mainpp.cpp                               0x00000000   Number         0  mainpp.o ABSOLUTE
    mainpp.cpp                               0x00000000   Number         0  mainpp.o ABSOLUTE
    startup_stm32f103xe.s                    0x00000000   Number         0  startup_stm32f103xe.o ABSOLUTE
    RESET                                    0x08000000   Section      304  startup_stm32f103xe.o(RESET)
    .ARM.Collect$$$$00000000                 0x08000130   Section        0  entry.o(.ARM.Collect$$$$00000000)
    .ARM.Collect$$$$00000001                 0x08000130   Section        4  entry2.o(.ARM.Collect$$$$00000001)
    .ARM.Collect$$$$00000004                 0x08000134   Section        4  entry5.o(.ARM.Collect$$$$00000004)
    .ARM.Collect$$$$00000008                 0x08000138   Section        0  entry7b.o(.ARM.Collect$$$$00000008)
    .ARM.Collect$$$$00000009                 0x08000138   Section        4  entry8a.o(.ARM.Collect$$$$00000009)
    .ARM.Collect$$$$0000000A                 0x0800013c   Section        0  entry8b.o(.ARM.Collect$$$$0000000A)
    .ARM.Collect$$$$0000000B                 0x0800013c   Section        8  entry9a.o(.ARM.Collect$$$$0000000B)
    .ARM.Collect$$$$0000000D                 0x08000144   Section        0  entry10a.o(.ARM.Collect$$$$0000000D)
    .ARM.Collect$$$$0000000F                 0x08000144   Section        0  entry11a.o(.ARM.Collect$$$$0000000F)
    .ARM.Collect$$$$00002712                 0x08000144   Section        4  entry2.o(.ARM.Collect$$$$00002712)
    __lit__00000000                          0x08000144   Data           4  entry2.o(.ARM.Collect$$$$00002712)
    .text                                    0x08000148   Section       36  startup_stm32f103xe.o(.text)
    .text                                    0x0800016c   Section        0  memcpya.o(.text)
    .text                                    0x08000190   Section        0  memseta.o(.text)
    .text                                    0x080001b4   Section        0  strlen.o(.text)
    .text                                    0x080001c4   Section        0  cpp_init.o(.text)
    .text                                    0x080001e4   Section       36  init.o(.text)
    i.BusFault_Handler                       0x08000208   Section        0  stm32f1xx_it.o(i.BusFault_Handler)
    i.DMA1_Channel4_IRQHandler               0x0800020c   Section        0  stm32f1xx_it.o(i.DMA1_Channel4_IRQHandler)
    i.DMA1_Channel5_IRQHandler               0x08000218   Section        0  stm32f1xx_it.o(i.DMA1_Channel5_IRQHandler)
    i.DebugMon_Handler                       0x08000224   Section        0  stm32f1xx_it.o(i.DebugMon_Handler)
    i.Error_Handler                          0x08000226   Section        0  main.o(i.Error_Handler)
    i.HAL_DMA_Abort_IT                       0x08000228   Section        0  stm32f1xx_hal_dma.o(i.HAL_DMA_Abort_IT)
    i.HAL_DMA_IRQHandler                     0x08000358   Section        0  stm32f1xx_hal_dma.o(i.HAL_DMA_IRQHandler)
    i.HAL_DMA_Init                           0x080005a0   Section        0  stm32f1xx_hal_dma.o(i.HAL_DMA_Init)
    i.HAL_DMA_Start_IT                       0x0800061c   Section        0  stm32f1xx_hal_dma.o(i.HAL_DMA_Start_IT)
    i.HAL_Delay                              0x0800068c   Section        0  stm32f1xx_hal.o(i.HAL_Delay)
    i.HAL_GPIO_Init                          0x080006b0   Section        0  stm32f1xx_hal_gpio.o(i.HAL_GPIO_Init)
    i.HAL_GetTick                            0x080008a8   Section        0  stm32f1xx_hal.o(i.HAL_GetTick)
    i.HAL_IncTick                            0x080008b4   Section        0  stm32f1xx_hal.o(i.HAL_IncTick)
    i.HAL_Init                               0x080008c4   Section        0  stm32f1xx_hal.o(i.HAL_Init)
    i.HAL_InitTick                           0x080008e8   Section        0  stm32f1xx_hal.o(i.HAL_InitTick)
    i.HAL_MspInit                            0x08000928   Section        0  stm32f1xx_hal_msp.o(i.HAL_MspInit)
    i.HAL_NVIC_EnableIRQ                     0x08000964   Section        0  stm32f1xx_hal_cortex.o(i.HAL_NVIC_EnableIRQ)
    i.HAL_NVIC_SetPriority                   0x08000980   Section        0  stm32f1xx_hal_cortex.o(i.HAL_NVIC_SetPriority)
    i.HAL_NVIC_SetPriorityGrouping           0x080009c0   Section        0  stm32f1xx_hal_cortex.o(i.HAL_NVIC_SetPriorityGrouping)
    i.HAL_RCC_ClockConfig                    0x080009e4   Section        0  stm32f1xx_hal_rcc.o(i.HAL_RCC_ClockConfig)
    i.HAL_RCC_GetPCLK1Freq                   0x08000b10   Section        0  stm32f1xx_hal_rcc.o(i.HAL_RCC_GetPCLK1Freq)
    i.HAL_RCC_GetPCLK2Freq                   0x08000b30   Section        0  stm32f1xx_hal_rcc.o(i.HAL_RCC_GetPCLK2Freq)
    i.HAL_RCC_GetSysClockFreq                0x08000b50   Section        0  stm32f1xx_hal_rcc.o(i.HAL_RCC_GetSysClockFreq)
    i.HAL_RCC_OscConfig                      0x08000bbc   Section        0  stm32f1xx_hal_rcc.o(i.HAL_RCC_OscConfig)
    i.HAL_SYSTICK_Config                     0x08000edc   Section        0  stm32f1xx_hal_cortex.o(i.HAL_SYSTICK_Config)
    i.HAL_TIMEx_MasterConfigSynchronization  0x08000f04   Section        0  stm32f1xx_hal_tim_ex.o(i.HAL_TIMEx_MasterConfigSynchronization)
    i.HAL_TIM_Base_Init                      0x08000f80   Section        0  stm32f1xx_hal_tim.o(i.HAL_TIM_Base_Init)
    i.HAL_TIM_Base_MspInit                   0x08000fdc   Section        0  tim.o(i.HAL_TIM_Base_MspInit)
    i.HAL_TIM_Base_Start                     0x08001000   Section        0  stm32f1xx_hal_tim.o(i.HAL_TIM_Base_Start)
    i.HAL_TIM_ConfigClockSource              0x08001064   Section        0  stm32f1xx_hal_tim.o(i.HAL_TIM_ConfigClockSource)
    i.HAL_UART_ErrorCallback                 0x0800113a   Section        0  stm32f1xx_hal_uart.o(i.HAL_UART_ErrorCallback)
    i.HAL_UART_IRQHandler                    0x0800113c   Section        0  stm32f1xx_hal_uart.o(i.HAL_UART_IRQHandler)
    i.HAL_UART_Init                          0x08001298   Section        0  stm32f1xx_hal_uart.o(i.HAL_UART_Init)
    i.HAL_UART_MspInit                       0x080012fc   Section        0  usart.o(i.HAL_UART_MspInit)
    i.HAL_UART_Receive_DMA                   0x080013e4   Section        0  stm32f1xx_hal_uart.o(i.HAL_UART_Receive_DMA)
    i.HAL_UART_RxCpltCallback                0x0800147c   Section        0  mainpp.o(i.HAL_UART_RxCpltCallback)
    i.HAL_UART_RxHalfCpltCallback            0x08001488   Section        0  stm32f1xx_hal_uart.o(i.HAL_UART_RxHalfCpltCallback)
    i.HAL_UART_Transmit_DMA                  0x0800148c   Section        0  stm32f1xx_hal_uart.o(i.HAL_UART_Transmit_DMA)
    i.HAL_UART_TxCpltCallback                0x0800150c   Section        0  mainpp.o(i.HAL_UART_TxCpltCallback)
    i.HAL_UART_TxHalfCpltCallback            0x08001518   Section        0  stm32f1xx_hal_uart.o(i.HAL_UART_TxHalfCpltCallback)
    i.HardFault_Handler                      0x0800151a   Section        0  stm32f1xx_it.o(i.HardFault_Handler)
    i.MX_DMA_Init                            0x0800151c   Section        0  dma.o(i.MX_DMA_Init)
    i.MX_GPIO_Init                           0x08001558   Section        0  gpio.o(i.MX_GPIO_Init)
    i.MX_TIM2_Init                           0x08001574   Section        0  tim.o(i.MX_TIM2_Init)
    i.MX_USART1_UART_Init                    0x080015dc   Section        0  usart.o(i.MX_USART1_UART_Init)
    i.MemManage_Handler                      0x08001614   Section        0  stm32f1xx_it.o(i.MemManage_Handler)
    i.NMI_Handler                            0x08001616   Section        0  stm32f1xx_it.o(i.NMI_Handler)
    i.PendSV_Handler                         0x08001618   Section        0  stm32f1xx_it.o(i.PendSV_Handler)
    i.SVC_Handler                            0x0800161a   Section        0  stm32f1xx_it.o(i.SVC_Handler)
    i.SysTick_Handler                        0x0800161c   Section        0  stm32f1xx_it.o(i.SysTick_Handler)
    i.SystemInit                             0x08001620   Section        0  system_stm32f1xx.o(i.SystemInit)
    i.TIM_Base_SetConfig                     0x08001624   Section        0  stm32f1xx_hal_tim.o(i.TIM_Base_SetConfig)
    i.TIM_ETR_SetConfig                      0x080016b0   Section        0  stm32f1xx_hal_tim.o(i.TIM_ETR_SetConfig)
    i.USART1_IRQHandler                      0x080016c4   Section        0  stm32f1xx_it.o(i.USART1_IRQHandler)
    i.UsageFault_Handler                     0x080016d0   Section        0  stm32f1xx_it.o(i.UsageFault_Handler)
    i._Z13DMA_SetConfigP19__DMA_HandleTypeDefjjj 0x080016d2   Section        0  stm32f1xx_hal_dma.o(i._Z13DMA_SetConfigP19__DMA_HandleTypeDefjjj)
    DMA_SetConfig(__DMA_HandleTypeDef*, unsigned, unsigned, unsigned) 0x080016d3   Thumb Code    42  stm32f1xx_hal_dma.o(i._Z13DMA_SetConfigP19__DMA_HandleTypeDefjjj)
    i._Z13UART_DMAErrorP19__DMA_HandleTypeDef 0x080016fc   Section        0  stm32f1xx_hal_uart.o(i._Z13UART_DMAErrorP19__DMA_HandleTypeDef)
    UART_DMAError(__DMA_HandleTypeDef*)      0x080016fd   Thumb Code    74  stm32f1xx_hal_uart.o(i._Z13UART_DMAErrorP19__DMA_HandleTypeDef)
    i._Z14UART_SetConfigP20__UART_HandleTypeDef 0x08001748   Section        0  stm32f1xx_hal_uart.o(i._Z14UART_SetConfigP20__UART_HandleTypeDef)
    UART_SetConfig(__UART_HandleTypeDef*)    0x08001749   Thumb Code   178  stm32f1xx_hal_uart.o(i._Z14UART_SetConfigP20__UART_HandleTypeDef)
    i._Z15UART_Receive_ITP20__UART_HandleTypeDef 0x08001800   Section        0  stm32f1xx_hal_uart.o(i._Z15UART_Receive_ITP20__UART_HandleTypeDef)
    UART_Receive_IT(__UART_HandleTypeDef*)   0x08001801   Thumb Code   140  stm32f1xx_hal_uart.o(i._Z15UART_Receive_ITP20__UART_HandleTypeDef)
    i._Z16command_callbackRKN8std_msgs6StringE 0x0800188c   Section        0  mainpp.o(i._Z16command_callbackRKN8std_msgs6StringE)
    i._Z18SystemClock_Configv                0x080018a8   Section        0  main.o(i._Z18SystemClock_Configv)
    i._Z18TIM_ITRx_SetConfigP11TIM_TypeDefj  0x080018f4   Section        0  stm32f1xx_hal_tim.o(i._Z18TIM_ITRx_SetConfigP11TIM_TypeDefj)
    TIM_ITRx_SetConfig(TIM_TypeDef*, unsigned) 0x080018f5   Thumb Code    16  stm32f1xx_hal_tim.o(i._Z18TIM_ITRx_SetConfigP11TIM_TypeDefj)
    i._Z18UART_DMARxHalfCpltP19__DMA_HandleTypeDef 0x08001904   Section        0  stm32f1xx_hal_uart.o(i._Z18UART_DMARxHalfCpltP19__DMA_HandleTypeDef)
    UART_DMARxHalfCplt(__DMA_HandleTypeDef*) 0x08001905   Thumb Code    10  stm32f1xx_hal_uart.o(i._Z18UART_DMARxHalfCpltP19__DMA_HandleTypeDef)
    i._Z18UART_DMATxHalfCpltP19__DMA_HandleTypeDef 0x0800190e   Section        0  stm32f1xx_hal_uart.o(i._Z18UART_DMATxHalfCpltP19__DMA_HandleTypeDef)
    UART_DMATxHalfCplt(__DMA_HandleTypeDef*) 0x0800190f   Thumb Code    10  stm32f1xx_hal_uart.o(i._Z18UART_DMATxHalfCpltP19__DMA_HandleTypeDef)
    i._Z18UART_EndRxTransferP20__UART_HandleTypeDef 0x08001918   Section        0  stm32f1xx_hal_uart.o(i._Z18UART_EndRxTransferP20__UART_HandleTypeDef)
    UART_EndRxTransfer(__UART_HandleTypeDef*) 0x08001919   Thumb Code    28  stm32f1xx_hal_uart.o(i._Z18UART_EndRxTransferP20__UART_HandleTypeDef)
    i._Z18UART_EndTxTransferP20__UART_HandleTypeDef 0x08001934   Section        0  stm32f1xx_hal_uart.o(i._Z18UART_EndTxTransferP20__UART_HandleTypeDef)
    UART_EndTxTransfer(__UART_HandleTypeDef*) 0x08001935   Thumb Code    18  stm32f1xx_hal_uart.o(i._Z18UART_EndTxTransferP20__UART_HandleTypeDef)
    i._Z18__NVIC_SetPriority9IRQn_Typej      0x08001946   Section        0  stm32f1xx_hal_cortex.o(i._Z18__NVIC_SetPriority9IRQn_Typej)
    __NVIC_SetPriority(IRQn_Type, unsigned)  0x08001947   Thumb Code    32  stm32f1xx_hal_cortex.o(i._Z18__NVIC_SetPriority9IRQn_Typej)
    i._Z19UART_DMAReceiveCpltP19__DMA_HandleTypeDef 0x08001966   Section        0  stm32f1xx_hal_uart.o(i._Z19UART_DMAReceiveCpltP19__DMA_HandleTypeDef)
    UART_DMAReceiveCplt(__DMA_HandleTypeDef*) 0x08001967   Thumb Code    60  stm32f1xx_hal_uart.o(i._Z19UART_DMAReceiveCpltP19__DMA_HandleTypeDef)
    i._Z20UART_DMAAbortOnErrorP19__DMA_HandleTypeDef 0x080019a2   Section        0  stm32f1xx_hal_uart.o(i._Z20UART_DMAAbortOnErrorP19__DMA_HandleTypeDef)
    UART_DMAAbortOnError(__DMA_HandleTypeDef*) 0x080019a3   Thumb Code    16  stm32f1xx_hal_uart.o(i._Z20UART_DMAAbortOnErrorP19__DMA_HandleTypeDef)
    i._Z20UART_DMATransmitCpltP19__DMA_HandleTypeDef 0x080019b2   Section        0  stm32f1xx_hal_uart.o(i._Z20UART_DMATransmitCpltP19__DMA_HandleTypeDef)
    UART_DMATransmitCplt(__DMA_HandleTypeDef*) 0x080019b3   Thumb Code    46  stm32f1xx_hal_uart.o(i._Z20UART_DMATransmitCpltP19__DMA_HandleTypeDef)
    i._Z24TIM_TI1_ConfigInputStageP11TIM_TypeDefjj 0x080019e0   Section        0  stm32f1xx_hal_tim.o(i._Z24TIM_TI1_ConfigInputStageP11TIM_TypeDefjj)
    TIM_TI1_ConfigInputStage(TIM_TypeDef*, unsigned, unsigned) 0x080019e1   Thumb Code    34  stm32f1xx_hal_tim.o(i._Z24TIM_TI1_ConfigInputStageP11TIM_TypeDefjj)
    i._Z24TIM_TI2_ConfigInputStageP11TIM_TypeDefjj 0x08001a02   Section        0  stm32f1xx_hal_tim.o(i._Z24TIM_TI2_ConfigInputStageP11TIM_TypeDefjj)
    TIM_TI2_ConfigInputStage(TIM_TypeDef*, unsigned, unsigned) 0x08001a03   Thumb Code    36  stm32f1xx_hal_tim.o(i._Z24TIM_TI2_ConfigInputStageP11TIM_TypeDefjj)
    i._ZN13STM32Hardware10reset_rbufEv       0x08001a26   Section        0  mainpp.o(i._ZN13STM32Hardware10reset_rbufEv)
    i._ZN13STM32Hardware5flushEv             0x08001a34   Section        0  mainpp.o(i._ZN13STM32Hardware5flushEv)
    i._ZN14rosserial_msgs20RequestParamResponse11deserializeEPh 0x08001a88   Section        0  mainpp.o(i._ZN14rosserial_msgs20RequestParamResponse11deserializeEPh)
    i._ZN14rosserial_msgs20RequestParamResponse6getMD5Ev 0x08001b74   Section        0  mainpp.o(i._ZN14rosserial_msgs20RequestParamResponse6getMD5Ev)
    i._ZN14rosserial_msgs20RequestParamResponse7getTypeEv 0x08001b7c   Section        0  mainpp.o(i._ZN14rosserial_msgs20RequestParamResponse7getTypeEv)
    i._ZN14rosserial_msgs3Log6getMD5Ev       0x08001b84   Section        0  mainpp.o(i._ZN14rosserial_msgs3Log6getMD5Ev)
    i._ZN14rosserial_msgs3Log7getTypeEv      0x08001b8c   Section        0  mainpp.o(i._ZN14rosserial_msgs3Log7getTypeEv)
    i._ZN14rosserial_msgs9TopicInfo6getMD5Ev 0x08001b94   Section        0  mainpp.o(i._ZN14rosserial_msgs9TopicInfo6getMD5Ev)
    i._ZN14rosserial_msgs9TopicInfo7getTypeEv 0x08001b9c   Section        0  mainpp.o(i._ZN14rosserial_msgs9TopicInfo7getTypeEv)
    i._ZN3ros16normalizeSecNSecERmS0_        0x08001ba4   Section        0  time.o(i._ZN3ros16normalizeSecNSecERmS0_)
    i._ZN8std_msgs4Time11deserializeEPh      0x08001bc4   Section        0  mainpp.o(i._ZN8std_msgs4Time11deserializeEPh)
    i._ZN8std_msgs4Time6getMD5Ev             0x08001c04   Section        0  mainpp.o(i._ZN8std_msgs4Time6getMD5Ev)
    i._ZN8std_msgs4Time7getTypeEv            0x08001c0c   Section        0  mainpp.o(i._ZN8std_msgs4Time7getTypeEv)
    i._ZN8std_msgs4TimeC1Ev                  0x08001c14   Section        0  mainpp.o(i._ZN8std_msgs4TimeC1Ev)
    i._ZN8std_msgs6String11deserializeEPh    0x08001c24   Section        0  mainpp.o(i._ZN8std_msgs6String11deserializeEPh)
    i._ZN8std_msgs6String6getMD5Ev           0x08001c50   Section        0  mainpp.o(i._ZN8std_msgs6String6getMD5Ev)
    i._ZN8std_msgs6String7getTypeEv          0x08001c58   Section        0  mainpp.o(i._ZN8std_msgs6String7getTypeEv)
    i._ZNK14rosserial_msgs20RequestParamResponse9serializeEPh 0x08001c60   Section        0  mainpp.o(i._ZNK14rosserial_msgs20RequestParamResponse9serializeEPh)
    i._ZNK14rosserial_msgs3Log9serializeEPh  0x08001d1c   Section        0  mainpp.o(i._ZNK14rosserial_msgs3Log9serializeEPh)
    i._ZNK14rosserial_msgs9TopicInfo9serializeEPh 0x08001d40   Section        0  mainpp.o(i._ZNK14rosserial_msgs9TopicInfo9serializeEPh)
    i._ZNK8std_msgs4Time9serializeEPh        0x08001db6   Section        0  mainpp.o(i._ZNK8std_msgs4Time9serializeEPh)
    i._ZNK8std_msgs6String9serializeEPh      0x08001de8   Section        0  mainpp.o(i._ZNK8std_msgs6String9serializeEPh)
    i.__free$realloc                         0x08001e08   Section        0  mallocr.o(i.__free$realloc)
    i.__malloc$realloc                       0x08001e64   Section        0  mallocr.o(i.__malloc$realloc)
    i.__scatterload_copy                     0x08001eb4   Section       14  handlers.o(i.__scatterload_copy)
    i.__scatterload_null                     0x08001ec2   Section        2  handlers.o(i.__scatterload_null)
    i.__scatterload_zeroinit                 0x08001ec4   Section       14  handlers.o(i.__scatterload_zeroinit)
    i.__sti___10_mainpp_cpp_nh               0x08001ed4   Section        0  mainpp.o(i.__sti___10_mainpp_cpp_nh)
    __sti___10_mainpp_cpp_nh                 0x08001ed5   Thumb Code    50  mainpp.o(i.__sti___10_mainpp_cpp_nh)
    i.internal_alloc                         0x08001f38   Section        0  mallocr.o(i.internal_alloc)
    internal_alloc                           0x08001f39   Thumb Code    76  mallocr.o(i.internal_alloc)
    i.loop                                   0x08001f88   Section        0  mainpp.o(i.loop)
    i.main                                   0x08001fa0   Section        0  main.o(i.main)
    i.realloc                                0x08001fc4   Section        0  mallocr.o(i.realloc)
    i.setup                                  0x08002030   Section        0  mainpp.o(i.setup)
    t._ZN3ros10SubscriberIN8std_msgs6StringEE10getMsgTypeEv 0x080020a8   Section        0  mainpp.o(t._ZN3ros10SubscriberIN8std_msgs6StringEE10getMsgTypeEv)
    t._ZN3ros10SubscriberIN8std_msgs6StringEE15getEndpointTypeEv 0x080020b0   Section        0  mainpp.o(t._ZN3ros10SubscriberIN8std_msgs6StringEE15getEndpointTypeEv)
    t._ZN3ros10SubscriberIN8std_msgs6StringEE8callbackEPh 0x080020b4   Section        0  mainpp.o(t._ZN3ros10SubscriberIN8std_msgs6StringEE8callbackEPh)
    t._ZN3ros10SubscriberIN8std_msgs6StringEE9getMsgMD5Ev 0x080020cc   Section        0  mainpp.o(t._ZN3ros10SubscriberIN8std_msgs6StringEE9getMsgMD5Ev)
    t._ZN3ros11NodeHandle_I13STM32HardwareLi25ELi25ELi512ELi512EE15negotiateTopicsEv 0x080020d4   Section        0  mainpp.o(t._ZN3ros11NodeHandle_I13STM32HardwareLi25ELi25ELi512ELi512EE15negotiateTopicsEv)
    t._ZN3ros11NodeHandle_I13STM32HardwareLi25ELi25ELi512ELi512EE15requestSyncTimeEv 0x08002190   Section        0  mainpp.o(t._ZN3ros11NodeHandle_I13STM32HardwareLi25ELi25ELi512ELi512EE15requestSyncTimeEv)
    t._ZN3ros11NodeHandle_I13STM32HardwareLi25ELi25ELi512ELi512EE7publishEiPKNS_3MsgE 0x080021b4   Section        0  mainpp.o(t._ZN3ros11NodeHandle_I13STM32HardwareLi25ELi25ELi512ELi512EE7publishEiPKNS_3MsgE)
    t._ZN3ros11NodeHandle_I13STM32HardwareLi25ELi25ELi512ELi512EE8spinOnceEv 0x080022b8   Section        0  mainpp.o(t._ZN3ros11NodeHandle_I13STM32HardwareLi25ELi25ELi512ELi512EE8spinOnceEv)
    t._ZN3ros11NodeHandle_I13STM32HardwareLi25ELi25ELi512ELi512EEC1Ev 0x08002544   Section        0  mainpp.o(t._ZN3ros11NodeHandle_I13STM32HardwareLi25ELi25ELi512ELi512EEC1Ev)
    .constdata                               0x080025d0   Section       28  mainpp.o(.constdata)
    rosserial_msgs::REQUESTPARAM             0x080025d0   Data          28  mainpp.o(.constdata)
    .constdata                               0x080025ec   Section       16  system_stm32f1xx.o(.constdata)
    .constdata                               0x080025fc   Section        8  system_stm32f1xx.o(.constdata)
    .constdata__ZTVN14rosserial_msgs20RequestParamResponseE 0x08002604   Section       24  mainpp.o(.constdata__ZTVN14rosserial_msgs20RequestParamResponseE)
    .constdata__ZTVN14rosserial_msgs3LogE    0x0800261c   Section       24  mainpp.o(.constdata__ZTVN14rosserial_msgs3LogE)
    .constdata__ZTVN14rosserial_msgs9TopicInfoE 0x08002634   Section       24  mainpp.o(.constdata__ZTVN14rosserial_msgs9TopicInfoE)
    .constdata__ZTVN3ros10SubscriberIN8std_msgs6StringEEE 0x0800264c   Section       24  mainpp.o(.constdata__ZTVN3ros10SubscriberIN8std_msgs6StringEEE)
    .constdata__ZTVN3ros11NodeHandle_I13STM32HardwareLi25ELi25ELi512ELi512EEE 0x08002664   Section       20  mainpp.o(.constdata__ZTVN3ros11NodeHandle_I13STM32HardwareLi25ELi25ELi512ELi512EEE)
    .constdata__ZTVN8std_msgs4TimeE          0x08002678   Section       24  mainpp.o(.constdata__ZTVN8std_msgs4TimeE)
    .constdata__ZTVN8std_msgs6StringE        0x08002690   Section       24  mainpp.o(.constdata__ZTVN8std_msgs6StringE)
    .constdata__ZZN14rosserial_msgs20RequestParamResponse6getMD5EvEs 0x080026a8   Section       33  mainpp.o(.constdata__ZZN14rosserial_msgs20RequestParamResponse6getMD5EvEs)
    .constdata__ZZN14rosserial_msgs3Log6getMD5EvEs 0x080026c9   Section       33  mainpp.o(.constdata__ZZN14rosserial_msgs3Log6getMD5EvEs)
    .constdata__ZZN14rosserial_msgs3Log7getTypeEvEs 0x080026ea   Section       19  mainpp.o(.constdata__ZZN14rosserial_msgs3Log7getTypeEvEs)
    .constdata__ZZN14rosserial_msgs9TopicInfo6getMD5EvEs 0x080026fd   Section       33  mainpp.o(.constdata__ZZN14rosserial_msgs9TopicInfo6getMD5EvEs)
    .constdata__ZZN14rosserial_msgs9TopicInfo7getTypeEvEs 0x0800271e   Section       25  mainpp.o(.constdata__ZZN14rosserial_msgs9TopicInfo7getTypeEvEs)
    .constdata__ZZN3ros11NodeHandle_I13STM32HardwareLi25ELi25ELi512ELi512EE7publishEiPKNS_3MsgEEs 0x08002737   Section       57  mainpp.o(.constdata__ZZN3ros11NodeHandle_I13STM32HardwareLi25ELi25ELi512ELi512EE7publishEiPKNS_3MsgEEs)
    .constdata__ZZN8std_msgs4Time6getMD5EvEs 0x08002770   Section       33  mainpp.o(.constdata__ZZN8std_msgs4Time6getMD5EvEs)
    .constdata__ZZN8std_msgs4Time7getTypeEvEs 0x08002791   Section       14  mainpp.o(.constdata__ZZN8std_msgs4Time7getTypeEvEs)
    .constdata__ZZN8std_msgs6String6getMD5EvEs 0x0800279f   Section       33  mainpp.o(.constdata__ZZN8std_msgs6String6getMD5EvEs)
    .constdata__ZZN8std_msgs6String7getTypeEvEs 0x080027c0   Section       16  mainpp.o(.constdata__ZZN8std_msgs6String7getTypeEvEs)
    .init_array                              0x080027f0   Section        4  mainpp.o(.init_array)
    .init_array                              0x080027f4   Section        0  cpp_init.o(.init_array)
    .data                                    0x20000000   Section        8  mainpp.o(.data)
    .data                                    0x20000008   Section       12  stm32f1xx_hal.o(.data)
    .data                                    0x20000014   Section        4  system_stm32f1xx.o(.data)
    .data                                    0x20000018   Section        4  mvars.o(.data)
    .data                                    0x2000001c   Section        4  mvars.o(.data)
    .data__ZZN13STM32Hardware5flushEvE5mutex 0x20000020   Section        1  mainpp.o(.data__ZZN13STM32Hardware5flushEvE5mutex)
    .bss                                     0x20000024   Section     1772  mainpp.o(.bss)
    .bss                                     0x20000710   Section       72  tim.o(.bss)
    .bss                                     0x20000758   Section      200  usart.o(.bss)
    HEAP                                     0x20000820   Section      512  startup_stm32f103xe.o(HEAP)
    STACK                                    0x20000a20   Section     1024  startup_stm32f103xe.o(STACK)

    Global Symbols

    Symbol Name                              Value     Ov Type        Size  Object(Section)

    BuildAttributes$$THM_ISAv4$P$D$K$B$S$PE$A:L22UL41UL21$X:L11$S22US41US21$IEEE1$IW$USESV6$~STKCKD$USESV7$~SHL$OSPACE$EBA8$UX$MICROLIB$REQ8$PRES8$EABIv2 0x00000000   Number         0  anon$$obj.o ABSOLUTE
    __ARM_use_no_argv                        0x00000000   Number         0  main.o ABSOLUTE
    __ARM::default_unexpected_handler()       - Undefined Weak Reference
    __ARM_exceptions_buffer_required          - Undefined Weak Reference
    __cxa_finalize                            - Undefined Weak Reference
    __decompress                              - Undefined Weak Reference
    _clock_init                               - Undefined Weak Reference
    _microlib_exit                            - Undefined Weak Reference
    __Vectors_Size                           0x00000130   Number         0  startup_stm32f103xe.o ABSOLUTE
    __Vectors                                0x08000000   Data           4  startup_stm32f103xe.o(RESET)
    __Vectors_End                            0x08000130   Data           0  startup_stm32f103xe.o(RESET)
    __main                                   0x08000131   Thumb Code     0  entry.o(.ARM.Collect$$$$00000000)
    _main_stk                                0x08000131   Thumb Code     0  entry2.o(.ARM.Collect$$$$00000001)
    _main_scatterload                        0x08000135   Thumb Code     0  entry5.o(.ARM.Collect$$$$00000004)
    __main_after_scatterload                 0x08000139   Thumb Code     0  entry5.o(.ARM.Collect$$$$00000004)
    _main_clock                              0x08000139   Thumb Code     0  entry7b.o(.ARM.Collect$$$$00000008)
    _main_cpp_init$empty                     0x08000139   Thumb Code     0  entry8a.o(.ARM.Collect$$$$00000009)
    _main_cpp_init                           0x0800013d   Thumb Code     0  entry8b.o(.ARM.Collect$$$$0000000A)
    _main_init                               0x0800013d   Thumb Code     0  entry9a.o(.ARM.Collect$$$$0000000B)
    __rt_final_cpp                           0x08000145   Thumb Code     0  entry10a.o(.ARM.Collect$$$$0000000D)
    __rt_final_exit                          0x08000145   Thumb Code     0  entry11a.o(.ARM.Collect$$$$0000000F)
    Reset_Handler                            0x08000149   Thumb Code     8  startup_stm32f103xe.o(.text)
    ADC1_2_IRQHandler                        0x08000163   Thumb Code     0  startup_stm32f103xe.o(.text)
    ADC3_IRQHandler                          0x08000163   Thumb Code     0  startup_stm32f103xe.o(.text)
    CAN1_RX1_IRQHandler                      0x08000163   Thumb Code     0  startup_stm32f103xe.o(.text)
    CAN1_SCE_IRQHandler                      0x08000163   Thumb Code     0  startup_stm32f103xe.o(.text)
    DMA1_Channel1_IRQHandler                 0x08000163   Thumb Code     0  startup_stm32f103xe.o(.text)
    DMA1_Channel2_IRQHandler                 0x08000163   Thumb Code     0  startup_stm32f103xe.o(.text)
    DMA1_Channel3_IRQHandler                 0x08000163   Thumb Code     0  startup_stm32f103xe.o(.text)
    DMA1_Channel6_IRQHandler                 0x08000163   Thumb Code     0  startup_stm32f103xe.o(.text)
    DMA1_Channel7_IRQHandler                 0x08000163   Thumb Code     0  startup_stm32f103xe.o(.text)
    DMA2_Channel1_IRQHandler                 0x08000163   Thumb Code     0  startup_stm32f103xe.o(.text)
    DMA2_Channel2_IRQHandler                 0x08000163   Thumb Code     0  startup_stm32f103xe.o(.text)
    DMA2_Channel3_IRQHandler                 0x08000163   Thumb Code     0  startup_stm32f103xe.o(.text)
    DMA2_Channel4_5_IRQHandler               0x08000163   Thumb Code     0  startup_stm32f103xe.o(.text)
    EXTI0_IRQHandler                         0x08000163   Thumb Code     0  startup_stm32f103xe.o(.text)
    EXTI15_10_IRQHandler                     0x08000163   Thumb Code     0  startup_stm32f103xe.o(.text)
    EXTI1_IRQHandler                         0x08000163   Thumb Code     0  startup_stm32f103xe.o(.text)
    EXTI2_IRQHandler                         0x08000163   Thumb Code     0  startup_stm32f103xe.o(.text)
    EXTI3_IRQHandler                         0x08000163   Thumb Code     0  startup_stm32f103xe.o(.text)
    EXTI4_IRQHandler                         0x08000163   Thumb Code     0  startup_stm32f103xe.o(.text)
    EXTI9_5_IRQHandler                       0x08000163   Thumb Code     0  startup_stm32f103xe.o(.text)
    FLASH_IRQHandler                         0x08000163   Thumb Code     0  startup_stm32f103xe.o(.text)
    FSMC_IRQHandler                          0x08000163   Thumb Code     0  startup_stm32f103xe.o(.text)
    I2C1_ER_IRQHandler                       0x08000163   Thumb Code     0  startup_stm32f103xe.o(.text)
    I2C1_EV_IRQHandler                       0x08000163   Thumb Code     0  startup_stm32f103xe.o(.text)
    I2C2_ER_IRQHandler                       0x08000163   Thumb Code     0  startup_stm32f103xe.o(.text)
    I2C2_EV_IRQHandler                       0x08000163   Thumb Code     0  startup_stm32f103xe.o(.text)
    PVD_IRQHandler                           0x08000163   Thumb Code     0  startup_stm32f103xe.o(.text)
    RCC_IRQHandler                           0x08000163   Thumb Code     0  startup_stm32f103xe.o(.text)
    RTC_Alarm_IRQHandler                     0x08000163   Thumb Code     0  startup_stm32f103xe.o(.text)
    RTC_IRQHandler                           0x08000163   Thumb Code     0  startup_stm32f103xe.o(.text)
    SDIO_IRQHandler                          0x08000163   Thumb Code     0  startup_stm32f103xe.o(.text)
    SPI1_IRQHandler                          0x08000163   Thumb Code     0  startup_stm32f103xe.o(.text)
    SPI2_IRQHandler                          0x08000163   Thumb Code     0  startup_stm32f103xe.o(.text)
    SPI3_IRQHandler                          0x08000163   Thumb Code     0  startup_stm32f103xe.o(.text)
    TAMPER_IRQHandler                        0x08000163   Thumb Code     0  startup_stm32f103xe.o(.text)
    TIM1_BRK_IRQHandler                      0x08000163   Thumb Code     0  startup_stm32f103xe.o(.text)
    TIM1_CC_IRQHandler                       0x08000163   Thumb Code     0  startup_stm32f103xe.o(.text)
    TIM1_TRG_COM_IRQHandler                  0x08000163   Thumb Code     0  startup_stm32f103xe.o(.text)
    TIM1_UP_IRQHandler                       0x08000163   Thumb Code     0  startup_stm32f103xe.o(.text)
    TIM2_IRQHandler                          0x08000163   Thumb Code     0  startup_stm32f103xe.o(.text)
    TIM3_IRQHandler                          0x08000163   Thumb Code     0  startup_stm32f103xe.o(.text)
    TIM4_IRQHandler                          0x08000163   Thumb Code     0  startup_stm32f103xe.o(.text)
    TIM5_IRQHandler                          0x08000163   Thumb Code     0  startup_stm32f103xe.o(.text)
    TIM6_IRQHandler                          0x08000163   Thumb Code     0  startup_stm32f103xe.o(.text)
    TIM7_IRQHandler                          0x08000163   Thumb Code     0  startup_stm32f103xe.o(.text)
    TIM8_BRK_IRQHandler                      0x08000163   Thumb Code     0  startup_stm32f103xe.o(.text)
    TIM8_CC_IRQHandler                       0x08000163   Thumb Code     0  startup_stm32f103xe.o(.text)
    TIM8_TRG_COM_IRQHandler                  0x08000163   Thumb Code     0  startup_stm32f103xe.o(.text)
    TIM8_UP_IRQHandler                       0x08000163   Thumb Code     0  startup_stm32f103xe.o(.text)
    UART4_IRQHandler                         0x08000163   Thumb Code     0  startup_stm32f103xe.o(.text)
    UART5_IRQHandler                         0x08000163   Thumb Code     0  startup_stm32f103xe.o(.text)
    USART2_IRQHandler                        0x08000163   Thumb Code     0  startup_stm32f103xe.o(.text)
    USART3_IRQHandler                        0x08000163   Thumb Code     0  startup_stm32f103xe.o(.text)
    USBWakeUp_IRQHandler                     0x08000163   Thumb Code     0  startup_stm32f103xe.o(.text)
    USB_HP_CAN1_TX_IRQHandler                0x08000163   Thumb Code     0  startup_stm32f103xe.o(.text)
    USB_LP_CAN1_RX0_IRQHandler               0x08000163   Thumb Code     0  startup_stm32f103xe.o(.text)
    WWDG_IRQHandler                          0x08000163   Thumb Code     0  startup_stm32f103xe.o(.text)
    __aeabi_memcpy                           0x0800016d   Thumb Code    36  memcpya.o(.text)
    __aeabi_memcpy4                          0x0800016d   Thumb Code     0  memcpya.o(.text)
    __aeabi_memcpy8                          0x0800016d   Thumb Code     0  memcpya.o(.text)
    __aeabi_memset                           0x08000191   Thumb Code    14  memseta.o(.text)
    __aeabi_memset4                          0x08000191   Thumb Code     0  memseta.o(.text)
    __aeabi_memset8                          0x08000191   Thumb Code     0  memseta.o(.text)
    __aeabi_memclr                           0x0800019f   Thumb Code     4  memseta.o(.text)
    __aeabi_memclr4                          0x0800019f   Thumb Code     0  memseta.o(.text)
    __aeabi_memclr8                          0x0800019f   Thumb Code     0  memseta.o(.text)
    _memset$wrapper                          0x080001a3   Thumb Code    18  memseta.o(.text)
    strlen                                   0x080001b5   Thumb Code    14  strlen.o(.text)
    __cpp_initialize__aeabi_                 0x080001c5   Thumb Code    22  cpp_init.o(.text)
    __scatterload                            0x080001e5   Thumb Code    28  init.o(.text)
    __scatterload_rt2                        0x080001e5   Thumb Code     0  init.o(.text)
    BusFault_Handler                         0x08000209   Thumb Code     2  stm32f1xx_it.o(i.BusFault_Handler)
    DMA1_Channel4_IRQHandler                 0x0800020d   Thumb Code     6  stm32f1xx_it.o(i.DMA1_Channel4_IRQHandler)
    DMA1_Channel5_IRQHandler                 0x08000219   Thumb Code     6  stm32f1xx_it.o(i.DMA1_Channel5_IRQHandler)
    DebugMon_Handler                         0x08000225   Thumb Code     2  stm32f1xx_it.o(i.DebugMon_Handler)
    Error_Handler                            0x08000227   Thumb Code     2  main.o(i.Error_Handler)
    HAL_DMA_Abort_IT                         0x08000229   Thumb Code   296  stm32f1xx_hal_dma.o(i.HAL_DMA_Abort_IT)
    HAL_DMA_IRQHandler                       0x08000359   Thumb Code   552  stm32f1xx_hal_dma.o(i.HAL_DMA_IRQHandler)
    HAL_DMA_Init                             0x080005a1   Thumb Code   112  stm32f1xx_hal_dma.o(i.HAL_DMA_Init)
    HAL_DMA_Start_IT                         0x0800061d   Thumb Code   112  stm32f1xx_hal_dma.o(i.HAL_DMA_Start_IT)
    HAL_Delay                                0x0800068d   Thumb Code    32  stm32f1xx_hal.o(i.HAL_Delay)
    HAL_GPIO_Init                            0x080006b1   Thumb Code   462  stm32f1xx_hal_gpio.o(i.HAL_GPIO_Init)
    HAL_GetTick                              0x080008a9   Thumb Code     6  stm32f1xx_hal.o(i.HAL_GetTick)
    HAL_IncTick                              0x080008b5   Thumb Code    12  stm32f1xx_hal.o(i.HAL_IncTick)
    HAL_Init                                 0x080008c5   Thumb Code    32  stm32f1xx_hal.o(i.HAL_Init)
    HAL_InitTick                             0x080008e9   Thumb Code    54  stm32f1xx_hal.o(i.HAL_InitTick)
    HAL_MspInit                              0x08000929   Thumb Code    52  stm32f1xx_hal_msp.o(i.HAL_MspInit)
    HAL_NVIC_EnableIRQ                       0x08000965   Thumb Code    26  stm32f1xx_hal_cortex.o(i.HAL_NVIC_EnableIRQ)
    HAL_NVIC_SetPriority                     0x08000981   Thumb Code    60  stm32f1xx_hal_cortex.o(i.HAL_NVIC_SetPriority)
    HAL_NVIC_SetPriorityGrouping             0x080009c1   Thumb Code    26  stm32f1xx_hal_cortex.o(i.HAL_NVIC_SetPriorityGrouping)
    HAL_RCC_ClockConfig                      0x080009e5   Thumb Code   280  stm32f1xx_hal_rcc.o(i.HAL_RCC_ClockConfig)
    HAL_RCC_GetPCLK1Freq                     0x08000b11   Thumb Code    20  stm32f1xx_hal_rcc.o(i.HAL_RCC_GetPCLK1Freq)
    HAL_RCC_GetPCLK2Freq                     0x08000b31   Thumb Code    20  stm32f1xx_hal_rcc.o(i.HAL_RCC_GetPCLK2Freq)
    HAL_RCC_GetSysClockFreq                  0x08000b51   Thumb Code    76  stm32f1xx_hal_rcc.o(i.HAL_RCC_GetSysClockFreq)
    HAL_RCC_OscConfig                        0x08000bbd   Thumb Code   778  stm32f1xx_hal_rcc.o(i.HAL_RCC_OscConfig)
    HAL_SYSTICK_Config                       0x08000edd   Thumb Code    40  stm32f1xx_hal_cortex.o(i.HAL_SYSTICK_Config)
    HAL_TIMEx_MasterConfigSynchronization    0x08000f05   Thumb Code   104  stm32f1xx_hal_tim_ex.o(i.HAL_TIMEx_MasterConfigSynchronization)
    HAL_TIM_Base_Init                        0x08000f81   Thumb Code    90  stm32f1xx_hal_tim.o(i.HAL_TIM_Base_Init)
    HAL_TIM_Base_MspInit                     0x08000fdd   Thumb Code    30  tim.o(i.HAL_TIM_Base_MspInit)
    HAL_TIM_Base_Start                       0x08001001   Thumb Code    78  stm32f1xx_hal_tim.o(i.HAL_TIM_Base_Start)
    HAL_TIM_ConfigClockSource                0x08001065   Thumb Code   214  stm32f1xx_hal_tim.o(i.HAL_TIM_ConfigClockSource)
    HAL_UART_ErrorCallback                   0x0800113b   Thumb Code     2  stm32f1xx_hal_uart.o(i.HAL_UART_ErrorCallback)
    HAL_UART_IRQHandler                      0x0800113d   Thumb Code   344  stm32f1xx_hal_uart.o(i.HAL_UART_IRQHandler)
    HAL_UART_Init                            0x08001299   Thumb Code    98  stm32f1xx_hal_uart.o(i.HAL_UART_Init)
    HAL_UART_MspInit                         0x080012fd   Thumb Code   210  usart.o(i.HAL_UART_MspInit)
    HAL_UART_Receive_DMA                     0x080013e5   Thumb Code   138  stm32f1xx_hal_uart.o(i.HAL_UART_Receive_DMA)
    HAL_UART_RxCpltCallback                  0x0800147d   Thumb Code     6  mainpp.o(i.HAL_UART_RxCpltCallback)
    HAL_UART_RxHalfCpltCallback              0x08001489   Thumb Code     2  stm32f1xx_hal_uart.o(i.HAL_UART_RxHalfCpltCallback)
    HAL_UART_Transmit_DMA                    0x0800148d   Thumb Code   114  stm32f1xx_hal_uart.o(i.HAL_UART_Transmit_DMA)
    HAL_UART_TxCpltCallback                  0x0800150d   Thumb Code     6  mainpp.o(i.HAL_UART_TxCpltCallback)
    HAL_UART_TxHalfCpltCallback              0x08001519   Thumb Code     2  stm32f1xx_hal_uart.o(i.HAL_UART_TxHalfCpltCallback)
    HardFault_Handler                        0x0800151b   Thumb Code     2  stm32f1xx_it.o(i.HardFault_Handler)
    MX_DMA_Init                              0x0800151d   Thumb Code    56  dma.o(i.MX_DMA_Init)
    MX_GPIO_Init                             0x08001559   Thumb Code    22  gpio.o(i.MX_GPIO_Init)
    MX_TIM2_Init                             0x08001575   Thumb Code    98  tim.o(i.MX_TIM2_Init)
    MX_USART1_UART_Init                      0x080015dd   Thumb Code    48  usart.o(i.MX_USART1_UART_Init)
    MemManage_Handler                        0x08001615   Thumb Code     2  stm32f1xx_it.o(i.MemManage_Handler)
    NMI_Handler                              0x08001617   Thumb Code     2  stm32f1xx_it.o(i.NMI_Handler)
    PendSV_Handler                           0x08001619   Thumb Code     2  stm32f1xx_it.o(i.PendSV_Handler)
    SVC_Handler                              0x0800161b   Thumb Code     2  stm32f1xx_it.o(i.SVC_Handler)
    SysTick_Handler                          0x0800161d   Thumb Code     4  stm32f1xx_it.o(i.SysTick_Handler)
    SystemInit                               0x08001621   Thumb Code     2  system_stm32f1xx.o(i.SystemInit)
    TIM_Base_SetConfig                       0x08001625   Thumb Code   120  stm32f1xx_hal_tim.o(i.TIM_Base_SetConfig)
    TIM_ETR_SetConfig                        0x080016b1   Thumb Code    20  stm32f1xx_hal_tim.o(i.TIM_ETR_SetConfig)
    USART1_IRQHandler                        0x080016c5   Thumb Code     6  stm32f1xx_it.o(i.USART1_IRQHandler)
    UsageFault_Handler                       0x080016d1   Thumb Code     2  stm32f1xx_it.o(i.UsageFault_Handler)
    command_callback(const std_msgs::String&) 0x0800188d   Thumb Code    20  mainpp.o(i._Z16command_callbackRKN8std_msgs6StringE)
    SystemClock_Config()                     0x080018a9   Thumb Code    76  main.o(i._Z18SystemClock_Configv)
    STM32Hardware::reset_rbuf()              0x08001a27   Thumb Code    14  mainpp.o(i._ZN13STM32Hardware10reset_rbufEv)
    STM32Hardware::flush()                   0x08001a35   Thumb Code    80  mainpp.o(i._ZN13STM32Hardware5flushEv)
    rosserial_msgs::RequestParamResponse::deserialize(unsigned char*) 0x08001a89   Thumb Code   236  mainpp.o(i._ZN14rosserial_msgs20RequestParamResponse11deserializeEPh)
    rosserial_msgs::RequestParamResponse::getMD5() 0x08001b75   Thumb Code     4  mainpp.o(i._ZN14rosserial_msgs20RequestParamResponse6getMD5Ev)
    rosserial_msgs::RequestParamResponse::getType() 0x08001b7d   Thumb Code     4  mainpp.o(i._ZN14rosserial_msgs20RequestParamResponse7getTypeEv)
    rosserial_msgs::Log::getMD5()            0x08001b85   Thumb Code     4  mainpp.o(i._ZN14rosserial_msgs3Log6getMD5Ev)
    rosserial_msgs::Log::getType()           0x08001b8d   Thumb Code     4  mainpp.o(i._ZN14rosserial_msgs3Log7getTypeEv)
    rosserial_msgs::TopicInfo::getMD5()      0x08001b95   Thumb Code     4  mainpp.o(i._ZN14rosserial_msgs9TopicInfo6getMD5Ev)
    rosserial_msgs::TopicInfo::getType()     0x08001b9d   Thumb Code     4  mainpp.o(i._ZN14rosserial_msgs9TopicInfo7getTypeEv)
    ros::normalizeSecNSec(unsigned long&, unsigned long&) 0x08001ba5   Thumb Code    28  time.o(i._ZN3ros16normalizeSecNSecERmS0_)
    std_msgs::Time::deserialize(unsigned char*) 0x08001bc5   Thumb Code    62  mainpp.o(i._ZN8std_msgs4Time11deserializeEPh)
    std_msgs::Time::getMD5()                 0x08001c05   Thumb Code     4  mainpp.o(i._ZN8std_msgs4Time6getMD5Ev)
    std_msgs::Time::getType()                0x08001c0d   Thumb Code     4  mainpp.o(i._ZN8std_msgs4Time7getTypeEv)
    std_msgs::Time::Time()                   0x08001c15   Thumb Code    12  mainpp.o(i._ZN8std_msgs4TimeC1Ev)
    std_msgs::Time::Time__sub_object()       0x08001c15   Thumb Code     0  mainpp.o(i._ZN8std_msgs4TimeC1Ev)
    std_msgs::String::deserialize(unsigned char*) 0x08001c25   Thumb Code    44  mainpp.o(i._ZN8std_msgs6String11deserializeEPh)
    std_msgs::String::getMD5()               0x08001c51   Thumb Code     4  mainpp.o(i._ZN8std_msgs6String6getMD5Ev)
    std_msgs::String::getType()              0x08001c59   Thumb Code     4  mainpp.o(i._ZN8std_msgs6String7getTypeEv)
    rosserial_msgs::RequestParamResponse::serialize(unsigned char*) const 0x08001c61   Thumb Code   188  mainpp.o(i._ZNK14rosserial_msgs20RequestParamResponse9serializeEPh)
    rosserial_msgs::Log::serialize(unsigned char*) const 0x08001d1d   Thumb Code    36  mainpp.o(i._ZNK14rosserial_msgs3Log9serializeEPh)
    rosserial_msgs::TopicInfo::serialize(unsigned char*) const 0x08001d41   Thumb Code   118  mainpp.o(i._ZNK14rosserial_msgs9TopicInfo9serializeEPh)
    std_msgs::Time::serialize(unsigned char*) const 0x08001db7   Thumb Code    50  mainpp.o(i._ZNK8std_msgs4Time9serializeEPh)
    std_msgs::String::serialize(unsigned char*) const 0x08001de9   Thumb Code    30  mainpp.o(i._ZNK8std_msgs6String9serializeEPh)
    __free$realloc                           0x08001e09   Thumb Code    88  mallocr.o(i.__free$realloc)
    malloc                                   0x08001e65   Thumb Code    64  mallocr.o(i.__malloc$realloc)
    __scatterload_copy                       0x08001eb5   Thumb Code    14  handlers.o(i.__scatterload_copy)
    __scatterload_null                       0x08001ec3   Thumb Code     2  handlers.o(i.__scatterload_null)
    __scatterload_zeroinit                   0x08001ec5   Thumb Code    14  handlers.o(i.__scatterload_zeroinit)
    loop                                     0x08001f89   Thumb Code    20  mainpp.o(i.loop)
    main                                     0x08001fa1   Thumb Code    34  main.o(i.main)
    realloc                                  0x08001fc5   Thumb Code   102  mallocr.o(i.realloc)
    setup                                    0x08002031   Thumb Code   116  mainpp.o(i.setup)
    ros::Subscriber<std_msgs::String>::getMsgType() 0x080020a9   Thumb Code     4  mainpp.o(t._ZN3ros10SubscriberIN8std_msgs6StringEE10getMsgTypeEv)
    ros::Subscriber<std_msgs::String>::getEndpointType() 0x080020b1   Thumb Code     4  mainpp.o(t._ZN3ros10SubscriberIN8std_msgs6StringEE15getEndpointTypeEv)
    ros::Subscriber<std_msgs::String>::callback(unsigned char*) 0x080020b5   Thumb Code    22  mainpp.o(t._ZN3ros10SubscriberIN8std_msgs6StringEE8callbackEPh)
    ros::Subscriber<std_msgs::String>::getMsgMD5() 0x080020cd   Thumb Code     4  mainpp.o(t._ZN3ros10SubscriberIN8std_msgs6StringEE9getMsgMD5Ev)
    ros::NodeHandle_<STM32Hardware, (int)25, (int)25, (int)512, (int)512>::negotiateTopics() 0x080020d5   Thumb Code   184  mainpp.o(t._ZN3ros11NodeHandle_I13STM32HardwareLi25ELi25ELi512ELi512EE15negotiateTopicsEv)
    ros::NodeHandle_<STM32Hardware, (int)25, (int)25, (int)512, (int)512>::requestSyncTime() 0x08002191   Thumb Code    34  mainpp.o(t._ZN3ros11NodeHandle_I13STM32HardwareLi25ELi25ELi512ELi512EE15requestSyncTimeEv)
    ros::NodeHandle_<STM32Hardware, (int)25, (int)25, (int)512, (int)512>::publish(int, const ros::Msg*) 0x080021b5   Thumb Code   250  mainpp.o(t._ZN3ros11NodeHandle_I13STM32HardwareLi25ELi25ELi512ELi512EE7publishEiPKNS_3MsgE)
    ros::NodeHandle_<STM32Hardware, (int)25, (int)25, (int)512, (int)512>::spinOnce() 0x080022b9   Thumb Code   640  mainpp.o(t._ZN3ros11NodeHandle_I13STM32HardwareLi25ELi25ELi512ELi512EE8spinOnceEv)
    ros::NodeHandle_<STM32Hardware, (int)25, (int)25, (int)512, (int)512>::NodeHandle_() 0x08002545   Thumb Code   124  mainpp.o(t._ZN3ros11NodeHandle_I13STM32HardwareLi25ELi25ELi512ELi512EEC1Ev)
    ros::NodeHandle_<STM32Hardware, (int)25, (int)25, (int)512, (int)512>::NodeHandle___sub_object() 0x08002545   Thumb Code     0  mainpp.o(t._ZN3ros11NodeHandle_I13STM32HardwareLi25ELi25ELi512ELi512EEC1Ev)
    AHBPrescTable                            0x080025ec   Data          16  system_stm32f1xx.o(.constdata)
    APBPrescTable                            0x080025fc   Data           8  system_stm32f1xx.o(.constdata)
    vtable for rosserial_msgs::RequestParamResponse 0x08002604   Data          24  mainpp.o(.constdata__ZTVN14rosserial_msgs20RequestParamResponseE)
    vtable for rosserial_msgs::Log           0x0800261c   Data          24  mainpp.o(.constdata__ZTVN14rosserial_msgs3LogE)
    vtable for rosserial_msgs::TopicInfo     0x08002634   Data          24  mainpp.o(.constdata__ZTVN14rosserial_msgs9TopicInfoE)
    vtable for ros::Subscriber<std_msgs::String> 0x0800264c   Data          24  mainpp.o(.constdata__ZTVN3ros10SubscriberIN8std_msgs6StringEEE)
    vtable for ros::NodeHandle_<STM32Hardware, (int)25, (int)25, (int)512, (int)512> 0x08002664   Data          20  mainpp.o(.constdata__ZTVN3ros11NodeHandle_I13STM32HardwareLi25ELi25ELi512ELi512EEE)
    vtable for std_msgs::Time                0x08002678   Data          24  mainpp.o(.constdata__ZTVN8std_msgs4TimeE)
    vtable for std_msgs::String              0x08002690   Data          24  mainpp.o(.constdata__ZTVN8std_msgs6StringE)
    rosserial_msgs::RequestParamResponse::getMD5()::string 0x080026a8   Data          33  mainpp.o(.constdata__ZZN14rosserial_msgs20RequestParamResponse6getMD5EvEs)
    rosserial_msgs::Log::getMD5()::string    0x080026c9   Data          33  mainpp.o(.constdata__ZZN14rosserial_msgs3Log6getMD5EvEs)
    rosserial_msgs::Log::getType()::string   0x080026ea   Data          19  mainpp.o(.constdata__ZZN14rosserial_msgs3Log7getTypeEvEs)
    rosserial_msgs::TopicInfo::getMD5()::string 0x080026fd   Data          33  mainpp.o(.constdata__ZZN14rosserial_msgs9TopicInfo6getMD5EvEs)
    rosserial_msgs::TopicInfo::getType()::string 0x0800271e   Data          25  mainpp.o(.constdata__ZZN14rosserial_msgs9TopicInfo7getTypeEvEs)
    ros::NodeHandle_<STM32Hardware, (int)25, (int)25, (int)512, (int)512>::publish(int, const ros::Msg*)::string 0x08002737   Data          57  mainpp.o(.constdata__ZZN3ros11NodeHandle_I13STM32HardwareLi25ELi25ELi512ELi512EE7publishEiPKNS_3MsgEEs)
    std_msgs::Time::getMD5()::string         0x08002770   Data          33  mainpp.o(.constdata__ZZN8std_msgs4Time6getMD5EvEs)
    std_msgs::Time::getType()::string        0x08002791   Data          14  mainpp.o(.constdata__ZZN8std_msgs4Time7getTypeEvEs)
    std_msgs::String::getMD5()::string       0x0800279f   Data          33  mainpp.o(.constdata__ZZN8std_msgs6String6getMD5EvEs)
    std_msgs::String::getType()::string      0x080027c0   Data          16  mainpp.o(.constdata__ZZN8std_msgs6String7getTypeEvEs)
    Region$$Table$$Base                      0x080027d0   Number         0  anon$$obj.o(Region$$Table)
    Region$$Table$$Limit                     0x080027f0   Number         0  anon$$obj.o(Region$$Table)
    SHT$$INIT_ARRAY$$Base                    0x080027f0   Number         0  mainpp.o(.init_array)
    SHT$$INIT_ARRAY$$Limit                   0x080027f4   Number         0  cpp_init.o(.init_array)
    stm32_to_pc_word                         0x20000000   Data           8  mainpp.o(.data)
    uwTickFreq                               0x20000008   Data           1  stm32f1xx_hal.o(.data)
    uwTickPrio                               0x2000000c   Data           4  stm32f1xx_hal.o(.data)
    uwTick                                   0x20000010   Data           4  stm32f1xx_hal.o(.data)
    SystemCoreClock                          0x20000014   Data           4  system_stm32f1xx.o(.data)
    __microlib_freelist                      0x20000018   Data           4  mvars.o(.data)
    __microlib_freelist_initialised          0x2000001c   Data           4  mvars.o(.data)
    STM32Hardware::flush()::mutex            0x20000020   Data           1  mainpp.o(.data__ZZN13STM32Hardware5flushEvE5mutex)
    nh                                       0x20000024   Data        1724  mainpp.o(.bss)
    cmd_sub                                  0x200006e0   Data          28  mainpp.o(.bss)
    stm32_to_pc                              0x200006fc   Data          20  mainpp.o(.bss)
    htim2                                    0x20000710   Data          72  tim.o(.bss)
    huart1                                   0x20000758   Data          64  usart.o(.bss)
    hdma_usart1_rx                           0x20000798   Data          68  usart.o(.bss)
    hdma_usart1_tx                           0x200007dc   Data          68  usart.o(.bss)
    __heap_base                              0x20000820   Data           0  startup_stm32f103xe.o(HEAP)
    __heap_limit                             0x20000a20   Data           0  startup_stm32f103xe.o(HEAP)
    __initial_sp                             0x20000e20   Data           0  startup_stm32f103xe.o(STACK)



==============================================================================

Memory Map of the image

  Image Entry point : 0x08000131

  Load Region LR_IROM1 (Base: 0x08000000, Size: 0x00002818, Max: 0x00080000, ABSOLUTE)

    Execution Region ER_IROM1 (Base: 0x08000000, Size: 0x000027f4, Max: 0x00080000, ABSOLUTE)

    Base Addr    Size         Type   Attr      Idx    E Section Name        Object

    0x08000000   0x00000130   Data   RO            3    RESET               startup_stm32f103xe.o
    0x08000130   0x00000000   Code   RO         3683  * .ARM.Collect$$$$00000000  mc_w.l(entry.o)
    0x08000130   0x00000004   Code   RO         3732    .ARM.Collect$$$$00000001  mc_w.l(entry2.o)
    0x08000134   0x00000004   Code   RO         3735    .ARM.Collect$$$$00000004  mc_w.l(entry5.o)
    0x08000138   0x00000000   Code   RO         3737    .ARM.Collect$$$$00000008  mc_w.l(entry7b.o)
    0x08000138   0x00000004   Code   RO         3738    .ARM.Collect$$$$00000009  mc_w.l(entry8a.o)
    0x0800013c   0x00000000   Code   RO         3739    .ARM.Collect$$$$0000000A  mc_w.l(entry8b.o)
    0x0800013c   0x00000008   Code   RO         3740    .ARM.Collect$$$$0000000B  mc_w.l(entry9a.o)
    0x08000144   0x00000000   Code   RO         3742    .ARM.Collect$$$$0000000D  mc_w.l(entry10a.o)
    0x08000144   0x00000000   Code   RO         3744    .ARM.Collect$$$$0000000F  mc_w.l(entry11a.o)
    0x08000144   0x00000004   Code   RO         3733    .ARM.Collect$$$$00002712  mc_w.l(entry2.o)
    0x08000148   0x00000024   Code   RO            4    .text               startup_stm32f103xe.o
    0x0800016c   0x00000024   Code   RO         3688    .text               mc_w.l(memcpya.o)
    0x08000190   0x00000024   Code   RO         3690    .text               mc_w.l(memseta.o)
    0x080001b4   0x0000000e   Code   RO         3692    .text               mc_w.l(strlen.o)
    0x080001c2   0x00000002   PAD
    0x080001c4   0x00000020   Code   RO         3717    .text               mc_w.l(cpp_init.o)
    0x080001e4   0x00000024   Code   RO         3761    .text               mc_w.l(init.o)
    0x08000208   0x00000002   Code   RO          757    i.BusFault_Handler  stm32f1xx_it.o
    0x0800020a   0x00000002   PAD
    0x0800020c   0x0000000c   Code   RO          758    i.DMA1_Channel4_IRQHandler  stm32f1xx_it.o
    0x08000218   0x0000000c   Code   RO          759    i.DMA1_Channel5_IRQHandler  stm32f1xx_it.o
    0x08000224   0x00000002   Code   RO          760    i.DebugMon_Handler  stm32f1xx_it.o
    0x08000226   0x00000002   Code   RO          558    i.Error_Handler     main.o
    0x08000228   0x00000130   Code   RO         2488    i.HAL_DMA_Abort_IT  stm32f1xx_hal_dma.o
    0x08000358   0x00000248   Code   RO         2492    i.HAL_DMA_IRQHandler  stm32f1xx_hal_dma.o
    0x080005a0   0x0000007c   Code   RO         2493    i.HAL_DMA_Init      stm32f1xx_hal_dma.o
    0x0800061c   0x00000070   Code   RO         2496    i.HAL_DMA_Start_IT  stm32f1xx_hal_dma.o
    0x0800068c   0x00000024   Code   RO         2066    i.HAL_Delay         stm32f1xx_hal.o
    0x080006b0   0x000001f8   Code   RO         2416    i.HAL_GPIO_Init     stm32f1xx_hal_gpio.o
    0x080008a8   0x0000000c   Code   RO         2070    i.HAL_GetTick       stm32f1xx_hal.o
    0x080008b4   0x00000010   Code   RO         2076    i.HAL_IncTick       stm32f1xx_hal.o
    0x080008c4   0x00000024   Code   RO         2077    i.HAL_Init          stm32f1xx_hal.o
    0x080008e8   0x00000040   Code   RO         2078    i.HAL_InitTick      stm32f1xx_hal.o
    0x08000928   0x0000003c   Code   RO          863    i.HAL_MspInit       stm32f1xx_hal_msp.o
    0x08000964   0x0000001a   Code   RO         2597    i.HAL_NVIC_EnableIRQ  stm32f1xx_hal_cortex.o
    0x0800097e   0x00000002   PAD
    0x08000980   0x00000040   Code   RO         2603    i.HAL_NVIC_SetPriority  stm32f1xx_hal_cortex.o
    0x080009c0   0x00000024   Code   RO         2604    i.HAL_NVIC_SetPriorityGrouping  stm32f1xx_hal_cortex.o
    0x080009e4   0x0000012c   Code   RO         2259    i.HAL_RCC_ClockConfig  stm32f1xx_hal_rcc.o
    0x08000b10   0x00000020   Code   RO         2266    i.HAL_RCC_GetPCLK1Freq  stm32f1xx_hal_rcc.o
    0x08000b30   0x00000020   Code   RO         2267    i.HAL_RCC_GetPCLK2Freq  stm32f1xx_hal_rcc.o
    0x08000b50   0x0000006c   Code   RO         2268    i.HAL_RCC_GetSysClockFreq  stm32f1xx_hal_rcc.o
    0x08000bbc   0x00000320   Code   RO         2271    i.HAL_RCC_OscConfig  stm32f1xx_hal_rcc.o
    0x08000edc   0x00000028   Code   RO         2608    i.HAL_SYSTICK_Config  stm32f1xx_hal_cortex.o
    0x08000f04   0x0000007c   Code   RO         1769    i.HAL_TIMEx_MasterConfigSynchronization  stm32f1xx_hal_tim_ex.o
    0x08000f80   0x0000005a   Code   RO          929    i.HAL_TIM_Base_Init  stm32f1xx_hal_tim.o
    0x08000fda   0x00000002   PAD
    0x08000fdc   0x00000024   Code   RO          668    i.HAL_TIM_Base_MspInit  tim.o
    0x08001000   0x00000064   Code   RO          932    i.HAL_TIM_Base_Start  stm32f1xx_hal_tim.o
    0x08001064   0x000000d6   Code   RO          938    i.HAL_TIM_ConfigClockSource  stm32f1xx_hal_tim.o
    0x0800113a   0x00000002   Code   RO         3187    i.HAL_UART_ErrorCallback  stm32f1xx_hal_uart.o
    0x0800113c   0x0000015c   Code   RO         3190    i.HAL_UART_IRQHandler  stm32f1xx_hal_uart.o
    0x08001298   0x00000062   Code   RO         3191    i.HAL_UART_Init     stm32f1xx_hal_uart.o
    0x080012fa   0x00000002   PAD
    0x080012fc   0x000000e8   Code   RO          713    i.HAL_UART_MspInit  usart.o
    0x080013e4   0x00000098   Code   RO         3195    i.HAL_UART_Receive_DMA  stm32f1xx_hal_uart.o
    0x0800147c   0x0000000c   Code   RO           58    i.HAL_UART_RxCpltCallback  mainpp.o
    0x08001488   0x00000002   Code   RO         3198    i.HAL_UART_RxHalfCpltCallback  stm32f1xx_hal_uart.o
    0x0800148a   0x00000002   PAD
    0x0800148c   0x00000080   Code   RO         3200    i.HAL_UART_Transmit_DMA  stm32f1xx_hal_uart.o
    0x0800150c   0x0000000c   Code   RO           59    i.HAL_UART_TxCpltCallback  mainpp.o
    0x08001518   0x00000002   Code   RO         3203    i.HAL_UART_TxHalfCpltCallback  stm32f1xx_hal_uart.o
    0x0800151a   0x00000002   Code   RO          761    i.HardFault_Handler  stm32f1xx_it.o
    0x0800151c   0x0000003c   Code   RO          642    i.MX_DMA_Init       dma.o
    0x08001558   0x0000001c   Code   RO          617    i.MX_GPIO_Init      gpio.o
    0x08001574   0x00000068   Code   RO          669    i.MX_TIM2_Init      tim.o
    0x080015dc   0x00000038   Code   RO          714    i.MX_USART1_UART_Init  usart.o
    0x08001614   0x00000002   Code   RO          762    i.MemManage_Handler  stm32f1xx_it.o
    0x08001616   0x00000002   Code   RO          763    i.NMI_Handler       stm32f1xx_it.o
    0x08001618   0x00000002   Code   RO          764    i.PendSV_Handler    stm32f1xx_it.o
    0x0800161a   0x00000002   Code   RO          765    i.SVC_Handler       stm32f1xx_it.o
    0x0800161c   0x00000004   Code   RO          766    i.SysTick_Handler   stm32f1xx_it.o
    0x08001620   0x00000002   Code   RO         3541    i.SystemInit        system_stm32f1xx.o
    0x08001622   0x00000002   PAD
    0x08001624   0x0000008c   Code   RO         1022    i.TIM_Base_SetConfig  stm32f1xx_hal_tim.o
    0x080016b0   0x00000014   Code   RO         1028    i.TIM_ETR_SetConfig  stm32f1xx_hal_tim.o
    0x080016c4   0x0000000c   Code   RO          767    i.USART1_IRQHandler  stm32f1xx_it.o
    0x080016d0   0x00000002   Code   RO          768    i.UsageFault_Handler  stm32f1xx_it.o
    0x080016d2   0x0000002a   Code   RO         2498    i._Z13DMA_SetConfigP19__DMA_HandleTypeDefjjj  stm32f1xx_hal_dma.o
    0x080016fc   0x0000004a   Code   RO         3204    i._Z13UART_DMAErrorP19__DMA_HandleTypeDef  stm32f1xx_hal_uart.o
    0x08001746   0x00000002   PAD
    0x08001748   0x000000b8   Code   RO         3205    i._Z14UART_SetConfigP20__UART_HandleTypeDef  stm32f1xx_hal_uart.o
    0x08001800   0x0000008c   Code   RO         3206    i._Z15UART_Receive_ITP20__UART_HandleTypeDef  stm32f1xx_hal_uart.o
    0x0800188c   0x0000001c   Code   RO           60    i._Z16command_callbackRKN8std_msgs6StringE  mainpp.o
    0x080018a8   0x0000004c   Code   RO          559    i._Z18SystemClock_Configv  main.o
    0x080018f4   0x00000010   Code   RO         1036    i._Z18TIM_ITRx_SetConfigP11TIM_TypeDefj  stm32f1xx_hal_tim.o
    0x08001904   0x0000000a   Code   RO         3207    i._Z18UART_DMARxHalfCpltP19__DMA_HandleTypeDef  stm32f1xx_hal_uart.o
    0x0800190e   0x0000000a   Code   RO         3208    i._Z18UART_DMATxHalfCpltP19__DMA_HandleTypeDef  stm32f1xx_hal_uart.o
    0x08001918   0x0000001c   Code   RO         3209    i._Z18UART_EndRxTransferP20__UART_HandleTypeDef  stm32f1xx_hal_uart.o
    0x08001934   0x00000012   Code   RO         3210    i._Z18UART_EndTxTransferP20__UART_HandleTypeDef  stm32f1xx_hal_uart.o
    0x08001946   0x00000020   Code   RO         2610    i._Z18__NVIC_SetPriority9IRQn_Typej  stm32f1xx_hal_cortex.o
    0x08001966   0x0000003c   Code   RO         3211    i._Z19UART_DMAReceiveCpltP19__DMA_HandleTypeDef  stm32f1xx_hal_uart.o
    0x080019a2   0x00000010   Code   RO         3212    i._Z20UART_DMAAbortOnErrorP19__DMA_HandleTypeDef  stm32f1xx_hal_uart.o
    0x080019b2   0x0000002e   Code   RO         3213    i._Z20UART_DMATransmitCpltP19__DMA_HandleTypeDef  stm32f1xx_hal_uart.o
    0x080019e0   0x00000022   Code   RO         1041    i._Z24TIM_TI1_ConfigInputStageP11TIM_TypeDefjj  stm32f1xx_hal_tim.o
    0x08001a02   0x00000024   Code   RO         1042    i._Z24TIM_TI2_ConfigInputStageP11TIM_TypeDefjj  stm32f1xx_hal_tim.o
    0x08001a26   0x0000000e   Code   RO          156    i._ZN13STM32Hardware10reset_rbufEv  mainpp.o
    0x08001a34   0x00000054   Code   RO          125    i._ZN13STM32Hardware5flushEv  mainpp.o
    0x08001a88   0x000000ec   Code   RO          131    i._ZN14rosserial_msgs20RequestParamResponse11deserializeEPh  mainpp.o
    0x08001b74   0x00000008   Code   RO          325    i._ZN14rosserial_msgs20RequestParamResponse6getMD5Ev  mainpp.o
    0x08001b7c   0x00000008   Code   RO          319    i._ZN14rosserial_msgs20RequestParamResponse7getTypeEv  mainpp.o
    0x08001b84   0x00000008   Code   RO          353    i._ZN14rosserial_msgs3Log6getMD5Ev  mainpp.o
    0x08001b8c   0x00000008   Code   RO          347    i._ZN14rosserial_msgs3Log7getTypeEv  mainpp.o
    0x08001b94   0x00000008   Code   RO          307    i._ZN14rosserial_msgs9TopicInfo6getMD5Ev  mainpp.o
    0x08001b9c   0x00000008   Code   RO          301    i._ZN14rosserial_msgs9TopicInfo7getTypeEv  mainpp.o
    0x08001ba4   0x00000020   Code   RO           10    i._ZN3ros16normalizeSecNSecERmS0_  time.o
    0x08001bc4   0x0000003e   Code   RO          137    i._ZN8std_msgs4Time11deserializeEPh  mainpp.o
    0x08001c02   0x00000002   PAD
    0x08001c04   0x00000008   Code   RO          277    i._ZN8std_msgs4Time6getMD5Ev  mainpp.o
    0x08001c0c   0x00000008   Code   RO          271    i._ZN8std_msgs4Time7getTypeEv  mainpp.o
    0x08001c14   0x00000010   Code   RO          162    i._ZN8std_msgs4TimeC1Ev  mainpp.o
    0x08001c24   0x0000002c   Code   RO          150    i._ZN8std_msgs6String11deserializeEPh  mainpp.o
    0x08001c50   0x00000008   Code   RO          247    i._ZN8std_msgs6String6getMD5Ev  mainpp.o
    0x08001c58   0x00000008   Code   RO          235    i._ZN8std_msgs6String7getTypeEv  mainpp.o
    0x08001c60   0x000000bc   Code   RO          313    i._ZNK14rosserial_msgs20RequestParamResponse9serializeEPh  mainpp.o
    0x08001d1c   0x00000024   Code   RO          335    i._ZNK14rosserial_msgs3Log9serializeEPh  mainpp.o
    0x08001d40   0x00000076   Code   RO          289    i._ZNK14rosserial_msgs9TopicInfo9serializeEPh  mainpp.o
    0x08001db6   0x00000032   Code   RO          265    i._ZNK8std_msgs4Time9serializeEPh  mainpp.o
    0x08001de8   0x0000001e   Code   RO          283    i._ZNK8std_msgs6String9serializeEPh  mainpp.o
    0x08001e06   0x00000002   PAD
    0x08001e08   0x0000005c   Code   RO         3696    i.__free$realloc    mc_w.l(mallocr.o)
    0x08001e64   0x00000050   Code   RO         3697    i.__malloc$realloc  mc_w.l(mallocr.o)
    0x08001eb4   0x0000000e   Code   RO         3783    i.__scatterload_copy  mc_w.l(handlers.o)
    0x08001ec2   0x00000002   Code   RO         3784    i.__scatterload_null  mc_w.l(handlers.o)
    0x08001ec4   0x0000000e   Code   RO         3785    i.__scatterload_zeroinit  mc_w.l(handlers.o)
    0x08001ed2   0x00000002   PAD
    0x08001ed4   0x00000064   Code   RO           61    i.__sti___10_mainpp_cpp_nh  mainpp.o
    0x08001f38   0x00000050   Code   RO         3698    i.internal_alloc    mc_w.l(mallocr.o)
    0x08001f88   0x00000018   Code   RO           62    i.loop              mainpp.o
    0x08001fa0   0x00000022   Code   RO          560    i.main              main.o
    0x08001fc2   0x00000002   PAD
    0x08001fc4   0x0000006c   Code   RO         3699    i.realloc           mc_w.l(mallocr.o)
    0x08002030   0x00000078   Code   RO           63    i.setup             mainpp.o
    0x080020a8   0x00000008   Code   RO          241    t._ZN3ros10SubscriberIN8std_msgs6StringEE10getMsgTypeEv  mainpp.o
    0x080020b0   0x00000004   Code   RO          259    t._ZN3ros10SubscriberIN8std_msgs6StringEE15getEndpointTypeEv  mainpp.o
    0x080020b4   0x00000016   Code   RO          229    t._ZN3ros10SubscriberIN8std_msgs6StringEE8callbackEPh  mainpp.o
    0x080020ca   0x00000002   PAD
    0x080020cc   0x00000008   Code   RO          253    t._ZN3ros10SubscriberIN8std_msgs6StringEE9getMsgMD5Ev  mainpp.o
    0x080020d4   0x000000bc   Code   RO          172    t._ZN3ros11NodeHandle_I13STM32HardwareLi25ELi25ELi512ELi512EE15negotiateTopicsEv  mainpp.o
    0x08002190   0x00000022   Code   RO          165    t._ZN3ros11NodeHandle_I13STM32HardwareLi25ELi25ELi512ELi512EE15requestSyncTimeEv  mainpp.o
    0x080021b2   0x00000002   PAD
    0x080021b4   0x00000104   Code   RO          222    t._ZN3ros11NodeHandle_I13STM32HardwareLi25ELi25ELi512ELi512EE7publishEiPKNS_3MsgE  mainpp.o
    0x080022b8   0x0000028c   Code   RO          143    t._ZN3ros11NodeHandle_I13STM32HardwareLi25ELi25ELi512ELi512EE8spinOnceEv  mainpp.o
    0x08002544   0x0000008c   Code   RO          179    t._ZN3ros11NodeHandle_I13STM32HardwareLi25ELi25ELi512ELi512EEC1Ev  mainpp.o
    0x080025d0   0x0000001c   Data   RO           71    .constdata          mainpp.o
    0x080025ec   0x00000010   Data   RO         3544    .constdata          system_stm32f1xx.o
    0x080025fc   0x00000008   Data   RO         3545    .constdata          system_stm32f1xx.o
    0x08002604   0x00000018   Data   RO          190    .constdata__ZTVN14rosserial_msgs20RequestParamResponseE  mainpp.o
    0x0800261c   0x00000018   Data   RO          332    .constdata__ZTVN14rosserial_msgs3LogE  mainpp.o
    0x08002634   0x00000018   Data   RO          188    .constdata__ZTVN14rosserial_msgs9TopicInfoE  mainpp.o
    0x0800264c   0x00000018   Data   RO          196    .constdata__ZTVN3ros10SubscriberIN8std_msgs6StringEEE  mainpp.o
    0x08002664   0x00000014   Data   RO          194    .constdata__ZTVN3ros11NodeHandle_I13STM32HardwareLi25ELi25ELi512ELi512EEE  mainpp.o
    0x08002678   0x00000018   Data   RO          186    .constdata__ZTVN8std_msgs4TimeE  mainpp.o
    0x08002690   0x00000018   Data   RO          192    .constdata__ZTVN8std_msgs6StringE  mainpp.o
    0x080026a8   0x00000021   Data   RO          121    .constdata__ZZN14rosserial_msgs20RequestParamResponse6getMD5EvEs  mainpp.o
    0x080026c9   0x00000021   Data   RO          120    .constdata__ZZN14rosserial_msgs3Log6getMD5EvEs  mainpp.o
    0x080026ea   0x00000013   Data   RO          119    .constdata__ZZN14rosserial_msgs3Log7getTypeEvEs  mainpp.o
    0x080026fd   0x00000021   Data   RO          118    .constdata__ZZN14rosserial_msgs9TopicInfo6getMD5EvEs  mainpp.o
    0x0800271e   0x00000019   Data   RO          117    .constdata__ZZN14rosserial_msgs9TopicInfo7getTypeEvEs  mainpp.o
    0x08002737   0x00000039   Data   RO          124    .constdata__ZZN3ros11NodeHandle_I13STM32HardwareLi25ELi25ELi512ELi512EE7publishEiPKNS_3MsgEEs  mainpp.o
    0x08002770   0x00000021   Data   RO          116    .constdata__ZZN8std_msgs4Time6getMD5EvEs  mainpp.o
    0x08002791   0x0000000e   Data   RO          115    .constdata__ZZN8std_msgs4Time7getTypeEvEs  mainpp.o
    0x0800279f   0x00000021   Data   RO          123    .constdata__ZZN8std_msgs6String6getMD5EvEs  mainpp.o
    0x080027c0   0x00000010   Data   RO          122    .constdata__ZZN8std_msgs6String7getTypeEvEs  mainpp.o
    0x080027d0   0x00000020   Data   RO         3781    Region$$Table       anon$$obj.o
    0x080027f0   0x00000004   Data   RO           73    .init_array         mainpp.o
    0x080027f4   0x00000000   Data   RO         3715    .init_array         mc_w.l(cpp_init.o)


    Execution Region RW_IRAM1 (Base: 0x20000000, Size: 0x00000e20, Max: 0x00010000, ABSOLUTE)

    Base Addr    Size         Type   Attr      Idx    E Section Name        Object

    0x20000000   0x00000008   Data   RW           72    .data               mainpp.o
    0x20000008   0x0000000c   Data   RW         2109    .data               stm32f1xx_hal.o
    0x20000014   0x00000004   Data   RW         3546    .data               system_stm32f1xx.o
    0x20000018   0x00000004   Data   RW         3746    .data               mc_w.l(mvars.o)
    0x2000001c   0x00000004   Data   RW         3747    .data               mc_w.l(mvars.o)
    0x20000020   0x00000001   Data   RW          197    .data__ZZN13STM32Hardware5flushEvE5mutex  mainpp.o
    0x20000021   0x00000003   PAD
    0x20000024   0x000006ec   Zero   RW           70    .bss                mainpp.o
    0x20000710   0x00000048   Zero   RW          673    .bss                tim.o
    0x20000758   0x000000c8   Zero   RW          718    .bss                usart.o
    0x20000820   0x00000200   Zero   RW            2    HEAP                startup_stm32f103xe.o
    0x20000a20   0x00000400   Zero   RW            1    STACK               startup_stm32f103xe.o


==============================================================================

Image component sizes


      Code (inc. data)   RO Data    RW Data    ZI Data      Debug   Object Name

        60          4          0          0          0        786   dma.o
        28          6          0          0          0        767   gpio.o
       112          0          0          0          0       1904   main.o
      2570        176        492          9       1772     519767   mainpp.o
        36          8        304          0       1536        800   startup_stm32f103xe.o
       164         28          0         12          0       6457   stm32f1xx_hal.o
       198         14          0          0          0      28579   stm32f1xx_hal_cortex.o
      1166         52          0          0          0       4022   stm32f1xx_hal_dma.o
       504         42          0          0          0       2036   stm32f1xx_hal_gpio.o
        60          8          0          0          0        890   stm32f1xx_hal_msp.o
      1272         98          0          0          0       4956   stm32f1xx_hal_rcc.o
       650         42          0          0          0       6200   stm32f1xx_hal_tim.o
       124         20          0          0          0       1292   stm32f1xx_hal_tim_ex.o
      1318         38          0          0          0      10938   stm32f1xx_hal_uart.o
        56         18          0          0          0       5192   stm32f1xx_it.o
         2          0         24          4          0       1139   system_stm32f1xx.o
       140         12          0          0         72       1610   tim.o
        32          4          0          0          0       3967   time.o
       288         30          0          0        200       1856   usart.o

    ----------------------------------------------------------------------
      8804        600        852         28       3580     603158   Object Totals
         0          0         32          0          0          0   (incl. Generated)
        24          0          0          3          0          0   (incl. Padding)

    ----------------------------------------------------------------------

      Code (inc. data)   RO Data    RW Data    ZI Data      Debug   Library Member Name

        32         10          0          0          0         80   cpp_init.o
         0          0          0          0          0          0   entry.o
         0          0          0          0          0          0   entry10a.o
         0          0          0          0          0          0   entry11a.o
         8          4          0          0          0          0   entry2.o
         4          0          0          0          0          0   entry5.o
         0          0          0          0          0          0   entry7b.o
         4          0          0          0          0          0   entry8a.o
         0          0          0          0          0          0   entry8b.o
         8          4          0          0          0          0   entry9a.o
        30          0          0          0          0          0   handlers.o
        36          8          0          0          0         68   init.o
       360         30          0          0          0        356   mallocr.o
        36          0          0          0          0         68   memcpya.o
        36          0          0          0          0        108   memseta.o
         0          0          0          8          0          0   mvars.o
        14          0          0          0          0         68   strlen.o

    ----------------------------------------------------------------------
       572         56          0          8          0        748   Library Totals
         4          0          0          0          0          0   (incl. Padding)

    ----------------------------------------------------------------------

      Code (inc. data)   RO Data    RW Data    ZI Data      Debug   Library Name

       568         56          0          8          0        748   mc_w.l

    ----------------------------------------------------------------------
       572         56          0          8          0        748   Library Totals

    ----------------------------------------------------------------------

==============================================================================


      Code (inc. data)   RO Data    RW Data    ZI Data      Debug   

      9376        656        852         36       3580     598390   Grand Totals
      9376        656        852         36       3580     598390   ELF Image Totals
      9376        656        852         36          0          0   ROM Totals

==============================================================================

    Total RO  Size (Code + RO Data)                10228 (   9.99kB)
    Total RW  Size (RW Data + ZI Data)              3616 (   3.53kB)
    Total ROM Size (Code + RO Data + RW Data)      10264 (  10.02kB)

==============================================================================

